10:43:04 **** Incremental Build of configuration Debug for project 1DOF_Bench ****
make -j4 all 
arm-none-eabi-gcc "../Core/Src/main.c" -mcpu=cortex-m4 -std=gnu11 -g3 -DDEBUG -DUSE_HAL_DRIVER -DSTM32L476xx -c -I../Core/Inc -I../Drivers/STM32L4xx_HAL_Driver/Inc -I../Drivers/STM32L4xx_HAL_Driver/Inc/Legacy -I../Drivers/CMSIS/Device/ST/STM32L4xx/Include -I../Drivers/CMSIS/Include -O0 -ffunction-sections -fdata-sections -Wall -fstack-usage -MMD -MP -MF"Core/Src/main.d" -MT"Core/Src/main.o" --specs=nano.specs -mfpu=fpv4-sp-d16 -mfloat-abi=hard -mthumb -o "Core/Src/main.o"
arm-none-eabi-g++ -o "1DOF_Bench.elf" @"objects.list"   -mcpu=cortex-m4 -T"C:\Users\AXEL NDO\Documents\master 1 SRD\test\Stage_1DOF_DroneBench\05_CubeIDE\1DOF_Bench\STM32L476RGTX_FLASH.ld" --specs=nosys.specs -Wl,-Map="1DOF_Bench.map" -Wl,--gc-sections -static --specs=nano.specs -mfpu=fpv4-sp-d16 -mfloat-abi=hard -mthumb -u _printf_float -u _scanf_float -Wl,--start-group -lc -lm -lstdc++ -lsupc++ -Wl,--end-group
Finished building target: 1DOF_Bench.elf
 
arm-none-eabi-size   1DOF_Bench.elf 
arm-none-eabi-objdump -h -S  1DOF_Bench.elf  > "1DOF_Bench.list"
arm-none-eabi-objcopy  -O binary  1DOF_Bench.elf  "1DOF_Bench.bin"
   text	   data	    bss	    dec	    hex	filename
  50360	    496	   1984	  52840	   ce68	1DOF_Bench.elf
Finished building: default.size.stdout
 
Finished building: 1DOF_Bench.bin
 
Finished building: 1DOF_Bench.list
 
10:43:10 **** Incremental Build of configuration Debug for project 1DOF_Bench ****
make -j4 all 
arm-none-eabi-size   1DOF_Bench.elf 
   text	   data	    bss	    dec	    hex	filename
  50360	    496	   1984	  52840	   ce68	1DOF_Bench.elf
Finished building: default.size.stdout
 
10:44:06 **** Incremental Build of configuration Debug for project 1DOF_Bench ****
make -j4 all 
arm-none-eabi-gcc "../Core/Src/main.c" -mcpu=cortex-m4 -std=gnu11 -g3 -DDEBUG -DUSE_HAL_DRIVER -DSTM32L476xx -c -I../Core/Inc -I../Drivers/STM32L4xx_HAL_Driver/Inc -I../Drivers/STM32L4xx_HAL_Driver/Inc/Legacy -I../Drivers/CMSIS/Device/ST/STM32L4xx/Include -I../Drivers/CMSIS/Include -O0 -ffunction-sections -fdata-sections -Wall -fstack-usage -MMD -MP -MF"Core/Src/main.d" -MT"Core/Src/main.o" --specs=nano.specs -mfpu=fpv4-sp-d16 -mfloat-abi=hard -mthumb -o "Core/Src/main.o"
../Core/Src/main.c: In function 'main':
../Core/Src/main.c:249:5: warning: this 'if' clause does not guard... [-Wmisleading-indentation]
  249 |     if (HAL_UART_Receive(&huart2, (uint8_t*) r_buffer, 2, 1)
      |     ^~
../Core/Src/main.c:254:6: note: ...this statement, but the latter is misleadingly indented as if it were guarded by the 'if'
  254 |      val = load_adc(hadc1, 5);
      |      ^~~
arm-none-eabi-g++ -o "1DOF_Bench.elf" @"objects.list"   -mcpu=cortex-m4 -T"C:\Users\AXEL NDO\Documents\master 1 SRD\test\Stage_1DOF_DroneBench\05_CubeIDE\1DOF_Bench\STM32L476RGTX_FLASH.ld" --specs=nosys.specs -Wl,-Map="1DOF_Bench.map" -Wl,--gc-sections -static --specs=nano.specs -mfpu=fpv4-sp-d16 -mfloat-abi=hard -mthumb -u _printf_float -u _scanf_float -Wl,--start-group -lc -lm -lstdc++ -lsupc++ -Wl,--end-group
Finished building target: 1DOF_Bench.elf
 
arm-none-eabi-size   1DOF_Bench.elf 
arm-none-eabi-objdump -h -S  1DOF_Bench.elf  > "1DOF_Bench.list"
arm-none-eabi-objcopy  -O binary  1DOF_Bench.elf  "1DOF_Bench.bin"
   text	   data	    bss	    dec	    hex	filename
  50360	    496	   1984	  52840	   ce68	1DOF_Bench.elf
Finished building: default.size.stdout
 
Finished building: 1DOF_Bench.bin
 
Finished building: 1DOF_Bench.list
 
10:44:45 **** Incremental Build of configuration Debug for project 1DOF_Bench ****
make -j4 all 
arm-none-eabi-gcc "../Core/Src/main.c" -mcpu=cortex-m4 -std=gnu11 -g3 -DDEBUG -DUSE_HAL_DRIVER -DSTM32L476xx -c -I../Core/Inc -I../Drivers/STM32L4xx_HAL_Driver/Inc -I../Drivers/STM32L4xx_HAL_Driver/Inc/Legacy -I../Drivers/CMSIS/Device/ST/STM32L4xx/Include -I../Drivers/CMSIS/Include -O0 -ffunction-sections -fdata-sections -Wall -fstack-usage -MMD -MP -MF"Core/Src/main.d" -MT"Core/Src/main.o" --specs=nano.specs -mfpu=fpv4-sp-d16 -mfloat-abi=hard -mthumb -o "Core/Src/main.o"
arm-none-eabi-g++ -o "1DOF_Bench.elf" @"objects.list"   -mcpu=cortex-m4 -T"C:\Users\AXEL NDO\Documents\master 1 SRD\test\Stage_1DOF_DroneBench\05_CubeIDE\1DOF_Bench\STM32L476RGTX_FLASH.ld" --specs=nosys.specs -Wl,-Map="1DOF_Bench.map" -Wl,--gc-sections -static --specs=nano.specs -mfpu=fpv4-sp-d16 -mfloat-abi=hard -mthumb -u _printf_float -u _scanf_float -Wl,--start-group -lc -lm -lstdc++ -lsupc++ -Wl,--end-group
Finished building target: 1DOF_Bench.elf
 
arm-none-eabi-size   1DOF_Bench.elf 
arm-none-eabi-objdump -h -S  1DOF_Bench.elf  > "1DOF_Bench.list"
arm-none-eabi-objcopy  -O binary  1DOF_Bench.elf  "1DOF_Bench.bin"
   text	   data	    bss	    dec	    hex	filename
  50360	    496	   1984	  52840	   ce68	1DOF_Bench.elf
Finished building: default.size.stdout
 
Finished building: 1DOF_Bench.bin
 
Finished building: 1DOF_Bench.list
 
10:52:09 **** Incremental Build of configuration Debug for project 1DOF_Bench ****
make -j4 all 
arm-none-eabi-gcc "../Core/Src/main.c" -mcpu=cortex-m4 -std=gnu11 -g3 -DDEBUG -DUSE_HAL_DRIVER -DSTM32L476xx -c -I../Core/Inc -I../Drivers/STM32L4xx_HAL_Driver/Inc -I../Drivers/STM32L4xx_HAL_Driver/Inc/Legacy -I../Drivers/CMSIS/Device/ST/STM32L4xx/Include -I../Drivers/CMSIS/Include -O0 -ffunction-sections -fdata-sections -Wall -fstack-usage -MMD -MP -MF"Core/Src/main.d" -MT"Core/Src/main.o" --specs=nano.specs -mfpu=fpv4-sp-d16 -mfloat-abi=hard -mthumb -o "Core/Src/main.o"
arm-none-eabi-g++ -o "1DOF_Bench.elf" @"objects.list"   -mcpu=cortex-m4 -T"C:\Users\AXEL NDO\Documents\master 1 SRD\test\Stage_1DOF_DroneBench\05_CubeIDE\1DOF_Bench\STM32L476RGTX_FLASH.ld" --specs=nosys.specs -Wl,-Map="1DOF_Bench.map" -Wl,--gc-sections -static --specs=nano.specs -mfpu=fpv4-sp-d16 -mfloat-abi=hard -mthumb -u _printf_float -u _scanf_float -Wl,--start-group -lc -lm -lstdc++ -lsupc++ -Wl,--end-group
Finished building target: 1DOF_Bench.elf
 
arm-none-eabi-size   1DOF_Bench.elf 
arm-none-eabi-objdump -h -S  1DOF_Bench.elf  > "1DOF_Bench.list"
arm-none-eabi-objcopy  -O binary  1DOF_Bench.elf  "1DOF_Bench.bin"
   text	   data	    bss	    dec	    hex	filename
  50360	    496	   1984	  52840	   ce68	1DOF_Bench.elf
Finished building: default.size.stdout
 
Finished building: 1DOF_Bench.bin
 
Finished building: 1DOF_Bench.list
 
10:56:13 **** Incremental Build of configuration Debug for project 1DOF_Bench ****
make -j4 all 
arm-none-eabi-gcc "../Core/Src/main.c" -mcpu=cortex-m4 -std=gnu11 -g3 -DDEBUG -DUSE_HAL_DRIVER -DSTM32L476xx -c -I../Core/Inc -I../Drivers/STM32L4xx_HAL_Driver/Inc -I../Drivers/STM32L4xx_HAL_Driver/Inc/Legacy -I../Drivers/CMSIS/Device/ST/STM32L4xx/Include -I../Drivers/CMSIS/Include -O0 -ffunction-sections -fdata-sections -Wall -fstack-usage -MMD -MP -MF"Core/Src/main.d" -MT"Core/Src/main.o" --specs=nano.specs -mfpu=fpv4-sp-d16 -mfloat-abi=hard -mthumb -o "Core/Src/main.o"
arm-none-eabi-g++ -o "1DOF_Bench.elf" @"objects.list"   -mcpu=cortex-m4 -T"C:\Users\AXEL NDO\Documents\master 1 SRD\test\Stage_1DOF_DroneBench\05_CubeIDE\1DOF_Bench\STM32L476RGTX_FLASH.ld" --specs=nosys.specs -Wl,-Map="1DOF_Bench.map" -Wl,--gc-sections -static --specs=nano.specs -mfpu=fpv4-sp-d16 -mfloat-abi=hard -mthumb -u _printf_float -u _scanf_float -Wl,--start-group -lc -lm -lstdc++ -lsupc++ -Wl,--end-group
Finished building target: 1DOF_Bench.elf
 
arm-none-eabi-size   1DOF_Bench.elf 
arm-none-eabi-objdump -h -S  1DOF_Bench.elf  > "1DOF_Bench.list"
arm-none-eabi-objcopy  -O binary  1DOF_Bench.elf  "1DOF_Bench.bin"
   text	   data	    bss	    dec	    hex	filename
  50400	    496	   1984	  52880	   ce90	1DOF_Bench.elf
Finished building: default.size.stdout
 
Finished building: 1DOF_Bench.bin
 
Finished building: 1DOF_Bench.list
 
11:37:03 **** Incremental Build of configuration Debug for project 1DOF_Bench ****
make -j4 all 
arm-none-eabi-gcc "../Core/Src/fsm.c" -mcpu=cortex-m4 -std=gnu11 -g3 -DDEBUG -DUSE_HAL_DRIVER -DSTM32L476xx -c -I../Core/Inc -I../Drivers/STM32L4xx_HAL_Driver/Inc -I../Drivers/STM32L4xx_HAL_Driver/Inc/Legacy -I../Drivers/CMSIS/Device/ST/STM32L4xx/Include -I../Drivers/CMSIS/Include -O0 -ffunction-sections -fdata-sections -Wall -fstack-usage -MMD -MP -MF"Core/Src/fsm.d" -MT"Core/Src/fsm.o" --specs=nano.specs -mfpu=fpv4-sp-d16 -mfloat-abi=hard -mthumb -o "Core/Src/fsm.o"
arm-none-eabi-gcc "../Core/Src/main.c" -mcpu=cortex-m4 -std=gnu11 -g3 -DDEBUG -DUSE_HAL_DRIVER -DSTM32L476xx -c -I../Core/Inc -I../Drivers/STM32L4xx_HAL_Driver/Inc -I../Drivers/STM32L4xx_HAL_Driver/Inc/Legacy -I../Drivers/CMSIS/Device/ST/STM32L4xx/Include -I../Drivers/CMSIS/Include -O0 -ffunction-sections -fdata-sections -Wall -fstack-usage -MMD -MP -MF"Core/Src/main.d" -MT"Core/Src/main.o" --specs=nano.specs -mfpu=fpv4-sp-d16 -mfloat-abi=hard -mthumb -o "Core/Src/main.o"
arm-none-eabi-gcc "../Core/Src/yann.c" -mcpu=cortex-m4 -std=gnu11 -g3 -DDEBUG -DUSE_HAL_DRIVER -DSTM32L476xx -c -I../Core/Inc -I../Drivers/STM32L4xx_HAL_Driver/Inc -I../Drivers/STM32L4xx_HAL_Driver/Inc/Legacy -I../Drivers/CMSIS/Device/ST/STM32L4xx/Include -I../Drivers/CMSIS/Include -O0 -ffunction-sections -fdata-sections -Wall -fstack-usage -MMD -MP -MF"Core/Src/yann.d" -MT"Core/Src/yann.o" --specs=nano.specs -mfpu=fpv4-sp-d16 -mfloat-abi=hard -mthumb -o "Core/Src/yann.o"
arm-none-eabi-g++ -o "1DOF_Bench.elf" @"objects.list"   -mcpu=cortex-m4 -T"C:\Users\AXEL NDO\Documents\master 1 SRD\test\Stage_1DOF_DroneBench\05_CubeIDE\1DOF_Bench\STM32L476RGTX_FLASH.ld" --specs=nosys.specs -Wl,-Map="1DOF_Bench.map" -Wl,--gc-sections -static --specs=nano.specs -mfpu=fpv4-sp-d16 -mfloat-abi=hard -mthumb -u _printf_float -u _scanf_float -Wl,--start-group -lc -lm -lstdc++ -lsupc++ -Wl,--end-group
Finished building target: 1DOF_Bench.elf
 
arm-none-eabi-size   1DOF_Bench.elf 
arm-none-eabi-objdump -h -S  1DOF_Bench.elf  > "1DOF_Bench.list"
arm-none-eabi-objcopy  -O binary  1DOF_Bench.elf  "1DOF_Bench.bin"
   text	   data	    bss	    dec	    hex	filename
  50552	    496	   1984	  53032	   cf28	1DOF_Bench.elf
Finished building: default.size.stdout
 
Finished building: 1DOF_Bench.bin
 
Finished building: 1DOF_Bench.list
 
11:37:23 **** Incremental Build of configuration Debug for project 1DOF_Bench ****
make -j4 all 
arm-none-eabi-size   1DOF_Bench.elf 
   text	   data	    bss	    dec	    hex	filename
  50552	    496	   1984	  53032	   cf28	1DOF_Bench.elf
Finished building: default.size.stdout
 
11:38:05 **** Incremental Build of configuration Debug for project 1DOF_Bench ****
make -j4 all 
arm-none-eabi-gcc "../Core/Src/main.c" -mcpu=cortex-m4 -std=gnu11 -g3 -DDEBUG -DUSE_HAL_DRIVER -DSTM32L476xx -c -I../Core/Inc -I../Drivers/STM32L4xx_HAL_Driver/Inc -I../Drivers/STM32L4xx_HAL_Driver/Inc/Legacy -I../Drivers/CMSIS/Device/ST/STM32L4xx/Include -I../Drivers/CMSIS/Include -O0 -ffunction-sections -fdata-sections -Wall -fstack-usage -MMD -MP -MF"Core/Src/main.d" -MT"Core/Src/main.o" --specs=nano.specs -mfpu=fpv4-sp-d16 -mfloat-abi=hard -mthumb -o "Core/Src/main.o"
arm-none-eabi-g++ -o "1DOF_Bench.elf" @"objects.list"   -mcpu=cortex-m4 -T"C:\Users\AXEL NDO\Documents\master 1 SRD\test\Stage_1DOF_DroneBench\05_CubeIDE\1DOF_Bench\STM32L476RGTX_FLASH.ld" --specs=nosys.specs -Wl,-Map="1DOF_Bench.map" -Wl,--gc-sections -static --specs=nano.specs -mfpu=fpv4-sp-d16 -mfloat-abi=hard -mthumb -u _printf_float -u _scanf_float -Wl,--start-group -lc -lm -lstdc++ -lsupc++ -Wl,--end-group
Finished building target: 1DOF_Bench.elf
 
arm-none-eabi-size   1DOF_Bench.elf 
arm-none-eabi-objdump -h -S  1DOF_Bench.elf  > "1DOF_Bench.list"
arm-none-eabi-objcopy  -O binary  1DOF_Bench.elf  "1DOF_Bench.bin"
   text	   data	    bss	    dec	    hex	filename
  50560	    496	   1984	  53040	   cf30	1DOF_Bench.elf
Finished building: default.size.stdout
 
Finished building: 1DOF_Bench.bin
 
Finished building: 1DOF_Bench.list
 
11:38:13 **** Incremental Build of configuration Debug for project 1DOF_Bench ****
make -j4 all 
arm-none-eabi-size   1DOF_Bench.elf 
   text	   data	    bss	    dec	    hex	filename
  50560	    496	   1984	  53040	   cf30	1DOF_Bench.elf
Finished building: default.size.stdout
 
11:42:24 **** Incremental Build of configuration Debug for project 1DOF_Bench ****
make -j4 all 
arm-none-eabi-gcc "../Core/Src/main.c" -mcpu=cortex-m4 -std=gnu11 -g3 -DDEBUG -DUSE_HAL_DRIVER -DSTM32L476xx -c -I../Core/Inc -I../Drivers/STM32L4xx_HAL_Driver/Inc -I../Drivers/STM32L4xx_HAL_Driver/Inc/Legacy -I../Drivers/CMSIS/Device/ST/STM32L4xx/Include -I../Drivers/CMSIS/Include -O0 -ffunction-sections -fdata-sections -Wall -fstack-usage -MMD -MP -MF"Core/Src/main.d" -MT"Core/Src/main.o" --specs=nano.specs -mfpu=fpv4-sp-d16 -mfloat-abi=hard -mthumb -o "Core/Src/main.o"
arm-none-eabi-g++ -o "1DOF_Bench.elf" @"objects.list"   -mcpu=cortex-m4 -T"C:\Users\AXEL NDO\Documents\master 1 SRD\test\Stage_1DOF_DroneBench\05_CubeIDE\1DOF_Bench\STM32L476RGTX_FLASH.ld" --specs=nosys.specs -Wl,-Map="1DOF_Bench.map" -Wl,--gc-sections -static --specs=nano.specs -mfpu=fpv4-sp-d16 -mfloat-abi=hard -mthumb -u _printf_float -u _scanf_float -Wl,--start-group -lc -lm -lstdc++ -lsupc++ -Wl,--end-group
Finished building target: 1DOF_Bench.elf
 
arm-none-eabi-size   1DOF_Bench.elf 
arm-none-eabi-objdump -h -S  1DOF_Bench.elf  > "1DOF_Bench.list"
arm-none-eabi-objcopy  -O binary  1DOF_Bench.elf  "1DOF_Bench.bin"
   text	   data	    bss	    dec	    hex	filename
  50512	    496	   1984	  52992	   cf00	1DOF_Bench.elf
Finished building: default.size.stdout
 
Finished building: 1DOF_Bench.bin
 
Finished building: 1DOF_Bench.list
 
11:42:33 **** Incremental Build of configuration Debug for project 1DOF_Bench ****
make -j4 all 
arm-none-eabi-size   1DOF_Bench.elf 
   text	   data	    bss	    dec	    hex	filename
  50512	    496	   1984	  52992	   cf00	1DOF_Bench.elf
Finished building: default.size.stdout
 
11:46:47 **** Incremental Build of configuration Debug for project 1DOF_Bench ****
make -j4 all 
arm-none-eabi-gcc "../Core/Src/main.c" -mcpu=cortex-m4 -std=gnu11 -g3 -DDEBUG -DUSE_HAL_DRIVER -DSTM32L476xx -c -I../Core/Inc -I../Drivers/STM32L4xx_HAL_Driver/Inc -I../Drivers/STM32L4xx_HAL_Driver/Inc/Legacy -I../Drivers/CMSIS/Device/ST/STM32L4xx/Include -I../Drivers/CMSIS/Include -O0 -ffunction-sections -fdata-sections -Wall -fstack-usage -MMD -MP -MF"Core/Src/main.d" -MT"Core/Src/main.o" --specs=nano.specs -mfpu=fpv4-sp-d16 -mfloat-abi=hard -mthumb -o "Core/Src/main.o"
../Core/Src/main.c: In function 'main':
../Core/Src/main.c:270:6: error: a label can only be part of a statement and a declaration is not a statement
  270 |      bool okay = True;
      |      ^~~~
../Core/Src/main.c:270:6: error: unknown type name 'bool'
../Core/Src/main.c:270:18: error: 'True' undeclared (first use in this function)
  270 |      bool okay = True;
      |                  ^~~~
../Core/Src/main.c:270:18: note: each undeclared identifier is reported only once for each function it appears in
../Core/Src/main.c:277:14: error: 'False' undeclared (first use in this function)
  277 |        okay= False;
      |              ^~~~~
make: *** [Core/Src/subdir.mk:43: Core/Src/main.o] Error 1
"make -j4 all" terminated with exit code 2. Build might be incomplete.
11:47:12 **** Incremental Build of configuration Debug for project 1DOF_Bench ****
make -j4 all 
arm-none-eabi-gcc "../Core/Src/main.c" -mcpu=cortex-m4 -std=gnu11 -g3 -DDEBUG -DUSE_HAL_DRIVER -DSTM32L476xx -c -I../Core/Inc -I../Drivers/STM32L4xx_HAL_Driver/Inc -I../Drivers/STM32L4xx_HAL_Driver/Inc/Legacy -I../Drivers/CMSIS/Device/ST/STM32L4xx/Include -I../Drivers/CMSIS/Include -O0 -ffunction-sections -fdata-sections -Wall -fstack-usage -MMD -MP -MF"Core/Src/main.d" -MT"Core/Src/main.o" --specs=nano.specs -mfpu=fpv4-sp-d16 -mfloat-abi=hard -mthumb -o "Core/Src/main.o"
../Core/Src/main.c: In function 'main':
../Core/Src/main.c:81:2: error: unknown type name 'bool'
   81 |  bool okay;
      |  ^~~~
../Core/Src/main.c:270:6: error: a label can only be part of a statement and a declaration is not a statement
  270 |      bool okay = True;
      |      ^~~~
../Core/Src/main.c:270:6: error: unknown type name 'bool'
../Core/Src/main.c:270:18: error: 'True' undeclared (first use in this function)
  270 |      bool okay = True;
      |                  ^~~~
../Core/Src/main.c:270:18: note: each undeclared identifier is reported only once for each function it appears in
../Core/Src/main.c:277:14: error: 'False' undeclared (first use in this function)
  277 |        okay= False;
      |              ^~~~~
../Core/Src/main.c:81:7: warning: unused variable 'okay' [-Wunused-variable]
   81 |  bool okay;
      |       ^~~~
make: *** [Core/Src/subdir.mk:43: Core/Src/main.o] Error 1
"make -j4 all" terminated with exit code 2. Build might be incomplete.
11:47:29 **** Incremental Build of configuration Debug for project 1DOF_Bench ****
make -j4 all 
arm-none-eabi-gcc "../Core/Src/main.c" -mcpu=cortex-m4 -std=gnu11 -g3 -DDEBUG -DUSE_HAL_DRIVER -DSTM32L476xx -c -I../Core/Inc -I../Drivers/STM32L4xx_HAL_Driver/Inc -I../Drivers/STM32L4xx_HAL_Driver/Inc/Legacy -I../Drivers/CMSIS/Device/ST/STM32L4xx/Include -I../Drivers/CMSIS/Include -O0 -ffunction-sections -fdata-sections -Wall -fstack-usage -MMD -MP -MF"Core/Src/main.d" -MT"Core/Src/main.o" --specs=nano.specs -mfpu=fpv4-sp-d16 -mfloat-abi=hard -mthumb -o "Core/Src/main.o"
../Core/Src/main.c: In function 'main':
../Core/Src/main.c:81:2: error: unknown type name 'boolean'
   81 |  boolean okay;
      |  ^~~~~~~
../Core/Src/main.c:270:6: error: a label can only be part of a statement and a declaration is not a statement
  270 |      bool okay = True;
      |      ^~~~
../Core/Src/main.c:270:6: error: unknown type name 'bool'
../Core/Src/main.c:270:18: error: 'True' undeclared (first use in this function)
  270 |      bool okay = True;
      |                  ^~~~
../Core/Src/main.c:270:18: note: each undeclared identifier is reported only once for each function it appears in
../Core/Src/main.c:277:14: error: 'False' undeclared (first use in this function)
  277 |        okay= False;
      |              ^~~~~
../Core/Src/main.c:81:10: warning: unused variable 'okay' [-Wunused-variable]
   81 |  boolean okay;
      |          ^~~~
make: *** [Core/Src/subdir.mk:43: Core/Src/main.o] Error 1
"make -j4 all" terminated with exit code 2. Build might be incomplete.
11:48:03 **** Incremental Build of configuration Debug for project 1DOF_Bench ****
make -j4 all 
arm-none-eabi-gcc "../Core/Src/main.c" -mcpu=cortex-m4 -std=gnu11 -g3 -DDEBUG -DUSE_HAL_DRIVER -DSTM32L476xx -c -I../Core/Inc -I../Drivers/STM32L4xx_HAL_Driver/Inc -I../Drivers/STM32L4xx_HAL_Driver/Inc/Legacy -I../Drivers/CMSIS/Device/ST/STM32L4xx/Include -I../Drivers/CMSIS/Include -O0 -ffunction-sections -fdata-sections -Wall -fstack-usage -MMD -MP -MF"Core/Src/main.d" -MT"Core/Src/main.o" --specs=nano.specs -mfpu=fpv4-sp-d16 -mfloat-abi=hard -mthumb -o "Core/Src/main.o"
../Core/Src/main.c:24:10: fatal error: stio.h: No such file or directory
   24 | #include <stio.h>
      |          ^~~~~~~~
compilation terminated.
make: *** [Core/Src/subdir.mk:43: Core/Src/main.o] Error 1
"make -j4 all" terminated with exit code 2. Build might be incomplete.
11:48:06 **** Incremental Build of configuration Debug for project 1DOF_Bench ****
make -j4 all 
arm-none-eabi-gcc "../Core/Src/main.c" -mcpu=cortex-m4 -std=gnu11 -g3 -DDEBUG -DUSE_HAL_DRIVER -DSTM32L476xx -c -I../Core/Inc -I../Drivers/STM32L4xx_HAL_Driver/Inc -I../Drivers/STM32L4xx_HAL_Driver/Inc/Legacy -I../Drivers/CMSIS/Device/ST/STM32L4xx/Include -I../Drivers/CMSIS/Include -O0 -ffunction-sections -fdata-sections -Wall -fstack-usage -MMD -MP -MF"Core/Src/main.d" -MT"Core/Src/main.o" --specs=nano.specs -mfpu=fpv4-sp-d16 -mfloat-abi=hard -mthumb -o "Core/Src/main.o"
../Core/Src/main.c: In function 'main':
../Core/Src/main.c:82:2: error: unknown type name 'bool'
   82 |  bool okay;
      |  ^~~~
../Core/Src/main.c:271:6: error: a label can only be part of a statement and a declaration is not a statement
  271 |      bool okay = True;
      |      ^~~~
../Core/Src/main.c:271:6: error: unknown type name 'bool'
../Core/Src/main.c:271:18: error: 'True' undeclared (first use in this function)
  271 |      bool okay = True;
      |                  ^~~~
../Core/Src/main.c:271:18: note: each undeclared identifier is reported only once for each function it appears in
../Core/Src/main.c:278:14: error: 'False' undeclared (first use in this function)
  278 |        okay= False;
      |              ^~~~~
../Core/Src/main.c:82:7: warning: unused variable 'okay' [-Wunused-variable]
   82 |  bool okay;
      |       ^~~~
make: *** [Core/Src/subdir.mk:43: Core/Src/main.o] Error 1
"make -j4 all" terminated with exit code 2. Build might be incomplete.
11:49:05 **** Incremental Build of configuration Debug for project 1DOF_Bench ****
make -j4 all 
arm-none-eabi-gcc "../Core/Src/main.c" -mcpu=cortex-m4 -std=gnu11 -g3 -DDEBUG -DUSE_HAL_DRIVER -DSTM32L476xx -c -I../Core/Inc -I../Drivers/STM32L4xx_HAL_Driver/Inc -I../Drivers/STM32L4xx_HAL_Driver/Inc/Legacy -I../Drivers/CMSIS/Device/ST/STM32L4xx/Include -I../Drivers/CMSIS/Include -O0 -ffunction-sections -fdata-sections -Wall -fstack-usage -MMD -MP -MF"Core/Src/main.d" -MT"Core/Src/main.o" --specs=nano.specs -mfpu=fpv4-sp-d16 -mfloat-abi=hard -mthumb -o "Core/Src/main.o"
../Core/Src/main.c: In function 'main':
../Core/Src/main.c:271:6: error: a label can only be part of a statement and a declaration is not a statement
  271 |      bool okay = True;
      |      ^~~~
../Core/Src/main.c:271:6: error: unknown type name 'bool'
../Core/Src/main.c:271:18: error: 'True' undeclared (first use in this function)
  271 |      bool okay = True;
      |                  ^~~~
../Core/Src/main.c:271:18: note: each undeclared identifier is reported only once for each function it appears in
../Core/Src/main.c:278:14: error: 'False' undeclared (first use in this function)
  278 |        okay= False;
      |              ^~~~~
../Core/Src/main.c:82:8: warning: unused variable 'okay' [-Wunused-variable]
   82 |  _Bool okay;
      |        ^~~~
make: *** [Core/Src/subdir.mk:43: Core/Src/main.o] Error 1
"make -j4 all" terminated with exit code 2. Build might be incomplete.
11:49:32 **** Incremental Build of configuration Debug for project 1DOF_Bench ****
make -j4 all 
arm-none-eabi-gcc "../Core/Src/main.c" -mcpu=cortex-m4 -std=gnu11 -g3 -DDEBUG -DUSE_HAL_DRIVER -DSTM32L476xx -c -I../Core/Inc -I../Drivers/STM32L4xx_HAL_Driver/Inc -I../Drivers/STM32L4xx_HAL_Driver/Inc/Legacy -I../Drivers/CMSIS/Device/ST/STM32L4xx/Include -I../Drivers/CMSIS/Include -O0 -ffunction-sections -fdata-sections -Wall -fstack-usage -MMD -MP -MF"Core/Src/main.d" -MT"Core/Src/main.o" --specs=nano.specs -mfpu=fpv4-sp-d16 -mfloat-abi=hard -mthumb -o "Core/Src/main.o"
../Core/Src/main.c: In function 'main':
../Core/Src/main.c:271:13: error: 'True' undeclared (first use in this function)
  271 |      okay = True;
      |             ^~~~
../Core/Src/main.c:271:13: note: each undeclared identifier is reported only once for each function it appears in
../Core/Src/main.c:278:14: error: 'False' undeclared (first use in this function)
  278 |        okay= False;
      |              ^~~~~
make: *** [Core/Src/subdir.mk:43: Core/Src/main.o] Error 1
"make -j4 all" terminated with exit code 2. Build might be incomplete.
11:49:54 **** Incremental Build of configuration Debug for project 1DOF_Bench ****
make -j4 all 
arm-none-eabi-gcc "../Core/Src/main.c" -mcpu=cortex-m4 -std=gnu11 -g3 -DDEBUG -DUSE_HAL_DRIVER -DSTM32L476xx -c -I../Core/Inc -I../Drivers/STM32L4xx_HAL_Driver/Inc -I../Drivers/STM32L4xx_HAL_Driver/Inc/Legacy -I../Drivers/CMSIS/Device/ST/STM32L4xx/Include -I../Drivers/CMSIS/Include -O0 -ffunction-sections -fdata-sections -Wall -fstack-usage -MMD -MP -MF"Core/Src/main.d" -MT"Core/Src/main.o" --specs=nano.specs -mfpu=fpv4-sp-d16 -mfloat-abi=hard -mthumb -o "Core/Src/main.o"
../Core/Src/main.c: In function 'main':
../Core/Src/main.c:271:13: error: 'true' undeclared (first use in this function)
  271 |      okay = true;
      |             ^~~~
../Core/Src/main.c:271:13: note: each undeclared identifier is reported only once for each function it appears in
../Core/Src/main.c:278:14: error: 'false' undeclared (first use in this function); did you mean 'fclose'?
  278 |        okay= false;
      |              ^~~~~
      |              fclose
make: *** [Core/Src/subdir.mk:43: Core/Src/main.o] Error 1
"make -j4 all" terminated with exit code 2. Build might be incomplete.
11:50:39 **** Incremental Build of configuration Debug for project 1DOF_Bench ****
make -j4 all 
arm-none-eabi-gcc "../Core/Src/main.c" -mcpu=cortex-m4 -std=gnu11 -g3 -DDEBUG -DUSE_HAL_DRIVER -DSTM32L476xx -c -I../Core/Inc -I../Drivers/STM32L4xx_HAL_Driver/Inc -I../Drivers/STM32L4xx_HAL_Driver/Inc/Legacy -I../Drivers/CMSIS/Device/ST/STM32L4xx/Include -I../Drivers/CMSIS/Include -O0 -ffunction-sections -fdata-sections -Wall -fstack-usage -MMD -MP -MF"Core/Src/main.d" -MT"Core/Src/main.o" --specs=nano.specs -mfpu=fpv4-sp-d16 -mfloat-abi=hard -mthumb -o "Core/Src/main.o"
arm-none-eabi-g++ -o "1DOF_Bench.elf" @"objects.list"   -mcpu=cortex-m4 -T"C:\Users\AXEL NDO\Documents\master 1 SRD\test\Stage_1DOF_DroneBench\05_CubeIDE\1DOF_Bench\STM32L476RGTX_FLASH.ld" --specs=nosys.specs -Wl,-Map="1DOF_Bench.map" -Wl,--gc-sections -static --specs=nano.specs -mfpu=fpv4-sp-d16 -mfloat-abi=hard -mthumb -u _printf_float -u _scanf_float -Wl,--start-group -lc -lm -lstdc++ -lsupc++ -Wl,--end-group
Finished building target: 1DOF_Bench.elf
 
arm-none-eabi-size   1DOF_Bench.elf 
arm-none-eabi-objdump -h -S  1DOF_Bench.elf  > "1DOF_Bench.list"
arm-none-eabi-objcopy  -O binary  1DOF_Bench.elf  "1DOF_Bench.bin"
   text	   data	    bss	    dec	    hex	filename
  50528	    496	   1984	  53008	   cf10	1DOF_Bench.elf
Finished building: default.size.stdout
 
Finished building: 1DOF_Bench.bin
 
Finished building: 1DOF_Bench.list
 
11:50:57 **** Incremental Build of configuration Debug for project 1DOF_Bench ****
make -j4 all 
arm-none-eabi-size   1DOF_Bench.elf 
   text	   data	    bss	    dec	    hex	filename
  50528	    496	   1984	  53008	   cf10	1DOF_Bench.elf
Finished building: default.size.stdout
 
11:53:25 **** Incremental Build of configuration Debug for project 1DOF_Bench ****
make -j4 all 
arm-none-eabi-gcc "../Core/Src/main.c" -mcpu=cortex-m4 -std=gnu11 -g3 -DDEBUG -DUSE_HAL_DRIVER -DSTM32L476xx -c -I../Core/Inc -I../Drivers/STM32L4xx_HAL_Driver/Inc -I../Drivers/STM32L4xx_HAL_Driver/Inc/Legacy -I../Drivers/CMSIS/Device/ST/STM32L4xx/Include -I../Drivers/CMSIS/Include -O0 -ffunction-sections -fdata-sections -Wall -fstack-usage -MMD -MP -MF"Core/Src/main.d" -MT"Core/Src/main.o" --specs=nano.specs -mfpu=fpv4-sp-d16 -mfloat-abi=hard -mthumb -o "Core/Src/main.o"
arm-none-eabi-g++ -o "1DOF_Bench.elf" @"objects.list"   -mcpu=cortex-m4 -T"C:\Users\AXEL NDO\Documents\master 1 SRD\test\Stage_1DOF_DroneBench\05_CubeIDE\1DOF_Bench\STM32L476RGTX_FLASH.ld" --specs=nosys.specs -Wl,-Map="1DOF_Bench.map" -Wl,--gc-sections -static --specs=nano.specs -mfpu=fpv4-sp-d16 -mfloat-abi=hard -mthumb -u _printf_float -u _scanf_float -Wl,--start-group -lc -lm -lstdc++ -lsupc++ -Wl,--end-group
Finished building target: 1DOF_Bench.elf
 
arm-none-eabi-size   1DOF_Bench.elf 
arm-none-eabi-objdump -h -S  1DOF_Bench.elf  > "1DOF_Bench.list"
arm-none-eabi-objcopy  -O binary  1DOF_Bench.elf  "1DOF_Bench.bin"
   text	   data	    bss	    dec	    hex	filename
  50496	    496	   1984	  52976	   cef0	1DOF_Bench.elf
Finished building: default.size.stdout
 
Finished building: 1DOF_Bench.bin
 
Finished building: 1DOF_Bench.list
 
11:53:36 **** Incremental Build of configuration Debug for project 1DOF_Bench ****
make -j4 all 
arm-none-eabi-size   1DOF_Bench.elf 
   text	   data	    bss	    dec	    hex	filename
  50496	    496	   1984	  52976	   cef0	1DOF_Bench.elf
Finished building: default.size.stdout
 
11:56:14 **** Incremental Build of configuration Debug for project 1DOF_Bench ****
make -j4 all 
arm-none-eabi-gcc "../Core/Src/main.c" -mcpu=cortex-m4 -std=gnu11 -g3 -DDEBUG -DUSE_HAL_DRIVER -DSTM32L476xx -c -I../Core/Inc -I../Drivers/STM32L4xx_HAL_Driver/Inc -I../Drivers/STM32L4xx_HAL_Driver/Inc/Legacy -I../Drivers/CMSIS/Device/ST/STM32L4xx/Include -I../Drivers/CMSIS/Include -O0 -ffunction-sections -fdata-sections -Wall -fstack-usage -MMD -MP -MF"Core/Src/main.d" -MT"Core/Src/main.o" --specs=nano.specs -mfpu=fpv4-sp-d16 -mfloat-abi=hard -mthumb -o "Core/Src/main.o"
arm-none-eabi-g++ -o "1DOF_Bench.elf" @"objects.list"   -mcpu=cortex-m4 -T"C:\Users\AXEL NDO\Documents\master 1 SRD\test\Stage_1DOF_DroneBench\05_CubeIDE\1DOF_Bench\STM32L476RGTX_FLASH.ld" --specs=nosys.specs -Wl,-Map="1DOF_Bench.map" -Wl,--gc-sections -static --specs=nano.specs -mfpu=fpv4-sp-d16 -mfloat-abi=hard -mthumb -u _printf_float -u _scanf_float -Wl,--start-group -lc -lm -lstdc++ -lsupc++ -Wl,--end-group
Finished building target: 1DOF_Bench.elf
 
arm-none-eabi-size   1DOF_Bench.elf 
arm-none-eabi-objdump -h -S  1DOF_Bench.elf  > "1DOF_Bench.list"
arm-none-eabi-objcopy  -O binary  1DOF_Bench.elf  "1DOF_Bench.bin"
   text	   data	    bss	    dec	    hex	filename
  50512	    496	   1984	  52992	   cf00	1DOF_Bench.elf
Finished building: default.size.stdout
 
Finished building: 1DOF_Bench.bin
 
Finished building: 1DOF_Bench.list
 
11:58:17 **** Incremental Build of configuration Debug for project 1DOF_Bench ****
make -j4 all 
arm-none-eabi-gcc "../Core/Src/main.c" -mcpu=cortex-m4 -std=gnu11 -g3 -DDEBUG -DUSE_HAL_DRIVER -DSTM32L476xx -c -I../Core/Inc -I../Drivers/STM32L4xx_HAL_Driver/Inc -I../Drivers/STM32L4xx_HAL_Driver/Inc/Legacy -I../Drivers/CMSIS/Device/ST/STM32L4xx/Include -I../Drivers/CMSIS/Include -O0 -ffunction-sections -fdata-sections -Wall -fstack-usage -MMD -MP -MF"Core/Src/main.d" -MT"Core/Src/main.o" --specs=nano.specs -mfpu=fpv4-sp-d16 -mfloat-abi=hard -mthumb -o "Core/Src/main.o"
arm-none-eabi-g++ -o "1DOF_Bench.elf" @"objects.list"   -mcpu=cortex-m4 -T"C:\Users\AXEL NDO\Documents\master 1 SRD\test\Stage_1DOF_DroneBench\05_CubeIDE\1DOF_Bench\STM32L476RGTX_FLASH.ld" --specs=nosys.specs -Wl,-Map="1DOF_Bench.map" -Wl,--gc-sections -static --specs=nano.specs -mfpu=fpv4-sp-d16 -mfloat-abi=hard -mthumb -u _printf_float -u _scanf_float -Wl,--start-group -lc -lm -lstdc++ -lsupc++ -Wl,--end-group
Finished building target: 1DOF_Bench.elf
 
arm-none-eabi-size   1DOF_Bench.elf 
arm-none-eabi-objdump -h -S  1DOF_Bench.elf  > "1DOF_Bench.list"
arm-none-eabi-objcopy  -O binary  1DOF_Bench.elf  "1DOF_Bench.bin"
   text	   data	    bss	    dec	    hex	filename
  50544	    496	   1984	  53024	   cf20	1DOF_Bench.elf
Finished building: default.size.stdout
 
Finished building: 1DOF_Bench.bin
 
Finished building: 1DOF_Bench.list
 
11:59:11 **** Incremental Build of configuration Debug for project 1DOF_Bench ****
make -j4 all 
arm-none-eabi-size   1DOF_Bench.elf 
   text	   data	    bss	    dec	    hex	filename
  50544	    496	   1984	  53024	   cf20	1DOF_Bench.elf
Finished building: default.size.stdout
 
11:59:34 **** Incremental Build of configuration Debug for project 1DOF_Bench ****
make -j4 all 
arm-none-eabi-gcc "../Core/Src/main.c" -mcpu=cortex-m4 -std=gnu11 -g3 -DDEBUG -DUSE_HAL_DRIVER -DSTM32L476xx -c -I../Core/Inc -I../Drivers/STM32L4xx_HAL_Driver/Inc -I../Drivers/STM32L4xx_HAL_Driver/Inc/Legacy -I../Drivers/CMSIS/Device/ST/STM32L4xx/Include -I../Drivers/CMSIS/Include -O0 -ffunction-sections -fdata-sections -Wall -fstack-usage -MMD -MP -MF"Core/Src/main.d" -MT"Core/Src/main.o" --specs=nano.specs -mfpu=fpv4-sp-d16 -mfloat-abi=hard -mthumb -o "Core/Src/main.o"
arm-none-eabi-g++ -o "1DOF_Bench.elf" @"objects.list"   -mcpu=cortex-m4 -T"C:\Users\AXEL NDO\Documents\master 1 SRD\test\Stage_1DOF_DroneBench\05_CubeIDE\1DOF_Bench\STM32L476RGTX_FLASH.ld" --specs=nosys.specs -Wl,-Map="1DOF_Bench.map" -Wl,--gc-sections -static --specs=nano.specs -mfpu=fpv4-sp-d16 -mfloat-abi=hard -mthumb -u _printf_float -u _scanf_float -Wl,--start-group -lc -lm -lstdc++ -lsupc++ -Wl,--end-group
Finished building target: 1DOF_Bench.elf
 
arm-none-eabi-size   1DOF_Bench.elf 
arm-none-eabi-objdump -h -S  1DOF_Bench.elf  > "1DOF_Bench.list"
arm-none-eabi-objcopy  -O binary  1DOF_Bench.elf  "1DOF_Bench.bin"
   text	   data	    bss	    dec	    hex	filename
  50544	    496	   1984	  53024	   cf20	1DOF_Bench.elf
Finished building: default.size.stdout
 
Finished building: 1DOF_Bench.bin
 
Finished building: 1DOF_Bench.list
 
12:00:13 **** Incremental Build of configuration Debug for project 1DOF_Bench ****
make -j4 all 
arm-none-eabi-gcc "../Core/Src/main.c" -mcpu=cortex-m4 -std=gnu11 -g3 -DDEBUG -DUSE_HAL_DRIVER -DSTM32L476xx -c -I../Core/Inc -I../Drivers/STM32L4xx_HAL_Driver/Inc -I../Drivers/STM32L4xx_HAL_Driver/Inc/Legacy -I../Drivers/CMSIS/Device/ST/STM32L4xx/Include -I../Drivers/CMSIS/Include -O0 -ffunction-sections -fdata-sections -Wall -fstack-usage -MMD -MP -MF"Core/Src/main.d" -MT"Core/Src/main.o" --specs=nano.specs -mfpu=fpv4-sp-d16 -mfloat-abi=hard -mthumb -o "Core/Src/main.o"
arm-none-eabi-g++ -o "1DOF_Bench.elf" @"objects.list"   -mcpu=cortex-m4 -T"C:\Users\AXEL NDO\Documents\master 1 SRD\test\Stage_1DOF_DroneBench\05_CubeIDE\1DOF_Bench\STM32L476RGTX_FLASH.ld" --specs=nosys.specs -Wl,-Map="1DOF_Bench.map" -Wl,--gc-sections -static --specs=nano.specs -mfpu=fpv4-sp-d16 -mfloat-abi=hard -mthumb -u _printf_float -u _scanf_float -Wl,--start-group -lc -lm -lstdc++ -lsupc++ -Wl,--end-group
Finished building target: 1DOF_Bench.elf
 
arm-none-eabi-size   1DOF_Bench.elf 
arm-none-eabi-objdump -h -S  1DOF_Bench.elf  > "1DOF_Bench.list"
arm-none-eabi-objcopy  -O binary  1DOF_Bench.elf  "1DOF_Bench.bin"
   text	   data	    bss	    dec	    hex	filename
  50544	    496	   1984	  53024	   cf20	1DOF_Bench.elf
Finished building: default.size.stdout
 
Finished building: 1DOF_Bench.bin
 
Finished building: 1DOF_Bench.list
 
12:02:00 **** Incremental Build of configuration Debug for project 1DOF_Bench ****
make -j4 all 
arm-none-eabi-gcc "../Core/Src/main.c" -mcpu=cortex-m4 -std=gnu11 -g3 -DDEBUG -DUSE_HAL_DRIVER -DSTM32L476xx -c -I../Core/Inc -I../Drivers/STM32L4xx_HAL_Driver/Inc -I../Drivers/STM32L4xx_HAL_Driver/Inc/Legacy -I../Drivers/CMSIS/Device/ST/STM32L4xx/Include -I../Drivers/CMSIS/Include -O0 -ffunction-sections -fdata-sections -Wall -fstack-usage -MMD -MP -MF"Core/Src/main.d" -MT"Core/Src/main.o" --specs=nano.specs -mfpu=fpv4-sp-d16 -mfloat-abi=hard -mthumb -o "Core/Src/main.o"
arm-none-eabi-g++ -o "1DOF_Bench.elf" @"objects.list"   -mcpu=cortex-m4 -T"C:\Users\AXEL NDO\Documents\master 1 SRD\test\Stage_1DOF_DroneBench\05_CubeIDE\1DOF_Bench\STM32L476RGTX_FLASH.ld" --specs=nosys.specs -Wl,-Map="1DOF_Bench.map" -Wl,--gc-sections -static --specs=nano.specs -mfpu=fpv4-sp-d16 -mfloat-abi=hard -mthumb -u _printf_float -u _scanf_float -Wl,--start-group -lc -lm -lstdc++ -lsupc++ -Wl,--end-group
Finished building target: 1DOF_Bench.elf
 
arm-none-eabi-size   1DOF_Bench.elf 
arm-none-eabi-objdump -h -S  1DOF_Bench.elf  > "1DOF_Bench.list"
arm-none-eabi-objcopy  -O binary  1DOF_Bench.elf  "1DOF_Bench.bin"
   text	   data	    bss	    dec	    hex	filename
  50544	    496	   1984	  53024	   cf20	1DOF_Bench.elf
Finished building: default.size.stdout
 
Finished building: 1DOF_Bench.bin
 
Finished building: 1DOF_Bench.list
 
12:03:23 **** Incremental Build of configuration Debug for project 1DOF_Bench ****
make -j4 all 
arm-none-eabi-gcc "../Core/Src/main.c" -mcpu=cortex-m4 -std=gnu11 -g3 -DDEBUG -DUSE_HAL_DRIVER -DSTM32L476xx -c -I../Core/Inc -I../Drivers/STM32L4xx_HAL_Driver/Inc -I../Drivers/STM32L4xx_HAL_Driver/Inc/Legacy -I../Drivers/CMSIS/Device/ST/STM32L4xx/Include -I../Drivers/CMSIS/Include -O0 -ffunction-sections -fdata-sections -Wall -fstack-usage -MMD -MP -MF"Core/Src/main.d" -MT"Core/Src/main.o" --specs=nano.specs -mfpu=fpv4-sp-d16 -mfloat-abi=hard -mthumb -o "Core/Src/main.o"
arm-none-eabi-g++ -o "1DOF_Bench.elf" @"objects.list"   -mcpu=cortex-m4 -T"C:\Users\AXEL NDO\Documents\master 1 SRD\test\Stage_1DOF_DroneBench\05_CubeIDE\1DOF_Bench\STM32L476RGTX_FLASH.ld" --specs=nosys.specs -Wl,-Map="1DOF_Bench.map" -Wl,--gc-sections -static --specs=nano.specs -mfpu=fpv4-sp-d16 -mfloat-abi=hard -mthumb -u _printf_float -u _scanf_float -Wl,--start-group -lc -lm -lstdc++ -lsupc++ -Wl,--end-group
Finished building target: 1DOF_Bench.elf
 
arm-none-eabi-size   1DOF_Bench.elf 
arm-none-eabi-objdump -h -S  1DOF_Bench.elf  > "1DOF_Bench.list"
arm-none-eabi-objcopy  -O binary  1DOF_Bench.elf  "1DOF_Bench.bin"
   text	   data	    bss	    dec	    hex	filename
  50544	    496	   1984	  53024	   cf20	1DOF_Bench.elf
Finished building: default.size.stdout
 
Finished building: 1DOF_Bench.bin
 
Finished building: 1DOF_Bench.list
 
12:05:12 **** Incremental Build of configuration Debug for project 1DOF_Bench ****
make -j4 all 
arm-none-eabi-gcc "../Core/Src/main.c" -mcpu=cortex-m4 -std=gnu11 -g3 -DDEBUG -DUSE_HAL_DRIVER -DSTM32L476xx -c -I../Core/Inc -I../Drivers/STM32L4xx_HAL_Driver/Inc -I../Drivers/STM32L4xx_HAL_Driver/Inc/Legacy -I../Drivers/CMSIS/Device/ST/STM32L4xx/Include -I../Drivers/CMSIS/Include -O0 -ffunction-sections -fdata-sections -Wall -fstack-usage -MMD -MP -MF"Core/Src/main.d" -MT"Core/Src/main.o" --specs=nano.specs -mfpu=fpv4-sp-d16 -mfloat-abi=hard -mthumb -o "Core/Src/main.o"
arm-none-eabi-g++ -o "1DOF_Bench.elf" @"objects.list"   -mcpu=cortex-m4 -T"C:\Users\AXEL NDO\Documents\master 1 SRD\test\Stage_1DOF_DroneBench\05_CubeIDE\1DOF_Bench\STM32L476RGTX_FLASH.ld" --specs=nosys.specs -Wl,-Map="1DOF_Bench.map" -Wl,--gc-sections -static --specs=nano.specs -mfpu=fpv4-sp-d16 -mfloat-abi=hard -mthumb -u _printf_float -u _scanf_float -Wl,--start-group -lc -lm -lstdc++ -lsupc++ -Wl,--end-group
Finished building target: 1DOF_Bench.elf
 
arm-none-eabi-size   1DOF_Bench.elf 
arm-none-eabi-objdump -h -S  1DOF_Bench.elf  > "1DOF_Bench.list"
arm-none-eabi-objcopy  -O binary  1DOF_Bench.elf  "1DOF_Bench.bin"
   text	   data	    bss	    dec	    hex	filename
  50544	    496	   1984	  53024	   cf20	1DOF_Bench.elf
Finished building: default.size.stdout
 
Finished building: 1DOF_Bench.bin
 
Finished building: 1DOF_Bench.list
 
12:05:20 **** Incremental Build of configuration Debug for project 1DOF_Bench ****
make -j4 all 
arm-none-eabi-size   1DOF_Bench.elf 
   text	   data	    bss	    dec	    hex	filename
  50544	    496	   1984	  53024	   cf20	1DOF_Bench.elf
Finished building: default.size.stdout
 
12:10:23 **** Incremental Build of configuration Debug for project 1DOF_Bench ****
make -j4 all 
arm-none-eabi-gcc "../Core/Src/main.c" -mcpu=cortex-m4 -std=gnu11 -g3 -DDEBUG -DUSE_HAL_DRIVER -DSTM32L476xx -c -I../Core/Inc -I../Drivers/STM32L4xx_HAL_Driver/Inc -I../Drivers/STM32L4xx_HAL_Driver/Inc/Legacy -I../Drivers/CMSIS/Device/ST/STM32L4xx/Include -I../Drivers/CMSIS/Include -O0 -ffunction-sections -fdata-sections -Wall -fstack-usage -MMD -MP -MF"Core/Src/main.d" -MT"Core/Src/main.o" --specs=nano.specs -mfpu=fpv4-sp-d16 -mfloat-abi=hard -mthumb -o "Core/Src/main.o"
arm-none-eabi-g++ -o "1DOF_Bench.elf" @"objects.list"   -mcpu=cortex-m4 -T"C:\Users\AXEL NDO\Documents\master 1 SRD\test\Stage_1DOF_DroneBench\05_CubeIDE\1DOF_Bench\STM32L476RGTX_FLASH.ld" --specs=nosys.specs -Wl,-Map="1DOF_Bench.map" -Wl,--gc-sections -static --specs=nano.specs -mfpu=fpv4-sp-d16 -mfloat-abi=hard -mthumb -u _printf_float -u _scanf_float -Wl,--start-group -lc -lm -lstdc++ -lsupc++ -Wl,--end-group
Finished building target: 1DOF_Bench.elf
 
arm-none-eabi-size   1DOF_Bench.elf 
arm-none-eabi-objdump -h -S  1DOF_Bench.elf  > "1DOF_Bench.list"
arm-none-eabi-objcopy  -O binary  1DOF_Bench.elf  "1DOF_Bench.bin"
   text	   data	    bss	    dec	    hex	filename
  50576	    496	   1984	  53056	   cf40	1DOF_Bench.elf
Finished building: default.size.stdout
 
Finished building: 1DOF_Bench.bin
 
Finished building: 1DOF_Bench.list
 
12:12:20 **** Incremental Build of configuration Debug for project 1DOF_Bench ****
make -j4 all 
arm-none-eabi-gcc "../Core/Src/main.c" -mcpu=cortex-m4 -std=gnu11 -g3 -DDEBUG -DUSE_HAL_DRIVER -DSTM32L476xx -c -I../Core/Inc -I../Drivers/STM32L4xx_HAL_Driver/Inc -I../Drivers/STM32L4xx_HAL_Driver/Inc/Legacy -I../Drivers/CMSIS/Device/ST/STM32L4xx/Include -I../Drivers/CMSIS/Include -O0 -ffunction-sections -fdata-sections -Wall -fstack-usage -MMD -MP -MF"Core/Src/main.d" -MT"Core/Src/main.o" --specs=nano.specs -mfpu=fpv4-sp-d16 -mfloat-abi=hard -mthumb -o "Core/Src/main.o"
arm-none-eabi-g++ -o "1DOF_Bench.elf" @"objects.list"   -mcpu=cortex-m4 -T"C:\Users\AXEL NDO\Documents\master 1 SRD\test\Stage_1DOF_DroneBench\05_CubeIDE\1DOF_Bench\STM32L476RGTX_FLASH.ld" --specs=nosys.specs -Wl,-Map="1DOF_Bench.map" -Wl,--gc-sections -static --specs=nano.specs -mfpu=fpv4-sp-d16 -mfloat-abi=hard -mthumb -u _printf_float -u _scanf_float -Wl,--start-group -lc -lm -lstdc++ -lsupc++ -Wl,--end-group
Finished building target: 1DOF_Bench.elf
 
arm-none-eabi-size   1DOF_Bench.elf 
arm-none-eabi-objdump -h -S  1DOF_Bench.elf  > "1DOF_Bench.list"
arm-none-eabi-objcopy  -O binary  1DOF_Bench.elf  "1DOF_Bench.bin"
   text	   data	    bss	    dec	    hex	filename
  50568	    496	   1984	  53048	   cf38	1DOF_Bench.elf
Finished building: default.size.stdout
 
Finished building: 1DOF_Bench.bin
 
Finished building: 1DOF_Bench.list
 
12:14:30 **** Incremental Build of configuration Debug for project 1DOF_Bench ****
make -j4 all 
arm-none-eabi-gcc "../Core/Src/main.c" -mcpu=cortex-m4 -std=gnu11 -g3 -DDEBUG -DUSE_HAL_DRIVER -DSTM32L476xx -c -I../Core/Inc -I../Drivers/STM32L4xx_HAL_Driver/Inc -I../Drivers/STM32L4xx_HAL_Driver/Inc/Legacy -I../Drivers/CMSIS/Device/ST/STM32L4xx/Include -I../Drivers/CMSIS/Include -O0 -ffunction-sections -fdata-sections -Wall -fstack-usage -MMD -MP -MF"Core/Src/main.d" -MT"Core/Src/main.o" --specs=nano.specs -mfpu=fpv4-sp-d16 -mfloat-abi=hard -mthumb -o "Core/Src/main.o"
arm-none-eabi-g++ -o "1DOF_Bench.elf" @"objects.list"   -mcpu=cortex-m4 -T"C:\Users\AXEL NDO\Documents\master 1 SRD\test\Stage_1DOF_DroneBench\05_CubeIDE\1DOF_Bench\STM32L476RGTX_FLASH.ld" --specs=nosys.specs -Wl,-Map="1DOF_Bench.map" -Wl,--gc-sections -static --specs=nano.specs -mfpu=fpv4-sp-d16 -mfloat-abi=hard -mthumb -u _printf_float -u _scanf_float -Wl,--start-group -lc -lm -lstdc++ -lsupc++ -Wl,--end-group
Finished building target: 1DOF_Bench.elf
 
arm-none-eabi-size   1DOF_Bench.elf 
arm-none-eabi-objdump -h -S  1DOF_Bench.elf  > "1DOF_Bench.list"
arm-none-eabi-objcopy  -O binary  1DOF_Bench.elf  "1DOF_Bench.bin"
   text	   data	    bss	    dec	    hex	filename
  50536	    496	   1984	  53016	   cf18	1DOF_Bench.elf
Finished building: default.size.stdout
 
Finished building: 1DOF_Bench.bin
 
Finished building: 1DOF_Bench.list
 
12:16:40 **** Incremental Build of configuration Debug for project 1DOF_Bench ****
make -j4 all 
arm-none-eabi-gcc "../Core/Src/main.c" -mcpu=cortex-m4 -std=gnu11 -g3 -DDEBUG -DUSE_HAL_DRIVER -DSTM32L476xx -c -I../Core/Inc -I../Drivers/STM32L4xx_HAL_Driver/Inc -I../Drivers/STM32L4xx_HAL_Driver/Inc/Legacy -I../Drivers/CMSIS/Device/ST/STM32L4xx/Include -I../Drivers/CMSIS/Include -O0 -ffunction-sections -fdata-sections -Wall -fstack-usage -MMD -MP -MF"Core/Src/main.d" -MT"Core/Src/main.o" --specs=nano.specs -mfpu=fpv4-sp-d16 -mfloat-abi=hard -mthumb -o "Core/Src/main.o"
arm-none-eabi-g++ -o "1DOF_Bench.elf" @"objects.list"   -mcpu=cortex-m4 -T"C:\Users\AXEL NDO\Documents\master 1 SRD\test\Stage_1DOF_DroneBench\05_CubeIDE\1DOF_Bench\STM32L476RGTX_FLASH.ld" --specs=nosys.specs -Wl,-Map="1DOF_Bench.map" -Wl,--gc-sections -static --specs=nano.specs -mfpu=fpv4-sp-d16 -mfloat-abi=hard -mthumb -u _printf_float -u _scanf_float -Wl,--start-group -lc -lm -lstdc++ -lsupc++ -Wl,--end-group
Finished building target: 1DOF_Bench.elf
 
arm-none-eabi-size   1DOF_Bench.elf 
arm-none-eabi-objdump -h -S  1DOF_Bench.elf  > "1DOF_Bench.list"
arm-none-eabi-objcopy  -O binary  1DOF_Bench.elf  "1DOF_Bench.bin"
   text	   data	    bss	    dec	    hex	filename
  50544	    496	   1984	  53024	   cf20	1DOF_Bench.elf
Finished building: default.size.stdout
 
Finished building: 1DOF_Bench.bin
 
Finished building: 1DOF_Bench.list
 
12:16:47 **** Incremental Build of configuration Debug for project 1DOF_Bench ****
make -j4 all 
arm-none-eabi-size   1DOF_Bench.elf 
   text	   data	    bss	    dec	    hex	filename
  50544	    496	   1984	  53024	   cf20	1DOF_Bench.elf
Finished building: default.size.stdout
 
12:17:37 **** Incremental Build of configuration Debug for project 1DOF_Bench ****
make -j4 all 
arm-none-eabi-gcc "../Core/Src/main.c" -mcpu=cortex-m4 -std=gnu11 -g3 -DDEBUG -DUSE_HAL_DRIVER -DSTM32L476xx -c -I../Core/Inc -I../Drivers/STM32L4xx_HAL_Driver/Inc -I../Drivers/STM32L4xx_HAL_Driver/Inc/Legacy -I../Drivers/CMSIS/Device/ST/STM32L4xx/Include -I../Drivers/CMSIS/Include -O0 -ffunction-sections -fdata-sections -Wall -fstack-usage -MMD -MP -MF"Core/Src/main.d" -MT"Core/Src/main.o" --specs=nano.specs -mfpu=fpv4-sp-d16 -mfloat-abi=hard -mthumb -o "Core/Src/main.o"
arm-none-eabi-g++ -o "1DOF_Bench.elf" @"objects.list"   -mcpu=cortex-m4 -T"C:\Users\AXEL NDO\Documents\master 1 SRD\test\Stage_1DOF_DroneBench\05_CubeIDE\1DOF_Bench\STM32L476RGTX_FLASH.ld" --specs=nosys.specs -Wl,-Map="1DOF_Bench.map" -Wl,--gc-sections -static --specs=nano.specs -mfpu=fpv4-sp-d16 -mfloat-abi=hard -mthumb -u _printf_float -u _scanf_float -Wl,--start-group -lc -lm -lstdc++ -lsupc++ -Wl,--end-group
Finished building target: 1DOF_Bench.elf
 
arm-none-eabi-size   1DOF_Bench.elf 
arm-none-eabi-objdump -h -S  1DOF_Bench.elf  > "1DOF_Bench.list"
arm-none-eabi-objcopy  -O binary  1DOF_Bench.elf  "1DOF_Bench.bin"
   text	   data	    bss	    dec	    hex	filename
  50552	    496	   1984	  53032	   cf28	1DOF_Bench.elf
Finished building: default.size.stdout
 
Finished building: 1DOF_Bench.bin
 
Finished building: 1DOF_Bench.list
 
12:19:29 **** Incremental Build of configuration Debug for project 1DOF_Bench ****
make -j4 all 
arm-none-eabi-gcc "../Core/Src/main.c" -mcpu=cortex-m4 -std=gnu11 -g3 -DDEBUG -DUSE_HAL_DRIVER -DSTM32L476xx -c -I../Core/Inc -I../Drivers/STM32L4xx_HAL_Driver/Inc -I../Drivers/STM32L4xx_HAL_Driver/Inc/Legacy -I../Drivers/CMSIS/Device/ST/STM32L4xx/Include -I../Drivers/CMSIS/Include -O0 -ffunction-sections -fdata-sections -Wall -fstack-usage -MMD -MP -MF"Core/Src/main.d" -MT"Core/Src/main.o" --specs=nano.specs -mfpu=fpv4-sp-d16 -mfloat-abi=hard -mthumb -o "Core/Src/main.o"
arm-none-eabi-g++ -o "1DOF_Bench.elf" @"objects.list"   -mcpu=cortex-m4 -T"C:\Users\AXEL NDO\Documents\master 1 SRD\test\Stage_1DOF_DroneBench\05_CubeIDE\1DOF_Bench\STM32L476RGTX_FLASH.ld" --specs=nosys.specs -Wl,-Map="1DOF_Bench.map" -Wl,--gc-sections -static --specs=nano.specs -mfpu=fpv4-sp-d16 -mfloat-abi=hard -mthumb -u _printf_float -u _scanf_float -Wl,--start-group -lc -lm -lstdc++ -lsupc++ -Wl,--end-group
Finished building target: 1DOF_Bench.elf
 
arm-none-eabi-size   1DOF_Bench.elf 
arm-none-eabi-objdump -h -S  1DOF_Bench.elf  > "1DOF_Bench.list"
arm-none-eabi-objcopy  -O binary  1DOF_Bench.elf  "1DOF_Bench.bin"
   text	   data	    bss	    dec	    hex	filename
  50544	    496	   1984	  53024	   cf20	1DOF_Bench.elf
Finished building: default.size.stdout
 
Finished building: 1DOF_Bench.bin
 
Finished building: 1DOF_Bench.list
 
12:21:48 **** Incremental Build of configuration Debug for project 1DOF_Bench ****
make -j4 all 
arm-none-eabi-gcc "../Core/Src/main.c" -mcpu=cortex-m4 -std=gnu11 -g3 -DDEBUG -DUSE_HAL_DRIVER -DSTM32L476xx -c -I../Core/Inc -I../Drivers/STM32L4xx_HAL_Driver/Inc -I../Drivers/STM32L4xx_HAL_Driver/Inc/Legacy -I../Drivers/CMSIS/Device/ST/STM32L4xx/Include -I../Drivers/CMSIS/Include -O0 -ffunction-sections -fdata-sections -Wall -fstack-usage -MMD -MP -MF"Core/Src/main.d" -MT"Core/Src/main.o" --specs=nano.specs -mfpu=fpv4-sp-d16 -mfloat-abi=hard -mthumb -o "Core/Src/main.o"
arm-none-eabi-g++ -o "1DOF_Bench.elf" @"objects.list"   -mcpu=cortex-m4 -T"C:\Users\AXEL NDO\Documents\master 1 SRD\test\Stage_1DOF_DroneBench\05_CubeIDE\1DOF_Bench\STM32L476RGTX_FLASH.ld" --specs=nosys.specs -Wl,-Map="1DOF_Bench.map" -Wl,--gc-sections -static --specs=nano.specs -mfpu=fpv4-sp-d16 -mfloat-abi=hard -mthumb -u _printf_float -u _scanf_float -Wl,--start-group -lc -lm -lstdc++ -lsupc++ -Wl,--end-group
Finished building target: 1DOF_Bench.elf
 
arm-none-eabi-size   1DOF_Bench.elf 
arm-none-eabi-objdump -h -S  1DOF_Bench.elf  > "1DOF_Bench.list"
arm-none-eabi-objcopy  -O binary  1DOF_Bench.elf  "1DOF_Bench.bin"
   text	   data	    bss	    dec	    hex	filename
  50552	    496	   1984	  53032	   cf28	1DOF_Bench.elf
Finished building: default.size.stdout
 
Finished building: 1DOF_Bench.bin
 
Finished building: 1DOF_Bench.list
 
12:21:55 **** Incremental Build of configuration Debug for project 1DOF_Bench ****
make -j4 all 
arm-none-eabi-size   1DOF_Bench.elf 
   text	   data	    bss	    dec	    hex	filename
  50552	    496	   1984	  53032	   cf28	1DOF_Bench.elf
Finished building: default.size.stdout
 
12:30:15 **** Incremental Build of configuration Debug for project 1DOF_Bench ****
make -j4 all 
arm-none-eabi-gcc "../Core/Src/yann.c" -mcpu=cortex-m4 -std=gnu11 -g3 -DDEBUG -DUSE_HAL_DRIVER -DSTM32L476xx -c -I../Core/Inc -I../Drivers/STM32L4xx_HAL_Driver/Inc -I../Drivers/STM32L4xx_HAL_Driver/Inc/Legacy -I../Drivers/CMSIS/Device/ST/STM32L4xx/Include -I../Drivers/CMSIS/Include -O0 -ffunction-sections -fdata-sections -Wall -fstack-usage -MMD -MP -MF"Core/Src/yann.d" -MT"Core/Src/yann.o" --specs=nano.specs -mfpu=fpv4-sp-d16 -mfloat-abi=hard -mthumb -o "Core/Src/yann.o"
../Core/Src/yann.c: In function 'load_adc':
../Core/Src/yann.c:27:2: warning: 'return' with no value, in function returning non-void [-Wreturn-type]
   27 |  return  ;
      |  ^~~~~~
../Core/Src/yann.c:17:5: note: declared here
   17 | int load_adc(ADC_HandleTypeDef hadc, int polTime) {
      |     ^~~~~~~~
arm-none-eabi-g++ -o "1DOF_Bench.elf" @"objects.list"   -mcpu=cortex-m4 -T"C:\Users\AXEL NDO\Documents\master 1 SRD\test\Stage_1DOF_DroneBench\05_CubeIDE\1DOF_Bench\STM32L476RGTX_FLASH.ld" --specs=nosys.specs -Wl,-Map="1DOF_Bench.map" -Wl,--gc-sections -static --specs=nano.specs -mfpu=fpv4-sp-d16 -mfloat-abi=hard -mthumb -u _printf_float -u _scanf_float -Wl,--start-group -lc -lm -lstdc++ -lsupc++ -Wl,--end-group
Finished building target: 1DOF_Bench.elf
 
arm-none-eabi-size   1DOF_Bench.elf 
arm-none-eabi-objdump -h -S  1DOF_Bench.elf  > "1DOF_Bench.list"
arm-none-eabi-objcopy  -O binary  1DOF_Bench.elf  "1DOF_Bench.bin"
   text	   data	    bss	    dec	    hex	filename
  50648	    496	   1992	  53136	   cf90	1DOF_Bench.elf
Finished building: default.size.stdout
 
Finished building: 1DOF_Bench.bin
 
Finished building: 1DOF_Bench.list
 
12:30:24 **** Incremental Build of configuration Debug for project 1DOF_Bench ****
make -j4 all 
arm-none-eabi-gcc "../Core/Src/yann.c" -mcpu=cortex-m4 -std=gnu11 -g3 -DDEBUG -DUSE_HAL_DRIVER -DSTM32L476xx -c -I../Core/Inc -I../Drivers/STM32L4xx_HAL_Driver/Inc -I../Drivers/STM32L4xx_HAL_Driver/Inc/Legacy -I../Drivers/CMSIS/Device/ST/STM32L4xx/Include -I../Drivers/CMSIS/Include -O0 -ffunction-sections -fdata-sections -Wall -fstack-usage -MMD -MP -MF"Core/Src/yann.d" -MT"Core/Src/yann.o" --specs=nano.specs -mfpu=fpv4-sp-d16 -mfloat-abi=hard -mthumb -o "Core/Src/yann.o"
arm-none-eabi-g++ -o "1DOF_Bench.elf" @"objects.list"   -mcpu=cortex-m4 -T"C:\Users\AXEL NDO\Documents\master 1 SRD\test\Stage_1DOF_DroneBench\05_CubeIDE\1DOF_Bench\STM32L476RGTX_FLASH.ld" --specs=nosys.specs -Wl,-Map="1DOF_Bench.map" -Wl,--gc-sections -static --specs=nano.specs -mfpu=fpv4-sp-d16 -mfloat-abi=hard -mthumb -u _printf_float -u _scanf_float -Wl,--start-group -lc -lm -lstdc++ -lsupc++ -Wl,--end-group
Finished building target: 1DOF_Bench.elf
 
arm-none-eabi-size   1DOF_Bench.elf 
arm-none-eabi-objdump -h -S  1DOF_Bench.elf  > "1DOF_Bench.list"
arm-none-eabi-objcopy  -O binary  1DOF_Bench.elf  "1DOF_Bench.bin"
   text	   data	    bss	    dec	    hex	filename
  50648	    496	   1992	  53136	   cf90	1DOF_Bench.elf
Finished building: default.size.stdout
 
Finished building: 1DOF_Bench.bin
 
Finished building: 1DOF_Bench.list
 
12:30:35 **** Incremental Build of configuration Debug for project 1DOF_Bench ****
make -j4 all 
arm-none-eabi-size   1DOF_Bench.elf 
   text	   data	    bss	    dec	    hex	filename
  50648	    496	   1992	  53136	   cf90	1DOF_Bench.elf
Finished building: default.size.stdout
 
12:31:51 **** Incremental Build of configuration Debug for project 1DOF_Bench ****
make -j4 all 
arm-none-eabi-gcc "../Core/Src/yann.c" -mcpu=cortex-m4 -std=gnu11 -g3 -DDEBUG -DUSE_HAL_DRIVER -DSTM32L476xx -c -I../Core/Inc -I../Drivers/STM32L4xx_HAL_Driver/Inc -I../Drivers/STM32L4xx_HAL_Driver/Inc/Legacy -I../Drivers/CMSIS/Device/ST/STM32L4xx/Include -I../Drivers/CMSIS/Include -O0 -ffunction-sections -fdata-sections -Wall -fstack-usage -MMD -MP -MF"Core/Src/yann.d" -MT"Core/Src/yann.o" --specs=nano.specs -mfpu=fpv4-sp-d16 -mfloat-abi=hard -mthumb -o "Core/Src/yann.o"
arm-none-eabi-g++ -o "1DOF_Bench.elf" @"objects.list"   -mcpu=cortex-m4 -T"C:\Users\AXEL NDO\Documents\master 1 SRD\test\Stage_1DOF_DroneBench\05_CubeIDE\1DOF_Bench\STM32L476RGTX_FLASH.ld" --specs=nosys.specs -Wl,-Map="1DOF_Bench.map" -Wl,--gc-sections -static --specs=nano.specs -mfpu=fpv4-sp-d16 -mfloat-abi=hard -mthumb -u _printf_float -u _scanf_float -Wl,--start-group -lc -lm -lstdc++ -lsupc++ -Wl,--end-group
Finished building target: 1DOF_Bench.elf
 
arm-none-eabi-size   1DOF_Bench.elf 
arm-none-eabi-objdump -h -S  1DOF_Bench.elf  > "1DOF_Bench.list"
arm-none-eabi-objcopy  -O binary  1DOF_Bench.elf  "1DOF_Bench.bin"
   text	   data	    bss	    dec	    hex	filename
  50648	    496	   1992	  53136	   cf90	1DOF_Bench.elf
Finished building: default.size.stdout
 
Finished building: 1DOF_Bench.bin
 
Finished building: 1DOF_Bench.list
 
12:32:05 **** Incremental Build of configuration Debug for project 1DOF_Bench ****
make -j4 all 
arm-none-eabi-gcc "../Core/Src/yann.c" -mcpu=cortex-m4 -std=gnu11 -g3 -DDEBUG -DUSE_HAL_DRIVER -DSTM32L476xx -c -I../Core/Inc -I../Drivers/STM32L4xx_HAL_Driver/Inc -I../Drivers/STM32L4xx_HAL_Driver/Inc/Legacy -I../Drivers/CMSIS/Device/ST/STM32L4xx/Include -I../Drivers/CMSIS/Include -O0 -ffunction-sections -fdata-sections -Wall -fstack-usage -MMD -MP -MF"Core/Src/yann.d" -MT"Core/Src/yann.o" --specs=nano.specs -mfpu=fpv4-sp-d16 -mfloat-abi=hard -mthumb -o "Core/Src/yann.o"
arm-none-eabi-g++ -o "1DOF_Bench.elf" @"objects.list"   -mcpu=cortex-m4 -T"C:\Users\AXEL NDO\Documents\master 1 SRD\test\Stage_1DOF_DroneBench\05_CubeIDE\1DOF_Bench\STM32L476RGTX_FLASH.ld" --specs=nosys.specs -Wl,-Map="1DOF_Bench.map" -Wl,--gc-sections -static --specs=nano.specs -mfpu=fpv4-sp-d16 -mfloat-abi=hard -mthumb -u _printf_float -u _scanf_float -Wl,--start-group -lc -lm -lstdc++ -lsupc++ -Wl,--end-group
Finished building target: 1DOF_Bench.elf
 
arm-none-eabi-size   1DOF_Bench.elf 
arm-none-eabi-objdump -h -S  1DOF_Bench.elf  > "1DOF_Bench.list"
arm-none-eabi-objcopy  -O binary  1DOF_Bench.elf  "1DOF_Bench.bin"
   text	   data	    bss	    dec	    hex	filename
  50648	    496	   1992	  53136	   cf90	1DOF_Bench.elf
Finished building: default.size.stdout
 
Finished building: 1DOF_Bench.bin
 
Finished building: 1DOF_Bench.list
 
12:34:21 **** Incremental Build of configuration Debug for project 1DOF_Bench ****
make -j4 all 
arm-none-eabi-gcc "../Core/Src/yann.c" -mcpu=cortex-m4 -std=gnu11 -g3 -DDEBUG -DUSE_HAL_DRIVER -DSTM32L476xx -c -I../Core/Inc -I../Drivers/STM32L4xx_HAL_Driver/Inc -I../Drivers/STM32L4xx_HAL_Driver/Inc/Legacy -I../Drivers/CMSIS/Device/ST/STM32L4xx/Include -I../Drivers/CMSIS/Include -O0 -ffunction-sections -fdata-sections -Wall -fstack-usage -MMD -MP -MF"Core/Src/yann.d" -MT"Core/Src/yann.o" --specs=nano.specs -mfpu=fpv4-sp-d16 -mfloat-abi=hard -mthumb -o "Core/Src/yann.o"
arm-none-eabi-g++ -o "1DOF_Bench.elf" @"objects.list"   -mcpu=cortex-m4 -T"C:\Users\AXEL NDO\Documents\master 1 SRD\test\Stage_1DOF_DroneBench\05_CubeIDE\1DOF_Bench\STM32L476RGTX_FLASH.ld" --specs=nosys.specs -Wl,-Map="1DOF_Bench.map" -Wl,--gc-sections -static --specs=nano.specs -mfpu=fpv4-sp-d16 -mfloat-abi=hard -mthumb -u _printf_float -u _scanf_float -Wl,--start-group -lc -lm -lstdc++ -lsupc++ -Wl,--end-group
Finished building target: 1DOF_Bench.elf
 
arm-none-eabi-size   1DOF_Bench.elf 
arm-none-eabi-objdump -h -S  1DOF_Bench.elf  > "1DOF_Bench.list"
arm-none-eabi-objcopy  -O binary  1DOF_Bench.elf  "1DOF_Bench.bin"
   text	   data	    bss	    dec	    hex	filename
  50640	    496	   1992	  53128	   cf88	1DOF_Bench.elf
Finished building: default.size.stdout
 
Finished building: 1DOF_Bench.bin
 
Finished building: 1DOF_Bench.list
 
12:36:48 **** Incremental Build of configuration Debug for project 1DOF_Bench ****
make -j4 all 
arm-none-eabi-gcc "../Core/Src/yann.c" -mcpu=cortex-m4 -std=gnu11 -g3 -DDEBUG -DUSE_HAL_DRIVER -DSTM32L476xx -c -I../Core/Inc -I../Drivers/STM32L4xx_HAL_Driver/Inc -I../Drivers/STM32L4xx_HAL_Driver/Inc/Legacy -I../Drivers/CMSIS/Device/ST/STM32L4xx/Include -I../Drivers/CMSIS/Include -O0 -ffunction-sections -fdata-sections -Wall -fstack-usage -MMD -MP -MF"Core/Src/yann.d" -MT"Core/Src/yann.o" --specs=nano.specs -mfpu=fpv4-sp-d16 -mfloat-abi=hard -mthumb -o "Core/Src/yann.o"
arm-none-eabi-g++ -o "1DOF_Bench.elf" @"objects.list"   -mcpu=cortex-m4 -T"C:\Users\AXEL NDO\Documents\master 1 SRD\test\Stage_1DOF_DroneBench\05_CubeIDE\1DOF_Bench\STM32L476RGTX_FLASH.ld" --specs=nosys.specs -Wl,-Map="1DOF_Bench.map" -Wl,--gc-sections -static --specs=nano.specs -mfpu=fpv4-sp-d16 -mfloat-abi=hard -mthumb -u _printf_float -u _scanf_float -Wl,--start-group -lc -lm -lstdc++ -lsupc++ -Wl,--end-group
Finished building target: 1DOF_Bench.elf
 
arm-none-eabi-size   1DOF_Bench.elf 
arm-none-eabi-objdump -h -S  1DOF_Bench.elf  > "1DOF_Bench.list"
arm-none-eabi-objcopy  -O binary  1DOF_Bench.elf  "1DOF_Bench.bin"
   text	   data	    bss	    dec	    hex	filename
  50568	    496	   1992	  53056	   cf40	1DOF_Bench.elf
Finished building: default.size.stdout
 
Finished building: 1DOF_Bench.bin
 
Finished building: 1DOF_Bench.list
 
12:46:42 **** Incremental Build of configuration Debug for project 1DOF_Bench ****
make -j4 all 
arm-none-eabi-gcc "../Core/Src/yann.c" -mcpu=cortex-m4 -std=gnu11 -g3 -DDEBUG -DUSE_HAL_DRIVER -DSTM32L476xx -c -I../Core/Inc -I../Drivers/STM32L4xx_HAL_Driver/Inc -I../Drivers/STM32L4xx_HAL_Driver/Inc/Legacy -I../Drivers/CMSIS/Device/ST/STM32L4xx/Include -I../Drivers/CMSIS/Include -O0 -ffunction-sections -fdata-sections -Wall -fstack-usage -MMD -MP -MF"Core/Src/yann.d" -MT"Core/Src/yann.o" --specs=nano.specs -mfpu=fpv4-sp-d16 -mfloat-abi=hard -mthumb -o "Core/Src/yann.o"
../Core/Src/yann.c: In function 'load_adc':
../Core/Src/yann.c:21:33: error: expected ';' before 'return'
   21 |  somme = HAL_ADC_GetValue(&hadc)
      |                                 ^
      |                                 ;
   22 |  return somme;
      |  ~~~~~~                          
../Core/Src/yann.c:25:1: warning: control reaches end of non-void function [-Wreturn-type]
   25 | }
      | ^
make: *** [Core/Src/subdir.mk:43: Core/Src/yann.o] Error 1
"make -j4 all" terminated with exit code 2. Build might be incomplete.
12:46:48 **** Incremental Build of configuration Debug for project 1DOF_Bench ****
make -j4 all 
arm-none-eabi-gcc "../Core/Src/yann.c" -mcpu=cortex-m4 -std=gnu11 -g3 -DDEBUG -DUSE_HAL_DRIVER -DSTM32L476xx -c -I../Core/Inc -I../Drivers/STM32L4xx_HAL_Driver/Inc -I../Drivers/STM32L4xx_HAL_Driver/Inc/Legacy -I../Drivers/CMSIS/Device/ST/STM32L4xx/Include -I../Drivers/CMSIS/Include -O0 -ffunction-sections -fdata-sections -Wall -fstack-usage -MMD -MP -MF"Core/Src/yann.d" -MT"Core/Src/yann.o" --specs=nano.specs -mfpu=fpv4-sp-d16 -mfloat-abi=hard -mthumb -o "Core/Src/yann.o"
arm-none-eabi-g++ -o "1DOF_Bench.elf" @"objects.list"   -mcpu=cortex-m4 -T"C:\Users\AXEL NDO\Documents\master 1 SRD\test\Stage_1DOF_DroneBench\05_CubeIDE\1DOF_Bench\STM32L476RGTX_FLASH.ld" --specs=nosys.specs -Wl,-Map="1DOF_Bench.map" -Wl,--gc-sections -static --specs=nano.specs -mfpu=fpv4-sp-d16 -mfloat-abi=hard -mthumb -u _printf_float -u _scanf_float -Wl,--start-group -lc -lm -lstdc++ -lsupc++ -Wl,--end-group
Finished building target: 1DOF_Bench.elf
 
arm-none-eabi-size   1DOF_Bench.elf 
arm-none-eabi-objdump -h -S  1DOF_Bench.elf  > "1DOF_Bench.list"
arm-none-eabi-objcopy  -O binary  1DOF_Bench.elf  "1DOF_Bench.bin"
   text	   data	    bss	    dec	    hex	filename
  50568	    496	   1992	  53056	   cf40	1DOF_Bench.elf
Finished building: default.size.stdout
 
Finished building: 1DOF_Bench.bin
 
Finished building: 1DOF_Bench.list
 
12:46:56 **** Incremental Build of configuration Debug for project 1DOF_Bench ****
make -j4 all 
arm-none-eabi-size   1DOF_Bench.elf 
   text	   data	    bss	    dec	    hex	filename
  50568	    496	   1992	  53056	   cf40	1DOF_Bench.elf
Finished building: default.size.stdout
 
12:46:56 **** Incremental Build of configuration Debug for project 1DOF_Bench ****
make -j4 all 
arm-none-eabi-size   1DOF_Bench.elf 
   text	   data	    bss	    dec	    hex	filename
  50568	    496	   1992	  53056	   cf40	1DOF_Bench.elf
Finished building: default.size.stdout
 
12:46:57 **** Incremental Build of configuration Debug for project 1DOF_Bench ****
make -j4 all 
arm-none-eabi-size   1DOF_Bench.elf 
   text	   data	    bss	    dec	    hex	filename
  50568	    496	   1992	  53056	   cf40	1DOF_Bench.elf
Finished building: default.size.stdout
 
12:47:14 **** Incremental Build of configuration Debug for project 1DOF_Bench ****
make -j4 all 
arm-none-eabi-size   1DOF_Bench.elf 
   text	   data	    bss	    dec	    hex	filename
  50568	    496	   1992	  53056	   cf40	1DOF_Bench.elf
Finished building: default.size.stdout
 
12:57:03 **** Incremental Build of configuration Debug for project 1DOF_Bench ****
make -j4 all 
arm-none-eabi-gcc "../Core/Src/main.c" -mcpu=cortex-m4 -std=gnu11 -g3 -DDEBUG -DUSE_HAL_DRIVER -DSTM32L476xx -c -I../Core/Inc -I../Drivers/STM32L4xx_HAL_Driver/Inc -I../Drivers/STM32L4xx_HAL_Driver/Inc/Legacy -I../Drivers/CMSIS/Device/ST/STM32L4xx/Include -I../Drivers/CMSIS/Include -O0 -ffunction-sections -fdata-sections -Wall -fstack-usage -MMD -MP -MF"Core/Src/main.d" -MT"Core/Src/main.o" --specs=nano.specs -mfpu=fpv4-sp-d16 -mfloat-abi=hard -mthumb -o "Core/Src/main.o"
arm-none-eabi-gcc "../Core/Src/yann.c" -mcpu=cortex-m4 -std=gnu11 -g3 -DDEBUG -DUSE_HAL_DRIVER -DSTM32L476xx -c -I../Core/Inc -I../Drivers/STM32L4xx_HAL_Driver/Inc -I../Drivers/STM32L4xx_HAL_Driver/Inc/Legacy -I../Drivers/CMSIS/Device/ST/STM32L4xx/Include -I../Drivers/CMSIS/Include -O0 -ffunction-sections -fdata-sections -Wall -fstack-usage -MMD -MP -MF"Core/Src/yann.d" -MT"Core/Src/yann.o" --specs=nano.specs -mfpu=fpv4-sp-d16 -mfloat-abi=hard -mthumb -o "Core/Src/yann.o"
../Core/Src/yann.c: In function 'mapping_adc_value':
../Core/Src/yann.c:30:34: error: 'value' undeclared (first use in this function); did you mean 'val'?
   30 |  remap =1512 + (4095 - 1512) * ((value - 0) / (stop1 - 0));
      |                                  ^~~~~
      |                                  val
../Core/Src/yann.c:30:34: note: each undeclared identifier is reported only once for each function it appears in
../Core/Src/yann.c:30:48: error: 'stop1' undeclared (first use in this function)
   30 |  remap =1512 + (4095 - 1512) * ((value - 0) / (stop1 - 0));
      |                                                ^~~~~
../Core/Src/yann.c:33:1: error: expected expression before '}' token
   33 | }
      | ^
../Core/Src/yann.c:32:12: warning: left-hand operand of comma expression has no effect [-Wunused-value]
   32 |  return map,
      |            ^
../Core/Src/yann.c:33:1: warning: control reaches end of non-void function [-Wreturn-type]
   33 | }
      | ^
make: *** [Core/Src/subdir.mk:43: Core/Src/yann.o] Error 1
make: *** Waiting for unfinished jobs....
"make -j4 all" terminated with exit code 2. Build might be incomplete.
12:57:06 **** Incremental Build of configuration Debug for project 1DOF_Bench ****
make -j4 all 
arm-none-eabi-gcc "../Core/Src/yann.c" -mcpu=cortex-m4 -std=gnu11 -g3 -DDEBUG -DUSE_HAL_DRIVER -DSTM32L476xx -c -I../Core/Inc -I../Drivers/STM32L4xx_HAL_Driver/Inc -I../Drivers/STM32L4xx_HAL_Driver/Inc/Legacy -I../Drivers/CMSIS/Device/ST/STM32L4xx/Include -I../Drivers/CMSIS/Include -O0 -ffunction-sections -fdata-sections -Wall -fstack-usage -MMD -MP -MF"Core/Src/yann.d" -MT"Core/Src/yann.o" --specs=nano.specs -mfpu=fpv4-sp-d16 -mfloat-abi=hard -mthumb -o "Core/Src/yann.o"
../Core/Src/yann.c: In function 'mapping_adc_value':
../Core/Src/yann.c:30:34: error: 'value' undeclared (first use in this function); did you mean 'val'?
   30 |  remap =1512 + (4095 - 1512) * ((value - 0) / (stop1 - 0));
      |                                  ^~~~~
      |                                  val
../Core/Src/yann.c:30:34: note: each undeclared identifier is reported only once for each function it appears in
../Core/Src/yann.c:30:48: error: 'stop1' undeclared (first use in this function)
   30 |  remap =1512 + (4095 - 1512) * ((value - 0) / (stop1 - 0));
      |                                                ^~~~~
make: *** [Core/Src/subdir.mk:43: Core/Src/yann.o] Error 1
"make -j4 all" terminated with exit code 2. Build might be incomplete.
12:57:27 **** Incremental Build of configuration Debug for project 1DOF_Bench ****
make -j4 all 
arm-none-eabi-gcc "../Core/Src/yann.c" -mcpu=cortex-m4 -std=gnu11 -g3 -DDEBUG -DUSE_HAL_DRIVER -DSTM32L476xx -c -I../Core/Inc -I../Drivers/STM32L4xx_HAL_Driver/Inc -I../Drivers/STM32L4xx_HAL_Driver/Inc/Legacy -I../Drivers/CMSIS/Device/ST/STM32L4xx/Include -I../Drivers/CMSIS/Include -O0 -ffunction-sections -fdata-sections -Wall -fstack-usage -MMD -MP -MF"Core/Src/yann.d" -MT"Core/Src/yann.o" --specs=nano.specs -mfpu=fpv4-sp-d16 -mfloat-abi=hard -mthumb -o "Core/Src/yann.o"
../Core/Src/yann.c: In function 'mapping_adc_value':
../Core/Src/yann.c:30:34: error: 'value' undeclared (first use in this function); did you mean 'val'?
   30 |  remap =1512 + (4095 - 1512) * ((value - 0) / (4095 - 0));
      |                                  ^~~~~
      |                                  val
../Core/Src/yann.c:30:34: note: each undeclared identifier is reported only once for each function it appears in
make: *** [Core/Src/subdir.mk:43: Core/Src/yann.o] Error 1
"make -j4 all" terminated with exit code 2. Build might be incomplete.
12:57:40 **** Incremental Build of configuration Debug for project 1DOF_Bench ****
make -j4 all 
arm-none-eabi-gcc "../Core/Src/yann.c" -mcpu=cortex-m4 -std=gnu11 -g3 -DDEBUG -DUSE_HAL_DRIVER -DSTM32L476xx -c -I../Core/Inc -I../Drivers/STM32L4xx_HAL_Driver/Inc -I../Drivers/STM32L4xx_HAL_Driver/Inc/Legacy -I../Drivers/CMSIS/Device/ST/STM32L4xx/Include -I../Drivers/CMSIS/Include -O0 -ffunction-sections -fdata-sections -Wall -fstack-usage -MMD -MP -MF"Core/Src/yann.d" -MT"Core/Src/yann.o" --specs=nano.specs -mfpu=fpv4-sp-d16 -mfloat-abi=hard -mthumb -o "Core/Src/yann.o"
arm-none-eabi-g++ -o "1DOF_Bench.elf" @"objects.list"   -mcpu=cortex-m4 -T"C:\Users\AXEL NDO\Documents\master 1 SRD\test\Stage_1DOF_DroneBench\05_CubeIDE\1DOF_Bench\STM32L476RGTX_FLASH.ld" --specs=nosys.specs -Wl,-Map="1DOF_Bench.map" -Wl,--gc-sections -static --specs=nano.specs -mfpu=fpv4-sp-d16 -mfloat-abi=hard -mthumb -u _printf_float -u _scanf_float -Wl,--start-group -lc -lm -lstdc++ -lsupc++ -Wl,--end-group
Finished building target: 1DOF_Bench.elf
 
arm-none-eabi-size   1DOF_Bench.elf 
arm-none-eabi-objdump -h -S  1DOF_Bench.elf  > "1DOF_Bench.list"
arm-none-eabi-objcopy  -O binary  1DOF_Bench.elf  "1DOF_Bench.bin"
   text	   data	    bss	    dec	    hex	filename
  50568	    496	   1992	  53056	   cf40	1DOF_Bench.elf
Finished building: default.size.stdout
 
Finished building: 1DOF_Bench.bin
 
Finished building: 1DOF_Bench.list
 
12:59:08 **** Incremental Build of configuration Debug for project 1DOF_Bench ****
make -j4 all 
arm-none-eabi-gcc "../Core/Src/main.c" -mcpu=cortex-m4 -std=gnu11 -g3 -DDEBUG -DUSE_HAL_DRIVER -DSTM32L476xx -c -I../Core/Inc -I../Drivers/STM32L4xx_HAL_Driver/Inc -I../Drivers/STM32L4xx_HAL_Driver/Inc/Legacy -I../Drivers/CMSIS/Device/ST/STM32L4xx/Include -I../Drivers/CMSIS/Include -O0 -ffunction-sections -fdata-sections -Wall -fstack-usage -MMD -MP -MF"Core/Src/main.d" -MT"Core/Src/main.o" --specs=nano.specs -mfpu=fpv4-sp-d16 -mfloat-abi=hard -mthumb -o "Core/Src/main.o"
arm-none-eabi-g++ -o "1DOF_Bench.elf" @"objects.list"   -mcpu=cortex-m4 -T"C:\Users\AXEL NDO\Documents\master 1 SRD\test\Stage_1DOF_DroneBench\05_CubeIDE\1DOF_Bench\STM32L476RGTX_FLASH.ld" --specs=nosys.specs -Wl,-Map="1DOF_Bench.map" -Wl,--gc-sections -static --specs=nano.specs -mfpu=fpv4-sp-d16 -mfloat-abi=hard -mthumb -u _printf_float -u _scanf_float -Wl,--start-group -lc -lm -lstdc++ -lsupc++ -Wl,--end-group
Finished building target: 1DOF_Bench.elf
 
arm-none-eabi-size   1DOF_Bench.elf 
arm-none-eabi-objdump -h -S  1DOF_Bench.elf  > "1DOF_Bench.list"
arm-none-eabi-objcopy  -O binary  1DOF_Bench.elf  "1DOF_Bench.bin"
   text	   data	    bss	    dec	    hex	filename
  50672	    496	   2000	  53168	   cfb0	1DOF_Bench.elf
Finished building: default.size.stdout
 
Finished building: 1DOF_Bench.bin
 
Finished building: 1DOF_Bench.list
 
12:59:17 **** Incremental Build of configuration Debug for project 1DOF_Bench ****
make -j4 all 
arm-none-eabi-size   1DOF_Bench.elf 
   text	   data	    bss	    dec	    hex	filename
  50672	    496	   2000	  53168	   cfb0	1DOF_Bench.elf
Finished building: default.size.stdout
 
13:45:10 **** Incremental Build of configuration Debug for project 1DOF_Bench ****
make -j4 all 
arm-none-eabi-gcc "../Core/Src/main.c" -mcpu=cortex-m4 -std=gnu11 -g3 -DDEBUG -DUSE_HAL_DRIVER -DSTM32L476xx -c -I../Core/Inc -I../Drivers/STM32L4xx_HAL_Driver/Inc -I../Drivers/STM32L4xx_HAL_Driver/Inc/Legacy -I../Drivers/CMSIS/Device/ST/STM32L4xx/Include -I../Drivers/CMSIS/Include -O0 -ffunction-sections -fdata-sections -Wall -fstack-usage -MMD -MP -MF"Core/Src/main.d" -MT"Core/Src/main.o" --specs=nano.specs -mfpu=fpv4-sp-d16 -mfloat-abi=hard -mthumb -o "Core/Src/main.o"
arm-none-eabi-g++ -o "1DOF_Bench.elf" @"objects.list"   -mcpu=cortex-m4 -T"C:\Users\AXEL NDO\Documents\master 1 SRD\test\Stage_1DOF_DroneBench\05_CubeIDE\1DOF_Bench\STM32L476RGTX_FLASH.ld" --specs=nosys.specs -Wl,-Map="1DOF_Bench.map" -Wl,--gc-sections -static --specs=nano.specs -mfpu=fpv4-sp-d16 -mfloat-abi=hard -mthumb -u _printf_float -u _scanf_float -Wl,--start-group -lc -lm -lstdc++ -lsupc++ -Wl,--end-group
Finished building target: 1DOF_Bench.elf
 
arm-none-eabi-size   1DOF_Bench.elf 
arm-none-eabi-objdump -h -S  1DOF_Bench.elf  > "1DOF_Bench.list"
arm-none-eabi-objcopy  -O binary  1DOF_Bench.elf  "1DOF_Bench.bin"
   text	   data	    bss	    dec	    hex	filename
  50672	    496	   2000	  53168	   cfb0	1DOF_Bench.elf
Finished building: default.size.stdout
 
Finished building: 1DOF_Bench.bin
 
Finished building: 1DOF_Bench.list
 
13:45:18 **** Incremental Build of configuration Debug for project 1DOF_Bench ****
make -j4 all 
arm-none-eabi-size   1DOF_Bench.elf 
   text	   data	    bss	    dec	    hex	filename
  50672	    496	   2000	  53168	   cfb0	1DOF_Bench.elf
Finished building: default.size.stdout
 
13:48:21 **** Incremental Build of configuration Debug for project 1DOF_Bench ****
make -j4 all 
arm-none-eabi-gcc "../Core/Src/main.c" -mcpu=cortex-m4 -std=gnu11 -g3 -DDEBUG -DUSE_HAL_DRIVER -DSTM32L476xx -c -I../Core/Inc -I../Drivers/STM32L4xx_HAL_Driver/Inc -I../Drivers/STM32L4xx_HAL_Driver/Inc/Legacy -I../Drivers/CMSIS/Device/ST/STM32L4xx/Include -I../Drivers/CMSIS/Include -O0 -ffunction-sections -fdata-sections -Wall -fstack-usage -MMD -MP -MF"Core/Src/main.d" -MT"Core/Src/main.o" --specs=nano.specs -mfpu=fpv4-sp-d16 -mfloat-abi=hard -mthumb -o "Core/Src/main.o"
arm-none-eabi-g++ -o "1DOF_Bench.elf" @"objects.list"   -mcpu=cortex-m4 -T"C:\Users\AXEL NDO\Documents\master 1 SRD\test\Stage_1DOF_DroneBench\05_CubeIDE\1DOF_Bench\STM32L476RGTX_FLASH.ld" --specs=nosys.specs -Wl,-Map="1DOF_Bench.map" -Wl,--gc-sections -static --specs=nano.specs -mfpu=fpv4-sp-d16 -mfloat-abi=hard -mthumb -u _printf_float -u _scanf_float -Wl,--start-group -lc -lm -lstdc++ -lsupc++ -Wl,--end-group
Finished building target: 1DOF_Bench.elf
 
arm-none-eabi-size   1DOF_Bench.elf 
arm-none-eabi-objdump -h -S  1DOF_Bench.elf  > "1DOF_Bench.list"
arm-none-eabi-objcopy  -O binary  1DOF_Bench.elf  "1DOF_Bench.bin"
   text	   data	    bss	    dec	    hex	filename
  50720	    496	   2000	  53216	   cfe0	1DOF_Bench.elf
Finished building: default.size.stdout
 
Finished building: 1DOF_Bench.bin
 
Finished building: 1DOF_Bench.list
 
13:48:32 **** Incremental Build of configuration Debug for project 1DOF_Bench ****
make -j4 all 
arm-none-eabi-size   1DOF_Bench.elf 
   text	   data	    bss	    dec	    hex	filename
  50720	    496	   2000	  53216	   cfe0	1DOF_Bench.elf
Finished building: default.size.stdout
 
13:56:52 **** Incremental Build of configuration Debug for project 1DOF_Bench ****
make -j4 all 
arm-none-eabi-gcc "../Core/Src/main.c" -mcpu=cortex-m4 -std=gnu11 -g3 -DDEBUG -DUSE_HAL_DRIVER -DSTM32L476xx -c -I../Core/Inc -I../Drivers/STM32L4xx_HAL_Driver/Inc -I../Drivers/STM32L4xx_HAL_Driver/Inc/Legacy -I../Drivers/CMSIS/Device/ST/STM32L4xx/Include -I../Drivers/CMSIS/Include -O0 -ffunction-sections -fdata-sections -Wall -fstack-usage -MMD -MP -MF"Core/Src/main.d" -MT"Core/Src/main.o" --specs=nano.specs -mfpu=fpv4-sp-d16 -mfloat-abi=hard -mthumb -o "Core/Src/main.o"
arm-none-eabi-g++ -o "1DOF_Bench.elf" @"objects.list"   -mcpu=cortex-m4 -T"C:\Users\AXEL NDO\Documents\master 1 SRD\test\Stage_1DOF_DroneBench\05_CubeIDE\1DOF_Bench\STM32L476RGTX_FLASH.ld" --specs=nosys.specs -Wl,-Map="1DOF_Bench.map" -Wl,--gc-sections -static --specs=nano.specs -mfpu=fpv4-sp-d16 -mfloat-abi=hard -mthumb -u _printf_float -u _scanf_float -Wl,--start-group -lc -lm -lstdc++ -lsupc++ -Wl,--end-group
Finished building target: 1DOF_Bench.elf
 
arm-none-eabi-size   1DOF_Bench.elf 
arm-none-eabi-objdump -h -S  1DOF_Bench.elf  > "1DOF_Bench.list"
arm-none-eabi-objcopy  -O binary  1DOF_Bench.elf  "1DOF_Bench.bin"
   text	   data	    bss	    dec	    hex	filename
  50744	    496	   2000	  53240	   cff8	1DOF_Bench.elf
Finished building: default.size.stdout
 
Finished building: 1DOF_Bench.bin
 
Finished building: 1DOF_Bench.list
 
13:57:00 **** Incremental Build of configuration Debug for project 1DOF_Bench ****
make -j4 all 
arm-none-eabi-size   1DOF_Bench.elf 
   text	   data	    bss	    dec	    hex	filename
  50744	    496	   2000	  53240	   cff8	1DOF_Bench.elf
Finished building: default.size.stdout
 
14:00:17 **** Incremental Build of configuration Debug for project 1DOF_Bench ****
make -j4 all 
arm-none-eabi-gcc "../Core/Src/main.c" -mcpu=cortex-m4 -std=gnu11 -g3 -DDEBUG -DUSE_HAL_DRIVER -DSTM32L476xx -c -I../Core/Inc -I../Drivers/STM32L4xx_HAL_Driver/Inc -I../Drivers/STM32L4xx_HAL_Driver/Inc/Legacy -I../Drivers/CMSIS/Device/ST/STM32L4xx/Include -I../Drivers/CMSIS/Include -O0 -ffunction-sections -fdata-sections -Wall -fstack-usage -MMD -MP -MF"Core/Src/main.d" -MT"Core/Src/main.o" --specs=nano.specs -mfpu=fpv4-sp-d16 -mfloat-abi=hard -mthumb -o "Core/Src/main.o"
arm-none-eabi-g++ -o "1DOF_Bench.elf" @"objects.list"   -mcpu=cortex-m4 -T"C:\Users\AXEL NDO\Documents\master 1 SRD\test\Stage_1DOF_DroneBench\05_CubeIDE\1DOF_Bench\STM32L476RGTX_FLASH.ld" --specs=nosys.specs -Wl,-Map="1DOF_Bench.map" -Wl,--gc-sections -static --specs=nano.specs -mfpu=fpv4-sp-d16 -mfloat-abi=hard -mthumb -u _printf_float -u _scanf_float -Wl,--start-group -lc -lm -lstdc++ -lsupc++ -Wl,--end-group
Finished building target: 1DOF_Bench.elf
 
arm-none-eabi-size   1DOF_Bench.elf 
arm-none-eabi-objdump -h -S  1DOF_Bench.elf  > "1DOF_Bench.list"
arm-none-eabi-objcopy  -O binary  1DOF_Bench.elf  "1DOF_Bench.bin"
   text	   data	    bss	    dec	    hex	filename
  50720	    496	   2000	  53216	   cfe0	1DOF_Bench.elf
Finished building: default.size.stdout
 
Finished building: 1DOF_Bench.bin
 
Finished building: 1DOF_Bench.list
 
14:00:27 **** Incremental Build of configuration Debug for project 1DOF_Bench ****
make -j4 all 
arm-none-eabi-size   1DOF_Bench.elf 
   text	   data	    bss	    dec	    hex	filename
  50720	    496	   2000	  53216	   cfe0	1DOF_Bench.elf
Finished building: default.size.stdout
 
14:02:57 **** Incremental Build of configuration Debug for project 1DOF_Bench ****
make -j4 all 
arm-none-eabi-gcc "../Core/Src/main.c" -mcpu=cortex-m4 -std=gnu11 -g3 -DDEBUG -DUSE_HAL_DRIVER -DSTM32L476xx -c -I../Core/Inc -I../Drivers/STM32L4xx_HAL_Driver/Inc -I../Drivers/STM32L4xx_HAL_Driver/Inc/Legacy -I../Drivers/CMSIS/Device/ST/STM32L4xx/Include -I../Drivers/CMSIS/Include -O0 -ffunction-sections -fdata-sections -Wall -fstack-usage -MMD -MP -MF"Core/Src/main.d" -MT"Core/Src/main.o" --specs=nano.specs -mfpu=fpv4-sp-d16 -mfloat-abi=hard -mthumb -o "Core/Src/main.o"
arm-none-eabi-gcc "../Core/Src/yann.c" -mcpu=cortex-m4 -std=gnu11 -g3 -DDEBUG -DUSE_HAL_DRIVER -DSTM32L476xx -c -I../Core/Inc -I../Drivers/STM32L4xx_HAL_Driver/Inc -I../Drivers/STM32L4xx_HAL_Driver/Inc/Legacy -I../Drivers/CMSIS/Device/ST/STM32L4xx/Include -I../Drivers/CMSIS/Include -O0 -ffunction-sections -fdata-sections -Wall -fstack-usage -MMD -MP -MF"Core/Src/yann.d" -MT"Core/Src/yann.o" --specs=nano.specs -mfpu=fpv4-sp-d16 -mfloat-abi=hard -mthumb -o "Core/Src/yann.o"
arm-none-eabi-g++ -o "1DOF_Bench.elf" @"objects.list"   -mcpu=cortex-m4 -T"C:\Users\AXEL NDO\Documents\master 1 SRD\test\Stage_1DOF_DroneBench\05_CubeIDE\1DOF_Bench\STM32L476RGTX_FLASH.ld" --specs=nosys.specs -Wl,-Map="1DOF_Bench.map" -Wl,--gc-sections -static --specs=nano.specs -mfpu=fpv4-sp-d16 -mfloat-abi=hard -mthumb -u _printf_float -u _scanf_float -Wl,--start-group -lc -lm -lstdc++ -lsupc++ -Wl,--end-group
Finished building target: 1DOF_Bench.elf
 
arm-none-eabi-size   1DOF_Bench.elf 
arm-none-eabi-objdump -h -S  1DOF_Bench.elf  > "1DOF_Bench.list"
arm-none-eabi-objcopy  -O binary  1DOF_Bench.elf  "1DOF_Bench.bin"
   text	   data	    bss	    dec	    hex	filename
  50920	    496	   2000	  53416	   d0a8	1DOF_Bench.elf
Finished building: default.size.stdout
 
Finished building: 1DOF_Bench.bin
 
Finished building: 1DOF_Bench.list
 
14:03:14 **** Incremental Build of configuration Debug for project 1DOF_Bench ****
make -j4 all 
arm-none-eabi-size   1DOF_Bench.elf 
   text	   data	    bss	    dec	    hex	filename
  50920	    496	   2000	  53416	   d0a8	1DOF_Bench.elf
Finished building: default.size.stdout
 
14:09:37 **** Incremental Build of configuration Debug for project 1DOF_Bench ****
make -j4 all 
arm-none-eabi-gcc "../Core/Src/yann.c" -mcpu=cortex-m4 -std=gnu11 -g3 -DDEBUG -DUSE_HAL_DRIVER -DSTM32L476xx -c -I../Core/Inc -I../Drivers/STM32L4xx_HAL_Driver/Inc -I../Drivers/STM32L4xx_HAL_Driver/Inc/Legacy -I../Drivers/CMSIS/Device/ST/STM32L4xx/Include -I../Drivers/CMSIS/Include -O0 -ffunction-sections -fdata-sections -Wall -fstack-usage -MMD -MP -MF"Core/Src/yann.d" -MT"Core/Src/yann.o" --specs=nano.specs -mfpu=fpv4-sp-d16 -mfloat-abi=hard -mthumb -o "Core/Src/yann.o"
arm-none-eabi-g++ -o "1DOF_Bench.elf" @"objects.list"   -mcpu=cortex-m4 -T"C:\Users\AXEL NDO\Documents\master 1 SRD\test\Stage_1DOF_DroneBench\05_CubeIDE\1DOF_Bench\STM32L476RGTX_FLASH.ld" --specs=nosys.specs -Wl,-Map="1DOF_Bench.map" -Wl,--gc-sections -static --specs=nano.specs -mfpu=fpv4-sp-d16 -mfloat-abi=hard -mthumb -u _printf_float -u _scanf_float -Wl,--start-group -lc -lm -lstdc++ -lsupc++ -Wl,--end-group
Finished building target: 1DOF_Bench.elf
 
arm-none-eabi-size   1DOF_Bench.elf 
arm-none-eabi-objdump -h -S  1DOF_Bench.elf  > "1DOF_Bench.list"
arm-none-eabi-objcopy  -O binary  1DOF_Bench.elf  "1DOF_Bench.bin"
   text	   data	    bss	    dec	    hex	filename
  50920	    496	   2000	  53416	   d0a8	1DOF_Bench.elf
Finished building: default.size.stdout
 
Finished building: 1DOF_Bench.bin
 
Finished building: 1DOF_Bench.list
 
14:09:43 **** Incremental Build of configuration Debug for project 1DOF_Bench ****
make -j4 all 
arm-none-eabi-size   1DOF_Bench.elf 
[...]
  562 | static void MX_GPIO_Init(void) {
      |             ^~~~~~~~~~~~
../Core/Src/main.c:604:1: error: expected declaration or statement at end of input
  604 | }
      | ^
../Core/Src/main.c:604:1: error: expected declaration or statement at end of input
../Core/Src/main.c:84:6: warning: unused variable 'mapped_value' [-Wunused-variable]
   84 |  int mapped_value;
      |      ^~~~~~~~~~~~
../Core/Src/main.c:83:6: warning: unused variable 'valeur_can' [-Wunused-variable]
   83 |  int valeur_can;
      |      ^~~~~~~~~~
../Core/Src/main.c:82:7: warning: unused variable 'okay' [-Wunused-variable]
   82 |  bool okay;
      |       ^~~~
../Core/Src/main.c: At top level:
../Core/Src/main.c:59:13: warning: 'MX_GPIO_Init' used but never defined
   59 | static void MX_GPIO_Init(void);
      |             ^~~~~~~~~~~~
../Core/Src/main.c:60:13: warning: 'MX_USART2_UART_Init' used but never defined
   60 | static void MX_USART2_UART_Init(void);
      |             ^~~~~~~~~~~~~~~~~~~
../Core/Src/main.c:61:13: warning: 'MX_ADC1_Init' used but never defined
   61 | static void MX_ADC1_Init(void);
      |             ^~~~~~~~~~~~
../Core/Src/main.c:62:13: warning: 'MX_DMA_Init' used but never defined
   62 | static void MX_DMA_Init(void);
      |             ^~~~~~~~~~~
../Core/Src/main.c:63:13: warning: 'MX_TIM3_Init' used but never defined
   63 | static void MX_TIM3_Init(void);
      |             ^~~~~~~~~~~~
../Core/Src/main.c:597:6: warning: 'Error_Handler' defined but not used [-Wunused-function]
  597 | void Error_Handler(void) {
      |      ^~~~~~~~~~~~~
../Core/Src/main.c:562:13: warning: 'MX_GPIO_Init' defined but not used [-Wunused-function]
  562 | static void MX_GPIO_Init(void) {
      |             ^~~~~~~~~~~~
../Core/Src/main.c:545:13: warning: 'MX_DMA_Init' defined but not used [-Wunused-function]
  545 | static void MX_DMA_Init(void) {
      |             ^~~~~~~~~~~
../Core/Src/main.c:514:13: warning: 'MX_USART2_UART_Init' defined but not used [-Wunused-function]
  514 | static void MX_USART2_UART_Init(void) {
      |             ^~~~~~~~~~~~~~~~~~~
../Core/Src/main.c:459:13: warning: 'MX_TIM3_Init' defined but not used [-Wunused-function]
  459 | static void MX_TIM3_Init(void) {
      |             ^~~~~~~~~~~~
../Core/Src/main.c:399:13: warning: 'MX_ADC1_Init' defined but not used [-Wunused-function]
  399 | static void MX_ADC1_Init(void) {
      |             ^~~~~~~~~~~~
../Core/Src/main.c:354:6: warning: 'SystemClock_Config' defined but not used [-Wunused-function]
  354 | void SystemClock_Config(void) {
      |      ^~~~~~~~~~~~~~~~~~
make: *** [Core/Src/subdir.mk:43: Core/Src/main.o] Error 1
"make -j4 all" terminated with exit code 2. Build might be incomplete.
12:11:44 **** Incremental Build of configuration Debug for project 1DOF_Bench ****
make -j4 all 
arm-none-eabi-gcc "../Core/Src/main.c" -mcpu=cortex-m4 -std=gnu11 -g3 -DDEBUG -DUSE_HAL_DRIVER -DSTM32L476xx -c -I../Core/Inc -I../Drivers/STM32L4xx_HAL_Driver/Inc -I../Drivers/STM32L4xx_HAL_Driver/Inc/Legacy -I../Drivers/CMSIS/Device/ST/STM32L4xx/Include -I../Drivers/CMSIS/Include -O0 -ffunction-sections -fdata-sections -Wall -fstack-usage -MMD -MP -MF"Core/Src/main.d" -MT"Core/Src/main.o" --specs=nano.specs -mfpu=fpv4-sp-d16 -mfloat-abi=hard -mthumb -o "Core/Src/main.o"
../Core/Src/main.c: In function 'main':
../Core/Src/main.c:343:3: warning: "/*" within comment [-Wcomment]
  343 |   /* USER CODE END WHILE */
      |    
../Core/Src/main.c:140:3: warning: enumeration value 'manual_mode' not handled in switch [-Wswitch]
  140 |   switch (etat) {
      |   ^~~~~~
../Core/Src/main.c:140:3: warning: enumeration value 'init_pot' not handled in switch [-Wswitch]
../Core/Src/main.c:399:13: error: invalid storage class for function 'MX_ADC1_Init'
  399 | static void MX_ADC1_Init(void) {
      |             ^~~~~~~~~~~~
../Core/Src/main.c:459:13: error: invalid storage class for function 'MX_TIM3_Init'
  459 | static void MX_TIM3_Init(void) {
      |             ^~~~~~~~~~~~
../Core/Src/main.c:514:13: error: invalid storage class for function 'MX_USART2_UART_Init'
  514 | static void MX_USART2_UART_Init(void) {
      |             ^~~~~~~~~~~~~~~~~~~
../Core/Src/main.c:545:13: error: invalid storage class for function 'MX_DMA_Init'
  545 | static void MX_DMA_Init(void) {
      |             ^~~~~~~~~~~
../Core/Src/main.c:562:13: error: invalid storage class for function 'MX_GPIO_Init'
  562 | static void MX_GPIO_Init(void) {
      |             ^~~~~~~~~~~~
../Core/Src/main.c:604:1: error: expected declaration or statement at end of input
  604 | }
      | ^
../Core/Src/main.c:604:1: error: expected declaration or statement at end of input
../Core/Src/main.c:84:6: warning: unused variable 'mapped_value' [-Wunused-variable]
   84 |  int mapped_value;
      |      ^~~~~~~~~~~~
../Core/Src/main.c:83:6: warning: unused variable 'valeur_can' [-Wunused-variable]
   83 |  int valeur_can;
      |      ^~~~~~~~~~
../Core/Src/main.c:82:7: warning: unused variable 'okay' [-Wunused-variable]
   82 |  bool okay;
      |       ^~~~
../Core/Src/main.c: At top level:
../Core/Src/main.c:59:13: warning: 'MX_GPIO_Init' used but never defined
   59 | static void MX_GPIO_Init(void);
      |             ^~~~~~~~~~~~
../Core/Src/main.c:60:13: warning: 'MX_USART2_UART_Init' used but never defined
   60 | static void MX_USART2_UART_Init(void);
      |             ^~~~~~~~~~~~~~~~~~~
../Core/Src/main.c:61:13: warning: 'MX_ADC1_Init' used but never defined
   61 | static void MX_ADC1_Init(void);
      |             ^~~~~~~~~~~~
../Core/Src/main.c:62:13: warning: 'MX_DMA_Init' used but never defined
   62 | static void MX_DMA_Init(void);
      |             ^~~~~~~~~~~
../Core/Src/main.c:63:13: warning: 'MX_TIM3_Init' used but never defined
   63 | static void MX_TIM3_Init(void);
      |             ^~~~~~~~~~~~
../Core/Src/main.c:597:6: warning: 'Error_Handler' defined but not used [-Wunused-function]
  597 | void Error_Handler(void) {
      |      ^~~~~~~~~~~~~
../Core/Src/main.c:562:13: warning: 'MX_GPIO_Init' defined but not used [-Wunused-function]
  562 | static void MX_GPIO_Init(void) {
      |             ^~~~~~~~~~~~
../Core/Src/main.c:545:13: warning: 'MX_DMA_Init' defined but not used [-Wunused-function]
  545 | static void MX_DMA_Init(void) {
      |             ^~~~~~~~~~~
../Core/Src/main.c:514:13: warning: 'MX_USART2_UART_Init' defined but not used [-Wunused-function]
  514 | static void MX_USART2_UART_Init(void) {
      |             ^~~~~~~~~~~~~~~~~~~
../Core/Src/main.c:459:13: warning: 'MX_TIM3_Init' defined but not used [-Wunused-function]
  459 | static void MX_TIM3_Init(void) {
      |             ^~~~~~~~~~~~
../Core/Src/main.c:399:13: warning: 'MX_ADC1_Init' defined but not used [-Wunused-function]
  399 | static void MX_ADC1_Init(void) {
      |             ^~~~~~~~~~~~
../Core/Src/main.c:354:6: warning: 'SystemClock_Config' defined but not used [-Wunused-function]
  354 | void SystemClock_Config(void) {
      |      ^~~~~~~~~~~~~~~~~~
make: *** [Core/Src/subdir.mk:43: Core/Src/main.o] Error 1
"make -j4 all" terminated with exit code 2. Build might be incomplete.
12:12:03 **** Incremental Build of configuration Debug for project 1DOF_Bench ****
make -j4 all 
arm-none-eabi-gcc "../Core/Src/main.c" -mcpu=cortex-m4 -std=gnu11 -g3 -DDEBUG -DUSE_HAL_DRIVER -DSTM32L476xx -c -I../Core/Inc -I../Drivers/STM32L4xx_HAL_Driver/Inc -I../Drivers/STM32L4xx_HAL_Driver/Inc/Legacy -I../Drivers/CMSIS/Device/ST/STM32L4xx/Include -I../Drivers/CMSIS/Include -O0 -ffunction-sections -fdata-sections -Wall -fstack-usage -MMD -MP -MF"Core/Src/main.d" -MT"Core/Src/main.o" --specs=nano.specs -mfpu=fpv4-sp-d16 -mfloat-abi=hard -mthumb -o "Core/Src/main.o"
arm-none-eabi-g++ -o "1DOF_Bench.elf" @"objects.list"   -mcpu=cortex-m4 -T"C:\Users\AXEL NDO\Documents\master 1 SRD\test\Stage_1DOF_DroneBench\05_CubeIDE\1DOF_Bench\STM32L476RGTX_FLASH.ld" --specs=nosys.specs -Wl,-Map="1DOF_Bench.map" -Wl,--gc-sections -static --specs=nano.specs -mfpu=fpv4-sp-d16 -mfloat-abi=hard -mthumb -u _printf_float -u _scanf_float -Wl,--start-group -lc -lm -lstdc++ -lsupc++ -Wl,--end-group
Finished building target: 1DOF_Bench.elf
 
arm-none-eabi-size   1DOF_Bench.elf 
arm-none-eabi-objdump -h -S  1DOF_Bench.elf  > "1DOF_Bench.list"
arm-none-eabi-objcopy  -O binary  1DOF_Bench.elf  "1DOF_Bench.bin"
   text	   data	    bss	    dec	    hex	filename
  50816	    496	   2000	  53312	   d040	1DOF_Bench.elf
Finished building: default.size.stdout
 
Finished building: 1DOF_Bench.bin
 
Finished building: 1DOF_Bench.list
 
12:12:15 **** Incremental Build of configuration Debug for project 1DOF_Bench ****
make -j4 all 
arm-none-eabi-size   1DOF_Bench.elf 
   text	   data	    bss	    dec	    hex	filename
  50816	    496	   2000	  53312	   d040	1DOF_Bench.elf
Finished building: default.size.stdout
 
12:15:25 **** Incremental Build of configuration Debug for project 1DOF_Bench ****
make -j4 all 
arm-none-eabi-gcc "../Core/Src/main.c" -mcpu=cortex-m4 -std=gnu11 -g3 -DDEBUG -DUSE_HAL_DRIVER -DSTM32L476xx -c -I../Core/Inc -I../Drivers/STM32L4xx_HAL_Driver/Inc -I../Drivers/STM32L4xx_HAL_Driver/Inc/Legacy -I../Drivers/CMSIS/Device/ST/STM32L4xx/Include -I../Drivers/CMSIS/Include -O0 -ffunction-sections -fdata-sections -Wall -fstack-usage -MMD -MP -MF"Core/Src/main.d" -MT"Core/Src/main.o" --specs=nano.specs -mfpu=fpv4-sp-d16 -mfloat-abi=hard -mthumb -o "Core/Src/main.o"
../Core/Src/main.c: In function 'main':
../Core/Src/main.c:260:16: error: expected expression before '{' token
  260 |     gaz_buffer={' '};
      |                ^
make: *** [Core/Src/subdir.mk:43: Core/Src/main.o] Error 1
"make -j4 all" terminated with exit code 2. Build might be incomplete.
12:15:35 **** Incremental Build of configuration Debug for project 1DOF_Bench ****
make -j4 all 
arm-none-eabi-gcc "../Core/Src/main.c" -mcpu=cortex-m4 -std=gnu11 -g3 -DDEBUG -DUSE_HAL_DRIVER -DSTM32L476xx -c -I../Core/Inc -I../Drivers/STM32L4xx_HAL_Driver/Inc -I../Drivers/STM32L4xx_HAL_Driver/Inc/Legacy -I../Drivers/CMSIS/Device/ST/STM32L4xx/Include -I../Drivers/CMSIS/Include -O0 -ffunction-sections -fdata-sections -Wall -fstack-usage -MMD -MP -MF"Core/Src/main.d" -MT"Core/Src/main.o" --specs=nano.specs -mfpu=fpv4-sp-d16 -mfloat-abi=hard -mthumb -o "Core/Src/main.o"
../Core/Src/main.c: In function 'main':
../Core/Src/main.c:260:16: error: expected expression before '{' token
  260 |     gaz_buffer={0};
      |                ^
make: *** [Core/Src/subdir.mk:43: Core/Src/main.o] Error 1
"make -j4 all" terminated with exit code 2. Build might be incomplete.
12:16:11 **** Incremental Build of configuration Debug for project 1DOF_Bench ****
make -j4 all 
arm-none-eabi-gcc "../Core/Src/main.c" -mcpu=cortex-m4 -std=gnu11 -g3 -DDEBUG -DUSE_HAL_DRIVER -DSTM32L476xx -c -I../Core/Inc -I../Drivers/STM32L4xx_HAL_Driver/Inc -I../Drivers/STM32L4xx_HAL_Driver/Inc/Legacy -I../Drivers/CMSIS/Device/ST/STM32L4xx/Include -I../Drivers/CMSIS/Include -O0 -ffunction-sections -fdata-sections -Wall -fstack-usage -MMD -MP -MF"Core/Src/main.d" -MT"Core/Src/main.o" --specs=nano.specs -mfpu=fpv4-sp-d16 -mfloat-abi=hard -mthumb -o "Core/Src/main.o"
../Core/Src/main.c: In function 'main':
../Core/Src/main.c:260:16: error: expected expression before '[' token
  260 |     gaz_buffer=[0,0,0,0];
      |                ^
../Core/Src/main.c:260:18: warning: left-hand operand of comma expression has no effect [-Wunused-value]
  260 |     gaz_buffer=[0,0,0,0];
      |                  ^
../Core/Src/main.c:260:20: warning: left-hand operand of comma expression has no effect [-Wunused-value]
  260 |     gaz_buffer=[0,0,0,0];
      |                    ^
../Core/Src/main.c:260:22: warning: left-hand operand of comma expression has no effect [-Wunused-value]
  260 |     gaz_buffer=[0,0,0,0];
      |                      ^
make: *** [Core/Src/subdir.mk:43: Core/Src/main.o] Error 1
"make -j4 all" terminated with exit code 2. Build might be incomplete.
12:16:35 **** Incremental Build of configuration Debug for project 1DOF_Bench ****
make -j4 all 
arm-none-eabi-gcc "../Core/Src/main.c" -mcpu=cortex-m4 -std=gnu11 -g3 -DDEBUG -DUSE_HAL_DRIVER -DSTM32L476xx -c -I../Core/Inc -I../Drivers/STM32L4xx_HAL_Driver/Inc -I../Drivers/STM32L4xx_HAL_Driver/Inc/Legacy -I../Drivers/CMSIS/Device/ST/STM32L4xx/Include -I../Drivers/CMSIS/Include -O0 -ffunction-sections -fdata-sections -Wall -fstack-usage -MMD -MP -MF"Core/Src/main.d" -MT"Core/Src/main.o" --specs=nano.specs -mfpu=fpv4-sp-d16 -mfloat-abi=hard -mthumb -o "Core/Src/main.o"
../Core/Src/main.c: In function 'main':
../Core/Src/main.c:260:16: error: expected expression before '[' token
  260 |     gaz_buffer=[0;0;0;0];
      |                ^
make: *** [Core/Src/subdir.mk:43: Core/Src/main.o] Error 1
"make -j4 all" terminated with exit code 2. Build might be incomplete.
12:16:55 **** Incremental Build of configuration Debug for project 1DOF_Bench ****
make -j4 all 
arm-none-eabi-gcc "../Core/Src/main.c" -mcpu=cortex-m4 -std=gnu11 -g3 -DDEBUG -DUSE_HAL_DRIVER -DSTM32L476xx -c -I../Core/Inc -I../Drivers/STM32L4xx_HAL_Driver/Inc -I../Drivers/STM32L4xx_HAL_Driver/Inc/Legacy -I../Drivers/CMSIS/Device/ST/STM32L4xx/Include -I../Drivers/CMSIS/Include -O0 -ffunction-sections -fdata-sections -Wall -fstack-usage -MMD -MP -MF"Core/Src/main.d" -MT"Core/Src/main.o" --specs=nano.specs -mfpu=fpv4-sp-d16 -mfloat-abi=hard -mthumb -o "Core/Src/main.o"
../Core/Src/main.c: In function 'main':
../Core/Src/main.c:260:16: error: expected expression before ']' token
  260 |     gaz_buffer[]=[0;0;0;0];
      |                ^
make: *** [Core/Src/subdir.mk:43: Core/Src/main.o] Error 1
"make -j4 all" terminated with exit code 2. Build might be incomplete.
12:18:24 **** Incremental Build of configuration Debug for project 1DOF_Bench ****
make -j4 all 
arm-none-eabi-gcc "../Core/Src/main.c" -mcpu=cortex-m4 -std=gnu11 -g3 -DDEBUG -DUSE_HAL_DRIVER -DSTM32L476xx -c -I../Core/Inc -I../Drivers/STM32L4xx_HAL_Driver/Inc -I../Drivers/STM32L4xx_HAL_Driver/Inc/Legacy -I../Drivers/CMSIS/Device/ST/STM32L4xx/Include -I../Drivers/CMSIS/Include -O0 -ffunction-sections -fdata-sections -Wall -fstack-usage -MMD -MP -MF"Core/Src/main.d" -MT"Core/Src/main.o" --specs=nano.specs -mfpu=fpv4-sp-d16 -mfloat-abi=hard -mthumb -o "Core/Src/main.o"
arm-none-eabi-g++ -o "1DOF_Bench.elf" @"objects.list"   -mcpu=cortex-m4 -T"C:\Users\AXEL NDO\Documents\master 1 SRD\test\Stage_1DOF_DroneBench\05_CubeIDE\1DOF_Bench\STM32L476RGTX_FLASH.ld" --specs=nosys.specs -Wl,-Map="1DOF_Bench.map" -Wl,--gc-sections -static --specs=nano.specs -mfpu=fpv4-sp-d16 -mfloat-abi=hard -mthumb -u _printf_float -u _scanf_float -Wl,--start-group -lc -lm -lstdc++ -lsupc++ -Wl,--end-group
Finished building target: 1DOF_Bench.elf
 
arm-none-eabi-size   1DOF_Bench.elf 
arm-none-eabi-objdump -h -S  1DOF_Bench.elf  > "1DOF_Bench.list"
arm-none-eabi-objcopy  -O binary  1DOF_Bench.elf  "1DOF_Bench.bin"
   text	   data	    bss	    dec	    hex	filename
  50832	    496	   2000	  53328	   d050	1DOF_Bench.elf
Finished building: default.size.stdout
 
Finished building: 1DOF_Bench.bin
 
Finished building: 1DOF_Bench.list
 
12:18:36 **** Incremental Build of configuration Debug for project 1DOF_Bench ****
make -j4 all 
arm-none-eabi-size   1DOF_Bench.elf 
   text	   data	    bss	    dec	    hex	filename
  50832	    496	   2000	  53328	   d050	1DOF_Bench.elf
Finished building: default.size.stdout
 
12:19:32 **** Incremental Build of configuration Debug for project 1DOF_Bench ****
make -j4 all 
arm-none-eabi-gcc "../Core/Src/main.c" -mcpu=cortex-m4 -std=gnu11 -g3 -DDEBUG -DUSE_HAL_DRIVER -DSTM32L476xx -c -I../Core/Inc -I../Drivers/STM32L4xx_HAL_Driver/Inc -I../Drivers/STM32L4xx_HAL_Driver/Inc/Legacy -I../Drivers/CMSIS/Device/ST/STM32L4xx/Include -I../Drivers/CMSIS/Include -O0 -ffunction-sections -fdata-sections -Wall -fstack-usage -MMD -MP -MF"Core/Src/main.d" -MT"Core/Src/main.o" --specs=nano.specs -mfpu=fpv4-sp-d16 -mfloat-abi=hard -mthumb -o "Core/Src/main.o"
arm-none-eabi-g++ -o "1DOF_Bench.elf" @"objects.list"   -mcpu=cortex-m4 -T"C:\Users\AXEL NDO\Documents\master 1 SRD\test\Stage_1DOF_DroneBench\05_CubeIDE\1DOF_Bench\STM32L476RGTX_FLASH.ld" --specs=nosys.specs -Wl,-Map="1DOF_Bench.map" -Wl,--gc-sections -static --specs=nano.specs -mfpu=fpv4-sp-d16 -mfloat-abi=hard -mthumb -u _printf_float -u _scanf_float -Wl,--start-group -lc -lm -lstdc++ -lsupc++ -Wl,--end-group
Finished building target: 1DOF_Bench.elf
 
arm-none-eabi-size   1DOF_Bench.elf 
arm-none-eabi-objdump -h -S  1DOF_Bench.elf  > "1DOF_Bench.list"
arm-none-eabi-objcopy  -O binary  1DOF_Bench.elf  "1DOF_Bench.bin"
   text	   data	    bss	    dec	    hex	filename
  50832	    496	   2000	  53328	   d050	1DOF_Bench.elf
Finished building: default.size.stdout
 
Finished building: 1DOF_Bench.bin
 
Finished building: 1DOF_Bench.list
 
12:22:18 **** Incremental Build of configuration Debug for project 1DOF_Bench ****
make -j4 all 
arm-none-eabi-gcc "../Core/Src/main.c" -mcpu=cortex-m4 -std=gnu11 -g3 -DDEBUG -DUSE_HAL_DRIVER -DSTM32L476xx -c -I../Core/Inc -I../Drivers/STM32L4xx_HAL_Driver/Inc -I../Drivers/STM32L4xx_HAL_Driver/Inc/Legacy -I../Drivers/CMSIS/Device/ST/STM32L4xx/Include -I../Drivers/CMSIS/Include -O0 -ffunction-sections -fdata-sections -Wall -fstack-usage -MMD -MP -MF"Core/Src/main.d" -MT"Core/Src/main.o" --specs=nano.specs -mfpu=fpv4-sp-d16 -mfloat-abi=hard -mthumb -o "Core/Src/main.o"
arm-none-eabi-g++ -o "1DOF_Bench.elf" @"objects.list"   -mcpu=cortex-m4 -T"C:\Users\AXEL NDO\Documents\master 1 SRD\test\Stage_1DOF_DroneBench\05_CubeIDE\1DOF_Bench\STM32L476RGTX_FLASH.ld" --specs=nosys.specs -Wl,-Map="1DOF_Bench.map" -Wl,--gc-sections -static --specs=nano.specs -mfpu=fpv4-sp-d16 -mfloat-abi=hard -mthumb -u _printf_float -u _scanf_float -Wl,--start-group -lc -lm -lstdc++ -lsupc++ -Wl,--end-group
Finished building target: 1DOF_Bench.elf
 
arm-none-eabi-size   1DOF_Bench.elf 
arm-none-eabi-objdump -h -S  1DOF_Bench.elf  > "1DOF_Bench.list"
arm-none-eabi-objcopy  -O binary  1DOF_Bench.elf  "1DOF_Bench.bin"
   text	   data	    bss	    dec	    hex	filename
  50832	    496	   2000	  53328	   d050	1DOF_Bench.elf
Finished building: default.size.stdout
 
Finished building: 1DOF_Bench.bin
 
Finished building: 1DOF_Bench.list
 
12:22:25 **** Incremental Build of configuration Debug for project 1DOF_Bench ****
make -j4 all 
arm-none-eabi-size   1DOF_Bench.elf 
   text	   data	    bss	    dec	    hex	filename
  50832	    496	   2000	  53328	   d050	1DOF_Bench.elf
Finished building: default.size.stdout
 
12:28:59 **** Incremental Build of configuration Debug for project 1DOF_Bench ****
make -j4 all 
arm-none-eabi-gcc "../Core/Src/main.c" -mcpu=cortex-m4 -std=gnu11 -g3 -DDEBUG -DUSE_HAL_DRIVER -DSTM32L476xx -c -I../Core/Inc -I../Drivers/STM32L4xx_HAL_Driver/Inc -I../Drivers/STM32L4xx_HAL_Driver/Inc/Legacy -I../Drivers/CMSIS/Device/ST/STM32L4xx/Include -I../Drivers/CMSIS/Include -O0 -ffunction-sections -fdata-sections -Wall -fstack-usage -MMD -MP -MF"Core/Src/main.d" -MT"Core/Src/main.o" --specs=nano.specs -mfpu=fpv4-sp-d16 -mfloat-abi=hard -mthumb -o "Core/Src/main.o"
arm-none-eabi-g++ -o "1DOF_Bench.elf" @"objects.list"   -mcpu=cortex-m4 -T"C:\Users\AXEL NDO\Documents\master 1 SRD\test\Stage_1DOF_DroneBench\05_CubeIDE\1DOF_Bench\STM32L476RGTX_FLASH.ld" --specs=nosys.specs -Wl,-Map="1DOF_Bench.map" -Wl,--gc-sections -static --specs=nano.specs -mfpu=fpv4-sp-d16 -mfloat-abi=hard -mthumb -u _printf_float -u _scanf_float -Wl,--start-group -lc -lm -lstdc++ -lsupc++ -Wl,--end-group
Finished building target: 1DOF_Bench.elf
 
arm-none-eabi-size   1DOF_Bench.elf 
arm-none-eabi-objdump -h -S  1DOF_Bench.elf  > "1DOF_Bench.list"
arm-none-eabi-objcopy  -O binary  1DOF_Bench.elf  "1DOF_Bench.bin"
   text	   data	    bss	    dec	    hex	filename
  50840	    496	   2000	  53336	   d058	1DOF_Bench.elf
Finished building: default.size.stdout
 
Finished building: 1DOF_Bench.bin
 
Finished building: 1DOF_Bench.list
 
