10:31:25 **** Incremental Build of configuration Debug for project 1DOF_Bench ****
make -j4 all 
arm-none-eabi-gcc "../Core/Src/main.c" -mcpu=cortex-m4 -std=gnu11 -g3 -DDEBUG -DUSE_HAL_DRIVER -DSTM32L476xx -c -I../Core/Inc -I../Drivers/STM32L4xx_HAL_Driver/Inc -I../Drivers/STM32L4xx_HAL_Driver/Inc/Legacy -I../Drivers/CMSIS/Device/ST/STM32L4xx/Include -I../Drivers/CMSIS/Include -O0 -ffunction-sections -fdata-sections -Wall -fstack-usage -MMD -MP -MF"Core/Src/main.d" -MT"Core/Src/main.o" --specs=nano.specs -mfpu=fpv4-sp-d16 -mfloat-abi=hard -mthumb -o "Core/Src/main.o"
arm-none-eabi-g++ -o "1DOF_Bench.elf" @"objects.list"   -mcpu=cortex-m4 -T"C:\Users\AXEL NDO\Documents\master 1 SRD\test\Stage_1DOF_DroneBench\05_CubeIDE\1DOF_Bench\STM32L476RGTX_FLASH.ld" --specs=nosys.specs -Wl,-Map="1DOF_Bench.map" -Wl,--gc-sections -static --specs=nano.specs -mfpu=fpv4-sp-d16 -mfloat-abi=hard -mthumb -Wl,--start-group -lc -lm -lstdc++ -lsupc++ -Wl,--end-group
Finished building target: 1DOF_Bench.elf
 
arm-none-eabi-size   1DOF_Bench.elf 
arm-none-eabi-objdump -h -S  1DOF_Bench.elf  > "1DOF_Bench.list"
arm-none-eabi-objcopy  -O binary  1DOF_Bench.elf  "1DOF_Bench.bin"
   text	   data	    bss	    dec	    hex	filename
  27208	     20	   1956	  29184	   7200	1DOF_Bench.elf
Finished building: default.size.stdout
 
Finished building: 1DOF_Bench.bin
 
Finished building: 1DOF_Bench.list
 
10:31:56 **** Incremental Build of configuration Debug for project 1DOF_Bench ****
make -j4 all 
arm-none-eabi-size   1DOF_Bench.elf 
   text	   data	    bss	    dec	    hex	filename
  27208	     20	   1956	  29184	   7200	1DOF_Bench.elf
Finished building: default.size.stdout
 
10:37:39 **** Incremental Build of configuration Debug for project 1DOF_Bench ****
make -j4 all 
arm-none-eabi-gcc "../Core/Src/main.c" -mcpu=cortex-m4 -std=gnu11 -g3 -DDEBUG -DUSE_HAL_DRIVER -DSTM32L476xx -c -I../Core/Inc -I../Drivers/STM32L4xx_HAL_Driver/Inc -I../Drivers/STM32L4xx_HAL_Driver/Inc/Legacy -I../Drivers/CMSIS/Device/ST/STM32L4xx/Include -I../Drivers/CMSIS/Include -O0 -ffunction-sections -fdata-sections -Wall -fstack-usage -MMD -MP -MF"Core/Src/main.d" -MT"Core/Src/main.o" --specs=nano.specs -mfpu=fpv4-sp-d16 -mfloat-abi=hard -mthumb -o "Core/Src/main.o"
arm-none-eabi-g++ -o "1DOF_Bench.elf" @"objects.list"   -mcpu=cortex-m4 -T"C:\Users\AXEL NDO\Documents\master 1 SRD\test\Stage_1DOF_DroneBench\05_CubeIDE\1DOF_Bench\STM32L476RGTX_FLASH.ld" --specs=nosys.specs -Wl,-Map="1DOF_Bench.map" -Wl,--gc-sections -static --specs=nano.specs -mfpu=fpv4-sp-d16 -mfloat-abi=hard -mthumb -Wl,--start-group -lc -lm -lstdc++ -lsupc++ -Wl,--end-group
Finished building target: 1DOF_Bench.elf
 
arm-none-eabi-size   1DOF_Bench.elf 
arm-none-eabi-objdump -h -S  1DOF_Bench.elf  > "1DOF_Bench.list"
arm-none-eabi-objcopy  -O binary  1DOF_Bench.elf  "1DOF_Bench.bin"
   text	   data	    bss	    dec	    hex	filename
  27224	     20	   1956	  29200	   7210	1DOF_Bench.elf
Finished building: default.size.stdout
 
Finished building: 1DOF_Bench.bin
 
Finished building: 1DOF_Bench.list
 
10:38:36 **** Incremental Build of configuration Debug for project 1DOF_Bench ****
make -j4 all 
arm-none-eabi-gcc "../Core/Src/main.c" -mcpu=cortex-m4 -std=gnu11 -g3 -DDEBUG -DUSE_HAL_DRIVER -DSTM32L476xx -c -I../Core/Inc -I../Drivers/STM32L4xx_HAL_Driver/Inc -I../Drivers/STM32L4xx_HAL_Driver/Inc/Legacy -I../Drivers/CMSIS/Device/ST/STM32L4xx/Include -I../Drivers/CMSIS/Include -O0 -ffunction-sections -fdata-sections -Wall -fstack-usage -MMD -MP -MF"Core/Src/main.d" -MT"Core/Src/main.o" --specs=nano.specs -mfpu=fpv4-sp-d16 -mfloat-abi=hard -mthumb -o "Core/Src/main.o"
arm-none-eabi-g++ -o "1DOF_Bench.elf" @"objects.list"   -mcpu=cortex-m4 -T"C:\Users\AXEL NDO\Documents\master 1 SRD\test\Stage_1DOF_DroneBench\05_CubeIDE\1DOF_Bench\STM32L476RGTX_FLASH.ld" --specs=nosys.specs -Wl,-Map="1DOF_Bench.map" -Wl,--gc-sections -static --specs=nano.specs -mfpu=fpv4-sp-d16 -mfloat-abi=hard -mthumb -Wl,--start-group -lc -lm -lstdc++ -lsupc++ -Wl,--end-group
Finished building target: 1DOF_Bench.elf
 
arm-none-eabi-size   1DOF_Bench.elf 
arm-none-eabi-objdump -h -S  1DOF_Bench.elf  > "1DOF_Bench.list"
arm-none-eabi-objcopy  -O binary  1DOF_Bench.elf  "1DOF_Bench.bin"
   text	   data	    bss	    dec	    hex	filename
  27224	     20	   1956	  29200	   7210	1DOF_Bench.elf
Finished building: default.size.stdout
 
Finished building: 1DOF_Bench.bin
 
Finished building: 1DOF_Bench.list
 
10:43:29 **** Incremental Build of configuration Debug for project 1DOF_Bench ****
make -j4 all 
arm-none-eabi-gcc "../Core/Src/main.c" -mcpu=cortex-m4 -std=gnu11 -g3 -DDEBUG -DUSE_HAL_DRIVER -DSTM32L476xx -c -I../Core/Inc -I../Drivers/STM32L4xx_HAL_Driver/Inc -I../Drivers/STM32L4xx_HAL_Driver/Inc/Legacy -I../Drivers/CMSIS/Device/ST/STM32L4xx/Include -I../Drivers/CMSIS/Include -O0 -ffunction-sections -fdata-sections -Wall -fstack-usage -MMD -MP -MF"Core/Src/main.d" -MT"Core/Src/main.o" --specs=nano.specs -mfpu=fpv4-sp-d16 -mfloat-abi=hard -mthumb -o "Core/Src/main.o"
arm-none-eabi-g++ -o "1DOF_Bench.elf" @"objects.list"   -mcpu=cortex-m4 -T"C:\Users\AXEL NDO\Documents\master 1 SRD\test\Stage_1DOF_DroneBench\05_CubeIDE\1DOF_Bench\STM32L476RGTX_FLASH.ld" --specs=nosys.specs -Wl,-Map="1DOF_Bench.map" -Wl,--gc-sections -static --specs=nano.specs -mfpu=fpv4-sp-d16 -mfloat-abi=hard -mthumb -Wl,--start-group -lc -lm -lstdc++ -lsupc++ -Wl,--end-group
Finished building target: 1DOF_Bench.elf
 
arm-none-eabi-size   1DOF_Bench.elf 
arm-none-eabi-objdump -h -S  1DOF_Bench.elf  > "1DOF_Bench.list"
arm-none-eabi-objcopy  -O binary  1DOF_Bench.elf  "1DOF_Bench.bin"
   text	   data	    bss	    dec	    hex	filename
  27224	     20	   1956	  29200	   7210	1DOF_Bench.elf
Finished building: default.size.stdout
 
Finished building: 1DOF_Bench.bin
 
Finished building: 1DOF_Bench.list
 
10:44:39 **** Incremental Build of configuration Debug for project 1DOF_Bench ****
make -j4 all 
arm-none-eabi-gcc "../Core/Src/main.c" -mcpu=cortex-m4 -std=gnu11 -g3 -DDEBUG -DUSE_HAL_DRIVER -DSTM32L476xx -c -I../Core/Inc -I../Drivers/STM32L4xx_HAL_Driver/Inc -I../Drivers/STM32L4xx_HAL_Driver/Inc/Legacy -I../Drivers/CMSIS/Device/ST/STM32L4xx/Include -I../Drivers/CMSIS/Include -O0 -ffunction-sections -fdata-sections -Wall -fstack-usage -MMD -MP -MF"Core/Src/main.d" -MT"Core/Src/main.o" --specs=nano.specs -mfpu=fpv4-sp-d16 -mfloat-abi=hard -mthumb -o "Core/Src/main.o"
arm-none-eabi-g++ -o "1DOF_Bench.elf" @"objects.list"   -mcpu=cortex-m4 -T"C:\Users\AXEL NDO\Documents\master 1 SRD\test\Stage_1DOF_DroneBench\05_CubeIDE\1DOF_Bench\STM32L476RGTX_FLASH.ld" --specs=nosys.specs -Wl,-Map="1DOF_Bench.map" -Wl,--gc-sections -static --specs=nano.specs -mfpu=fpv4-sp-d16 -mfloat-abi=hard -mthumb -Wl,--start-group -lc -lm -lstdc++ -lsupc++ -Wl,--end-group
Finished building target: 1DOF_Bench.elf
 
arm-none-eabi-size   1DOF_Bench.elf 
arm-none-eabi-objdump -h -S  1DOF_Bench.elf  > "1DOF_Bench.list"
arm-none-eabi-objcopy  -O binary  1DOF_Bench.elf  "1DOF_Bench.bin"
   text	   data	    bss	    dec	    hex	filename
  27224	     20	   1956	  29200	   7210	1DOF_Bench.elf
Finished building: default.size.stdout
 
Finished building: 1DOF_Bench.bin
 
Finished building: 1DOF_Bench.list
 
10:45:59 **** Incremental Build of configuration Debug for project 1DOF_Bench ****
make -j4 all 
arm-none-eabi-gcc "../Core/Src/main.c" -mcpu=cortex-m4 -std=gnu11 -g3 -DDEBUG -DUSE_HAL_DRIVER -DSTM32L476xx -c -I../Core/Inc -I../Drivers/STM32L4xx_HAL_Driver/Inc -I../Drivers/STM32L4xx_HAL_Driver/Inc/Legacy -I../Drivers/CMSIS/Device/ST/STM32L4xx/Include -I../Drivers/CMSIS/Include -O0 -ffunction-sections -fdata-sections -Wall -fstack-usage -MMD -MP -MF"Core/Src/main.d" -MT"Core/Src/main.o" --specs=nano.specs -mfpu=fpv4-sp-d16 -mfloat-abi=hard -mthumb -o "Core/Src/main.o"
arm-none-eabi-g++ -o "1DOF_Bench.elf" @"objects.list"   -mcpu=cortex-m4 -T"C:\Users\AXEL NDO\Documents\master 1 SRD\test\Stage_1DOF_DroneBench\05_CubeIDE\1DOF_Bench\STM32L476RGTX_FLASH.ld" --specs=nosys.specs -Wl,-Map="1DOF_Bench.map" -Wl,--gc-sections -static --specs=nano.specs -mfpu=fpv4-sp-d16 -mfloat-abi=hard -mthumb -Wl,--start-group -lc -lm -lstdc++ -lsupc++ -Wl,--end-group
Finished building target: 1DOF_Bench.elf
 
arm-none-eabi-size   1DOF_Bench.elf 
arm-none-eabi-objdump -h -S  1DOF_Bench.elf  > "1DOF_Bench.list"
arm-none-eabi-objcopy  -O binary  1DOF_Bench.elf  "1DOF_Bench.bin"
   text	   data	    bss	    dec	    hex	filename
  27224	     20	   1956	  29200	   7210	1DOF_Bench.elf
Finished building: default.size.stdout
 
Finished building: 1DOF_Bench.bin
 
Finished building: 1DOF_Bench.list
 
10:47:59 **** Incremental Build of configuration Debug for project 1DOF_Bench ****
make -j4 all 
arm-none-eabi-gcc "../Core/Src/main.c" -mcpu=cortex-m4 -std=gnu11 -g3 -DDEBUG -DUSE_HAL_DRIVER -DSTM32L476xx -c -I../Core/Inc -I../Drivers/STM32L4xx_HAL_Driver/Inc -I../Drivers/STM32L4xx_HAL_Driver/Inc/Legacy -I../Drivers/CMSIS/Device/ST/STM32L4xx/Include -I../Drivers/CMSIS/Include -O0 -ffunction-sections -fdata-sections -Wall -fstack-usage -MMD -MP -MF"Core/Src/main.d" -MT"Core/Src/main.o" --specs=nano.specs -mfpu=fpv4-sp-d16 -mfloat-abi=hard -mthumb -o "Core/Src/main.o"
arm-none-eabi-g++ -o "1DOF_Bench.elf" @"objects.list"   -mcpu=cortex-m4 -T"C:\Users\AXEL NDO\Documents\master 1 SRD\test\Stage_1DOF_DroneBench\05_CubeIDE\1DOF_Bench\STM32L476RGTX_FLASH.ld" --specs=nosys.specs -Wl,-Map="1DOF_Bench.map" -Wl,--gc-sections -static --specs=nano.specs -mfpu=fpv4-sp-d16 -mfloat-abi=hard -mthumb -Wl,--start-group -lc -lm -lstdc++ -lsupc++ -Wl,--end-group
Finished building target: 1DOF_Bench.elf
 
arm-none-eabi-size   1DOF_Bench.elf 
arm-none-eabi-objdump -h -S  1DOF_Bench.elf  > "1DOF_Bench.list"
arm-none-eabi-objcopy  -O binary  1DOF_Bench.elf  "1DOF_Bench.bin"
   text	   data	    bss	    dec	    hex	filename
  27224	     20	   1956	  29200	   7210	1DOF_Bench.elf
Finished building: default.size.stdout
 
Finished building: 1DOF_Bench.bin
 
Finished building: 1DOF_Bench.list
 
10:50:14 **** Incremental Build of configuration Debug for project 1DOF_Bench ****
make -j4 all 
arm-none-eabi-gcc "../Core/Src/main.c" -mcpu=cortex-m4 -std=gnu11 -g3 -DDEBUG -DUSE_HAL_DRIVER -DSTM32L476xx -c -I../Core/Inc -I../Drivers/STM32L4xx_HAL_Driver/Inc -I../Drivers/STM32L4xx_HAL_Driver/Inc/Legacy -I../Drivers/CMSIS/Device/ST/STM32L4xx/Include -I../Drivers/CMSIS/Include -O0 -ffunction-sections -fdata-sections -Wall -fstack-usage -MMD -MP -MF"Core/Src/main.d" -MT"Core/Src/main.o" --specs=nano.specs -mfpu=fpv4-sp-d16 -mfloat-abi=hard -mthumb -o "Core/Src/main.o"
arm-none-eabi-g++ -o "1DOF_Bench.elf" @"objects.list"   -mcpu=cortex-m4 -T"C:\Users\AXEL NDO\Documents\master 1 SRD\test\Stage_1DOF_DroneBench\05_CubeIDE\1DOF_Bench\STM32L476RGTX_FLASH.ld" --specs=nosys.specs -Wl,-Map="1DOF_Bench.map" -Wl,--gc-sections -static --specs=nano.specs -mfpu=fpv4-sp-d16 -mfloat-abi=hard -mthumb -Wl,--start-group -lc -lm -lstdc++ -lsupc++ -Wl,--end-group
Finished building target: 1DOF_Bench.elf
 
arm-none-eabi-size   1DOF_Bench.elf 
arm-none-eabi-objdump -h -S  1DOF_Bench.elf  > "1DOF_Bench.list"
arm-none-eabi-objcopy  -O binary  1DOF_Bench.elf  "1DOF_Bench.bin"
   text	   data	    bss	    dec	    hex	filename
  27224	     20	   1956	  29200	   7210	1DOF_Bench.elf
Finished building: default.size.stdout
 
Finished building: 1DOF_Bench.bin
 
Finished building: 1DOF_Bench.list
 
10:51:07 **** Incremental Build of configuration Debug for project 1DOF_Bench ****
make -j4 all 
arm-none-eabi-gcc "../Core/Src/main.c" -mcpu=cortex-m4 -std=gnu11 -g3 -DDEBUG -DUSE_HAL_DRIVER -DSTM32L476xx -c -I../Core/Inc -I../Drivers/STM32L4xx_HAL_Driver/Inc -I../Drivers/STM32L4xx_HAL_Driver/Inc/Legacy -I../Drivers/CMSIS/Device/ST/STM32L4xx/Include -I../Drivers/CMSIS/Include -O0 -ffunction-sections -fdata-sections -Wall -fstack-usage -MMD -MP -MF"Core/Src/main.d" -MT"Core/Src/main.o" --specs=nano.specs -mfpu=fpv4-sp-d16 -mfloat-abi=hard -mthumb -o "Core/Src/main.o"
arm-none-eabi-g++ -o "1DOF_Bench.elf" @"objects.list"   -mcpu=cortex-m4 -T"C:\Users\AXEL NDO\Documents\master 1 SRD\test\Stage_1DOF_DroneBench\05_CubeIDE\1DOF_Bench\STM32L476RGTX_FLASH.ld" --specs=nosys.specs -Wl,-Map="1DOF_Bench.map" -Wl,--gc-sections -static --specs=nano.specs -mfpu=fpv4-sp-d16 -mfloat-abi=hard -mthumb -Wl,--start-group -lc -lm -lstdc++ -lsupc++ -Wl,--end-group
Finished building target: 1DOF_Bench.elf
 
arm-none-eabi-size   1DOF_Bench.elf 
arm-none-eabi-objdump -h -S  1DOF_Bench.elf  > "1DOF_Bench.list"
arm-none-eabi-objcopy  -O binary  1DOF_Bench.elf  "1DOF_Bench.bin"
   text	   data	    bss	    dec	    hex	filename
  27224	     20	   1956	  29200	   7210	1DOF_Bench.elf
Finished building: default.size.stdout
 
Finished building: 1DOF_Bench.bin
 
Finished building: 1DOF_Bench.list
 
10:52:40 **** Incremental Build of configuration Debug for project 1DOF_Bench ****
make -j4 all 
arm-none-eabi-gcc "../Core/Src/main.c" -mcpu=cortex-m4 -std=gnu11 -g3 -DDEBUG -DUSE_HAL_DRIVER -DSTM32L476xx -c -I../Core/Inc -I../Drivers/STM32L4xx_HAL_Driver/Inc -I../Drivers/STM32L4xx_HAL_Driver/Inc/Legacy -I../Drivers/CMSIS/Device/ST/STM32L4xx/Include -I../Drivers/CMSIS/Include -O0 -ffunction-sections -fdata-sections -Wall -fstack-usage -MMD -MP -MF"Core/Src/main.d" -MT"Core/Src/main.o" --specs=nano.specs -mfpu=fpv4-sp-d16 -mfloat-abi=hard -mthumb -o "Core/Src/main.o"
arm-none-eabi-g++ -o "1DOF_Bench.elf" @"objects.list"   -mcpu=cortex-m4 -T"C:\Users\AXEL NDO\Documents\master 1 SRD\test\Stage_1DOF_DroneBench\05_CubeIDE\1DOF_Bench\STM32L476RGTX_FLASH.ld" --specs=nosys.specs -Wl,-Map="1DOF_Bench.map" -Wl,--gc-sections -static --specs=nano.specs -mfpu=fpv4-sp-d16 -mfloat-abi=hard -mthumb -Wl,--start-group -lc -lm -lstdc++ -lsupc++ -Wl,--end-group
Finished building target: 1DOF_Bench.elf
 
arm-none-eabi-size   1DOF_Bench.elf 
arm-none-eabi-objdump -h -S  1DOF_Bench.elf  > "1DOF_Bench.list"
arm-none-eabi-objcopy  -O binary  1DOF_Bench.elf  "1DOF_Bench.bin"
   text	   data	    bss	    dec	    hex	filename
  27224	     20	   1956	  29200	   7210	1DOF_Bench.elf
Finished building: default.size.stdout
 
Finished building: 1DOF_Bench.bin
 
Finished building: 1DOF_Bench.list
 
12:16:08 **** Incremental Build of configuration Debug for project 1DOF_Bench ****
make -j4 all 
arm-none-eabi-gcc "../Core/Src/main.c" -mcpu=cortex-m4 -std=gnu11 -g3 -DDEBUG -DUSE_HAL_DRIVER -DSTM32L476xx -c -I../Core/Inc -I../Drivers/STM32L4xx_HAL_Driver/Inc -I../Drivers/STM32L4xx_HAL_Driver/Inc/Legacy -I../Drivers/CMSIS/Device/ST/STM32L4xx/Include -I../Drivers/CMSIS/Include -O0 -ffunction-sections -fdata-sections -Wall -fstack-usage -MMD -MP -MF"Core/Src/main.d" -MT"Core/Src/main.o" --specs=nano.specs -mfpu=fpv4-sp-d16 -mfloat-abi=hard -mthumb -o "Core/Src/main.o"
../Core/Src/main.c: In function 'main':
../Core/Src/main.c:86:6: warning: unused variable 'k' [-Wunused-variable]
   86 |  int k = 0;
      |      ^
arm-none-eabi-g++ -o "1DOF_Bench.elf" @"objects.list"   -mcpu=cortex-m4 -T"C:\Users\AXEL NDO\Documents\master 1 SRD\test\Stage_1DOF_DroneBench\05_CubeIDE\1DOF_Bench\STM32L476RGTX_FLASH.ld" --specs=nosys.specs -Wl,-Map="1DOF_Bench.map" -Wl,--gc-sections -static --specs=nano.specs -mfpu=fpv4-sp-d16 -mfloat-abi=hard -mthumb -Wl,--start-group -lc -lm -lstdc++ -lsupc++ -Wl,--end-group
Finished building target: 1DOF_Bench.elf
 
arm-none-eabi-size   1DOF_Bench.elf 
arm-none-eabi-objdump -h -S  1DOF_Bench.elf  > "1DOF_Bench.list"
arm-none-eabi-objcopy  -O binary  1DOF_Bench.elf  "1DOF_Bench.bin"
   text	   data	    bss	    dec	    hex	filename
  31456	    120	   1984	  33560	   8318	1DOF_Bench.elf
Finished building: default.size.stdout
 
Finished building: 1DOF_Bench.bin
Finished building: 1DOF_Bench.list
 
 
15:35:41 **** Clean-only build of configuration Debug for project 1DOF_Bench ****
make -j4 clean 
rm -rf ./Drivers/STM32L4xx_HAL_Driver/Src/stm32l4xx_hal.d ./Drivers/STM32L4xx_HAL_Driver/Src/stm32l4xx_hal.o ./Drivers/STM32L4xx_HAL_Driver/Src/stm32l4xx_hal_adc.d ./Drivers/STM32L4xx_HAL_Driver/Src/stm32l4xx_hal_adc.o ./Drivers/STM32L4xx_HAL_Driver/Src/stm32l4xx_hal_adc_ex.d ./Drivers/STM32L4xx_HAL_Driver/Src/stm32l4xx_hal_adc_ex.o ./Drivers/STM32L4xx_HAL_Driver/Src/stm32l4xx_hal_cortex.d ./Drivers/STM32L4xx_HAL_Driver/Src/stm32l4xx_hal_cortex.o ./Drivers/STM32L4xx_HAL_Driver/Src/stm32l4xx_hal_dma.d ./Drivers/STM32L4xx_HAL_Driver/Src/stm32l4xx_hal_dma.o ./Drivers/STM32L4xx_HAL_Driver/Src/stm32l4xx_hal_dma_ex.d ./Drivers/STM32L4xx_HAL_Driver/Src/stm32l4xx_hal_dma_ex.o ./Drivers/STM32L4xx_HAL_Driver/Src/stm32l4xx_hal_exti.d ./Drivers/STM32L4xx_HAL_Driver/Src/stm32l4xx_hal_exti.o ./Drivers/STM32L4xx_HAL_Driver/Src/stm32l4xx_hal_flash.d ./Drivers/STM32L4xx_HAL_Driver/Src/stm32l4xx_hal_flash.o ./Drivers/STM32L4xx_HAL_Driver/Src/stm32l4xx_hal_flash_ex.d ./Drivers/STM32L4xx_HAL_Driver/Src/stm32l4xx_hal_flash_ex.o ./Drivers/STM32L4xx_HAL_Driver/Src/stm32l4xx_hal_flash_ramfunc.d ./Drivers/STM32L4xx_HAL_Driver/Src/stm32l4xx_hal_flash_ramfunc.o ./Drivers/STM32L4xx_HAL_Driver/Src/stm32l4xx_hal_gpio.d ./Drivers/STM32L4xx_HAL_Driver/Src/stm32l4xx_hal_gpio.o ./Drivers/STM32L4xx_HAL_Driver/Src/stm32l4xx_hal_i2c.d ./Drivers/STM32L4xx_HAL_Driver/Src/stm32l4xx_hal_i2c.o ./Drivers/STM32L4xx_HAL_Driver/Src/stm32l4xx_hal_i2c_ex.d ./Drivers/STM32L4xx_HAL_Driver/Src/stm32l4xx_hal_i2c_ex.o ./Drivers/STM32L4xx_HAL_Driver/Src/stm32l4xx_hal_pwr.d ./Drivers/STM32L4xx_HAL_Driver/Src/stm32l4xx_hal_pwr.o ./Drivers/STM32L4xx_HAL_Driver/Src/stm32l4xx_hal_pwr_ex.d ./Drivers/STM32L4xx_HAL_Driver/Src/stm32l4xx_hal_pwr_ex.o ./Drivers/STM32L4xx_HAL_Driver/Src/stm32l4xx_hal_rcc.d ./Drivers/STM32L4xx_HAL_Driver/Src/stm32l4xx_hal_rcc.o ./Drivers/STM32L4xx_HAL_Driver/Src/stm32l4xx_hal_rcc_ex.d ./Drivers/STM32L4xx_HAL_Driver/Src/stm32l4xx_hal_rcc_ex.o ./Drivers/STM32L4xx_HAL_Driver/Src/stm32l4xx_hal_tim.d ./Drivers/STM32L4xx_HAL_Driver/Src/stm32l4xx_hal_tim.o ./Drivers/STM32L4xx_HAL_Driver/Src/stm32l4xx_hal_tim_ex.d ./Drivers/STM32L4xx_HAL_Driver/Src/stm32l4xx_hal_tim_ex.o ./Drivers/STM32L4xx_HAL_Driver/Src/stm32l4xx_hal_uart.d ./Drivers/STM32L4xx_HAL_Driver/Src/stm32l4xx_hal_uart.o ./Drivers/STM32L4xx_HAL_Driver/Src/stm32l4xx_hal_uart_ex.d ./Drivers/STM32L4xx_HAL_Driver/Src/stm32l4xx_hal_uart_ex.o
rm -rf ./Core/Startup/startup_stm32l476rgtx.d ./Core/Startup/startup_stm32l476rgtx.o
rm -rf ./Core/Src/1DOF.d ./Core/Src/1DOF.o ./Core/Src/fsm.d ./Core/Src/fsm.o ./Core/Src/main.d ./Core/Src/main.o ./Core/Src/remi.d ./Core/Src/remi.o ./Core/Src/stm32l4xx_hal_msp.d ./Core/Src/stm32l4xx_hal_msp.o ./Core/Src/stm32l4xx_it.d ./Core/Src/stm32l4xx_it.o ./Core/Src/syscalls.d ./Core/Src/syscalls.o ./Core/Src/sysmem.d ./Core/Src/sysmem.o ./Core/Src/system_stm32l4xx.d ./Core/Src/system_stm32l4xx.o ./Core/Src/yann.d ./Core/Src/yann.o
rm -rf 1DOF_Bench.bin 1DOF_Bench.elf 1DOF_Bench.list default.size.stdout
 
15:35:44 **** Incremental Build of configuration Debug for project 1DOF_Bench ****
make -j4 all 
arm-none-eabi-gcc "../Drivers/STM32L4xx_HAL_Driver/Src/stm32l4xx_hal.c" -mcpu=cortex-m4 -std=gnu11 -g3 -DDEBUG -DUSE_HAL_DRIVER -DSTM32L476xx -c -I../Core/Inc -I../Drivers/STM32L4xx_HAL_Driver/Inc -I../Drivers/STM32L4xx_HAL_Driver/Inc/Legacy -I../Drivers/CMSIS/Device/ST/STM32L4xx/Include -I../Drivers/CMSIS/Include -O0 -ffunction-sections -fdata-sections -Wall -fstack-usage -MMD -MP -MF"Drivers/STM32L4xx_HAL_Driver/Src/stm32l4xx_hal.d" -MT"Drivers/STM32L4xx_HAL_Driver/Src/stm32l4xx_hal.o" --specs=nano.specs -mfpu=fpv4-sp-d16 -mfloat-abi=hard -mthumb -o "Drivers/STM32L4xx_HAL_Driver/Src/stm32l4xx_hal.o"
arm-none-eabi-gcc "../Drivers/STM32L4xx_HAL_Driver/Src/stm32l4xx_hal_adc.c" -mcpu=cortex-m4 -std=gnu11 -g3 -DDEBUG -DUSE_HAL_DRIVER -DSTM32L476xx -c -I../Core/Inc -I../Drivers/STM32L4xx_HAL_Driver/Inc -I../Drivers/STM32L4xx_HAL_Driver/Inc/Legacy -I../Drivers/CMSIS/Device/ST/STM32L4xx/Include -I../Drivers/CMSIS/Include -O0 -ffunction-sections -fdata-sections -Wall -fstack-usage -MMD -MP -MF"Drivers/STM32L4xx_HAL_Driver/Src/stm32l4xx_hal_adc.d" -MT"Drivers/STM32L4xx_HAL_Driver/Src/stm32l4xx_hal_adc.o" --specs=nano.specs -mfpu=fpv4-sp-d16 -mfloat-abi=hard -mthumb -o "Drivers/STM32L4xx_HAL_Driver/Src/stm32l4xx_hal_adc.o"
arm-none-eabi-gcc "../Drivers/STM32L4xx_HAL_Driver/Src/stm32l4xx_hal_adc_ex.c" -mcpu=cortex-m4 -std=gnu11 -g3 -DDEBUG -DUSE_HAL_DRIVER -DSTM32L476xx -c -I../Core/Inc -I../Drivers/STM32L4xx_HAL_Driver/Inc -I../Drivers/STM32L4xx_HAL_Driver/Inc/Legacy -I../Drivers/CMSIS/Device/ST/STM32L4xx/Include -I../Drivers/CMSIS/Include -O0 -ffunction-sections -fdata-sections -Wall -fstack-usage -MMD -MP -MF"Drivers/STM32L4xx_HAL_Driver/Src/stm32l4xx_hal_adc_ex.d" -MT"Drivers/STM32L4xx_HAL_Driver/Src/stm32l4xx_hal_adc_ex.o" --specs=nano.specs -mfpu=fpv4-sp-d16 -mfloat-abi=hard -mthumb -o "Drivers/STM32L4xx_HAL_Driver/Src/stm32l4xx_hal_adc_ex.o"
arm-none-eabi-gcc "../Drivers/STM32L4xx_HAL_Driver/Src/stm32l4xx_hal_cortex.c" -mcpu=cortex-m4 -std=gnu11 -g3 -DDEBUG -DUSE_HAL_DRIVER -DSTM32L476xx -c -I../Core/Inc -I../Drivers/STM32L4xx_HAL_Driver/Inc -I../Drivers/STM32L4xx_HAL_Driver/Inc/Legacy -I../Drivers/CMSIS/Device/ST/STM32L4xx/Include -I../Drivers/CMSIS/Include -O0 -ffunction-sections -fdata-sections -Wall -fstack-usage -MMD -MP -MF"Drivers/STM32L4xx_HAL_Driver/Src/stm32l4xx_hal_cortex.d" -MT"Drivers/STM32L4xx_HAL_Driver/Src/stm32l4xx_hal_cortex.o" --specs=nano.specs -mfpu=fpv4-sp-d16 -mfloat-abi=hard -mthumb -o "Drivers/STM32L4xx_HAL_Driver/Src/stm32l4xx_hal_cortex.o"
arm-none-eabi-gcc "../Drivers/STM32L4xx_HAL_Driver/Src/stm32l4xx_hal_dma.c" -mcpu=cortex-m4 -std=gnu11 -g3 -DDEBUG -DUSE_HAL_DRIVER -DSTM32L476xx -c -I../Core/Inc -I../Drivers/STM32L4xx_HAL_Driver/Inc -I../Drivers/STM32L4xx_HAL_Driver/Inc/Legacy -I../Drivers/CMSIS/Device/ST/STM32L4xx/Include -I../Drivers/CMSIS/Include -O0 -ffunction-sections -fdata-sections -Wall -fstack-usage -MMD -MP -MF"Drivers/STM32L4xx_HAL_Driver/Src/stm32l4xx_hal_dma.d" -MT"Drivers/STM32L4xx_HAL_Driver/Src/stm32l4xx_hal_dma.o" --specs=nano.specs -mfpu=fpv4-sp-d16 -mfloat-abi=hard -mthumb -o "Drivers/STM32L4xx_HAL_Driver/Src/stm32l4xx_hal_dma.o"
arm-none-eabi-gcc "../Drivers/STM32L4xx_HAL_Driver/Src/stm32l4xx_hal_dma_ex.c" -mcpu=cortex-m4 -std=gnu11 -g3 -DDEBUG -DUSE_HAL_DRIVER -DSTM32L476xx -c -I../Core/Inc -I../Drivers/STM32L4xx_HAL_Driver/Inc -I../Drivers/STM32L4xx_HAL_Driver/Inc/Legacy -I../Drivers/CMSIS/Device/ST/STM32L4xx/Include -I../Drivers/CMSIS/Include -O0 -ffunction-sections -fdata-sections -Wall -fstack-usage -MMD -MP -MF"Drivers/STM32L4xx_HAL_Driver/Src/stm32l4xx_hal_dma_ex.d" -MT"Drivers/STM32L4xx_HAL_Driver/Src/stm32l4xx_hal_dma_ex.o" --specs=nano.specs -mfpu=fpv4-sp-d16 -mfloat-abi=hard -mthumb -o "Drivers/STM32L4xx_HAL_Driver/Src/stm32l4xx_hal_dma_ex.o"
arm-none-eabi-gcc "../Drivers/STM32L4xx_HAL_Driver/Src/stm32l4xx_hal_exti.c" -mcpu=cortex-m4 -std=gnu11 -g3 -DDEBUG -DUSE_HAL_DRIVER -DSTM32L476xx -c -I../Core/Inc -I../Drivers/STM32L4xx_HAL_Driver/Inc -I../Drivers/STM32L4xx_HAL_Driver/Inc/Legacy -I../Drivers/CMSIS/Device/ST/STM32L4xx/Include -I../Drivers/CMSIS/Include -O0 -ffunction-sections -fdata-sections -Wall -fstack-usage -MMD -MP -MF"Drivers/STM32L4xx_HAL_Driver/Src/stm32l4xx_hal_exti.d" -MT"Drivers/STM32L4xx_HAL_Driver/Src/stm32l4xx_hal_exti.o" --specs=nano.specs -mfpu=fpv4-sp-d16 -mfloat-abi=hard -mthumb -o "Drivers/STM32L4xx_HAL_Driver/Src/stm32l4xx_hal_exti.o"
arm-none-eabi-gcc "../Drivers/STM32L4xx_HAL_Driver/Src/stm32l4xx_hal_flash.c" -mcpu=cortex-m4 -std=gnu11 -g3 -DDEBUG -DUSE_HAL_DRIVER -DSTM32L476xx -c -I../Core/Inc -I../Drivers/STM32L4xx_HAL_Driver/Inc -I../Drivers/STM32L4xx_HAL_Driver/Inc/Legacy -I../Drivers/CMSIS/Device/ST/STM32L4xx/Include -I../Drivers/CMSIS/Include -O0 -ffunction-sections -fdata-sections -Wall -fstack-usage -MMD -MP -MF"Drivers/STM32L4xx_HAL_Driver/Src/stm32l4xx_hal_flash.d" -MT"Drivers/STM32L4xx_HAL_Driver/Src/stm32l4xx_hal_flash.o" --specs=nano.specs -mfpu=fpv4-sp-d16 -mfloat-abi=hard -mthumb -o "Drivers/STM32L4xx_HAL_Driver/Src/stm32l4xx_hal_flash.o"
arm-none-eabi-gcc "../Drivers/STM32L4xx_HAL_Driver/Src/stm32l4xx_hal_flash_ex.c" -mcpu=cortex-m4 -std=gnu11 -g3 -DDEBUG -DUSE_HAL_DRIVER -DSTM32L476xx -c -I../Core/Inc -I../Drivers/STM32L4xx_HAL_Driver/Inc -I../Drivers/STM32L4xx_HAL_Driver/Inc/Legacy -I../Drivers/CMSIS/Device/ST/STM32L4xx/Include -I../Drivers/CMSIS/Include -O0 -ffunction-sections -fdata-sections -Wall -fstack-usage -MMD -MP -MF"Drivers/STM32L4xx_HAL_Driver/Src/stm32l4xx_hal_flash_ex.d" -MT"Drivers/STM32L4xx_HAL_Driver/Src/stm32l4xx_hal_flash_ex.o" --specs=nano.specs -mfpu=fpv4-sp-d16 -mfloat-abi=hard -mthumb -o "Drivers/STM32L4xx_HAL_Driver/Src/stm32l4xx_hal_flash_ex.o"
arm-none-eabi-gcc "../Drivers/STM32L4xx_HAL_Driver/Src/stm32l4xx_hal_flash_ramfunc.c" -mcpu=cortex-m4 -std=gnu11 -g3 -DDEBUG -DUSE_HAL_DRIVER -DSTM32L476xx -c -I../Core/Inc -I../Drivers/STM32L4xx_HAL_Driver/Inc -I../Drivers/STM32L4xx_HAL_Driver/Inc/Legacy -I../Drivers/CMSIS/Device/ST/STM32L4xx/Include -I../Drivers/CMSIS/Include -O0 -ffunction-sections -fdata-sections -Wall -fstack-usage -MMD -MP -MF"Drivers/STM32L4xx_HAL_Driver/Src/stm32l4xx_hal_flash_ramfunc.d" -MT"Drivers/STM32L4xx_HAL_Driver/Src/stm32l4xx_hal_flash_ramfunc.o" --specs=nano.specs -mfpu=fpv4-sp-d16 -mfloat-abi=hard -mthumb -o "Drivers/STM32L4xx_HAL_Driver/Src/stm32l4xx_hal_flash_ramfunc.o"
arm-none-eabi-gcc "../Drivers/STM32L4xx_HAL_Driver/Src/stm32l4xx_hal_gpio.c" -mcpu=cortex-m4 -std=gnu11 -g3 -DDEBUG -DUSE_HAL_DRIVER -DSTM32L476xx -c -I../Core/Inc -I../Drivers/STM32L4xx_HAL_Driver/Inc -I../Drivers/STM32L4xx_HAL_Driver/Inc/Legacy -I../Drivers/CMSIS/Device/ST/STM32L4xx/Include -I../Drivers/CMSIS/Include -O0 -ffunction-sections -fdata-sections -Wall -fstack-usage -MMD -MP -MF"Drivers/STM32L4xx_HAL_Driver/Src/stm32l4xx_hal_gpio.d" -MT"Drivers/STM32L4xx_HAL_Driver/Src/stm32l4xx_hal_gpio.o" --specs=nano.specs -mfpu=fpv4-sp-d16 -mfloat-abi=hard -mthumb -o "Drivers/STM32L4xx_HAL_Driver/Src/stm32l4xx_hal_gpio.o"
arm-none-eabi-gcc "../Drivers/STM32L4xx_HAL_Driver/Src/stm32l4xx_hal_i2c.c" -mcpu=cortex-m4 -std=gnu11 -g3 -DDEBUG -DUSE_HAL_DRIVER -DSTM32L476xx -c -I../Core/Inc -I../Drivers/STM32L4xx_HAL_Driver/Inc -I../Drivers/STM32L4xx_HAL_Driver/Inc/Legacy -I../Drivers/CMSIS/Device/ST/STM32L4xx/Include -I../Drivers/CMSIS/Include -O0 -ffunction-sections -fdata-sections -Wall -fstack-usage -MMD -MP -MF"Drivers/STM32L4xx_HAL_Driver/Src/stm32l4xx_hal_i2c.d" -MT"Drivers/STM32L4xx_HAL_Driver/Src/stm32l4xx_hal_i2c.o" --specs=nano.specs -mfpu=fpv4-sp-d16 -mfloat-abi=hard -mthumb -o "Drivers/STM32L4xx_HAL_Driver/Src/stm32l4xx_hal_i2c.o"
arm-none-eabi-gcc "../Drivers/STM32L4xx_HAL_Driver/Src/stm32l4xx_hal_i2c_ex.c" -mcpu=cortex-m4 -std=gnu11 -g3 -DDEBUG -DUSE_HAL_DRIVER -DSTM32L476xx -c -I../Core/Inc -I../Drivers/STM32L4xx_HAL_Driver/Inc -I../Drivers/STM32L4xx_HAL_Driver/Inc/Legacy -I../Drivers/CMSIS/Device/ST/STM32L4xx/Include -I../Drivers/CMSIS/Include -O0 -ffunction-sections -fdata-sections -Wall -fstack-usage -MMD -MP -MF"Drivers/STM32L4xx_HAL_Driver/Src/stm32l4xx_hal_i2c_ex.d" -MT"Drivers/STM32L4xx_HAL_Driver/Src/stm32l4xx_hal_i2c_ex.o" --specs=nano.specs -mfpu=fpv4-sp-d16 -mfloat-abi=hard -mthumb -o "Drivers/STM32L4xx_HAL_Driver/Src/stm32l4xx_hal_i2c_ex.o"
arm-none-eabi-gcc "../Drivers/STM32L4xx_HAL_Driver/Src/stm32l4xx_hal_pwr.c" -mcpu=cortex-m4 -std=gnu11 -g3 -DDEBUG -DUSE_HAL_DRIVER -DSTM32L476xx -c -I../Core/Inc -I../Drivers/STM32L4xx_HAL_Driver/Inc -I../Drivers/STM32L4xx_HAL_Driver/Inc/Legacy -I../Drivers/CMSIS/Device/ST/STM32L4xx/Include -I../Drivers/CMSIS/Include -O0 -ffunction-sections -fdata-sections -Wall -fstack-usage -MMD -MP -MF"Drivers/STM32L4xx_HAL_Driver/Src/stm32l4xx_hal_pwr.d" -MT"Drivers/STM32L4xx_HAL_Driver/Src/stm32l4xx_hal_pwr.o" --specs=nano.specs -mfpu=fpv4-sp-d16 -mfloat-abi=hard -mthumb -o "Drivers/STM32L4xx_HAL_Driver/Src/stm32l4xx_hal_pwr.o"
arm-none-eabi-gcc "../Drivers/STM32L4xx_HAL_Driver/Src/stm32l4xx_hal_pwr_ex.c" -mcpu=cortex-m4 -std=gnu11 -g3 -DDEBUG -DUSE_HAL_DRIVER -DSTM32L476xx -c -I../Core/Inc -I../Drivers/STM32L4xx_HAL_Driver/Inc -I../Drivers/STM32L4xx_HAL_Driver/Inc/Legacy -I../Drivers/CMSIS/Device/ST/STM32L4xx/Include -I../Drivers/CMSIS/Include -O0 -ffunction-sections -fdata-sections -Wall -fstack-usage -MMD -MP -MF"Drivers/STM32L4xx_HAL_Driver/Src/stm32l4xx_hal_pwr_ex.d" -MT"Drivers/STM32L4xx_HAL_Driver/Src/stm32l4xx_hal_pwr_ex.o" --specs=nano.specs -mfpu=fpv4-sp-d16 -mfloat-abi=hard -mthumb -o "Drivers/STM32L4xx_HAL_Driver/Src/stm32l4xx_hal_pwr_ex.o"
arm-none-eabi-gcc "../Drivers/STM32L4xx_HAL_Driver/Src/stm32l4xx_hal_rcc.c" -mcpu=cortex-m4 -std=gnu11 -g3 -DDEBUG -DUSE_HAL_DRIVER -DSTM32L476xx -c -I../Core/Inc -I../Drivers/STM32L4xx_HAL_Driver/Inc -I../Drivers/STM32L4xx_HAL_Driver/Inc/Legacy -I../Drivers/CMSIS/Device/ST/STM32L4xx/Include -I../Drivers/CMSIS/Include -O0 -ffunction-sections -fdata-sections -Wall -fstack-usage -MMD -MP -MF"Drivers/STM32L4xx_HAL_Driver/Src/stm32l4xx_hal_rcc.d" -MT"Drivers/STM32L4xx_HAL_Driver/Src/stm32l4xx_hal_rcc.o" --specs=nano.specs -mfpu=fpv4-sp-d16 -mfloat-abi=hard -mthumb -o "Drivers/STM32L4xx_HAL_Driver/Src/stm32l4xx_hal_rcc.o"
arm-none-eabi-gcc "../Drivers/STM32L4xx_HAL_Driver/Src/stm32l4xx_hal_rcc_ex.c" -mcpu=cortex-m4 -std=gnu11 -g3 -DDEBUG -DUSE_HAL_DRIVER -DSTM32L476xx -c -I../Core/Inc -I../Drivers/STM32L4xx_HAL_Driver/Inc -I../Drivers/STM32L4xx_HAL_Driver/Inc/Legacy -I../Drivers/CMSIS/Device/ST/STM32L4xx/Include -I../Drivers/CMSIS/Include -O0 -ffunction-sections -fdata-sections -Wall -fstack-usage -MMD -MP -MF"Drivers/STM32L4xx_HAL_Driver/Src/stm32l4xx_hal_rcc_ex.d" -MT"Drivers/STM32L4xx_HAL_Driver/Src/stm32l4xx_hal_rcc_ex.o" --specs=nano.specs -mfpu=fpv4-sp-d16 -mfloat-abi=hard -mthumb -o "Drivers/STM32L4xx_HAL_Driver/Src/stm32l4xx_hal_rcc_ex.o"
arm-none-eabi-gcc "../Drivers/STM32L4xx_HAL_Driver/Src/stm32l4xx_hal_tim.c" -mcpu=cortex-m4 -std=gnu11 -g3 -DDEBUG -DUSE_HAL_DRIVER -DSTM32L476xx -c -I../Core/Inc -I../Drivers/STM32L4xx_HAL_Driver/Inc -I../Drivers/STM32L4xx_HAL_Driver/Inc/Legacy -I../Drivers/CMSIS/Device/ST/STM32L4xx/Include -I../Drivers/CMSIS/Include -O0 -ffunction-sections -fdata-sections -Wall -fstack-usage -MMD -MP -MF"Drivers/STM32L4xx_HAL_Driver/Src/stm32l4xx_hal_tim.d" -MT"Drivers/STM32L4xx_HAL_Driver/Src/stm32l4xx_hal_tim.o" --specs=nano.specs -mfpu=fpv4-sp-d16 -mfloat-abi=hard -mthumb -o "Drivers/STM32L4xx_HAL_Driver/Src/stm32l4xx_hal_tim.o"
arm-none-eabi-gcc "../Drivers/STM32L4xx_HAL_Driver/Src/stm32l4xx_hal_tim_ex.c" -mcpu=cortex-m4 -std=gnu11 -g3 -DDEBUG -DUSE_HAL_DRIVER -DSTM32L476xx -c -I../Core/Inc -I../Drivers/STM32L4xx_HAL_Driver/Inc -I../Drivers/STM32L4xx_HAL_Driver/Inc/Legacy -I../Drivers/CMSIS/Device/ST/STM32L4xx/Include -I../Drivers/CMSIS/Include -O0 -ffunction-sections -fdata-sections -Wall -fstack-usage -MMD -MP -MF"Drivers/STM32L4xx_HAL_Driver/Src/stm32l4xx_hal_tim_ex.d" -MT"Drivers/STM32L4xx_HAL_Driver/Src/stm32l4xx_hal_tim_ex.o" --specs=nano.specs -mfpu=fpv4-sp-d16 -mfloat-abi=hard -mthumb -o "Drivers/STM32L4xx_HAL_Driver/Src/stm32l4xx_hal_tim_ex.o"
arm-none-eabi-gcc "../Drivers/STM32L4xx_HAL_Driver/Src/stm32l4xx_hal_uart.c" -mcpu=cortex-m4 -std=gnu11 -g3 -DDEBUG -DUSE_HAL_DRIVER -DSTM32L476xx -c -I../Core/Inc -I../Drivers/STM32L4xx_HAL_Driver/Inc -I../Drivers/STM32L4xx_HAL_Driver/Inc/Legacy -I../Drivers/CMSIS/Device/ST/STM32L4xx/Include -I../Drivers/CMSIS/Include -O0 -ffunction-sections -fdata-sections -Wall -fstack-usage -MMD -MP -MF"Drivers/STM32L4xx_HAL_Driver/Src/stm32l4xx_hal_uart.d" -MT"Drivers/STM32L4xx_HAL_Driver/Src/stm32l4xx_hal_uart.o" --specs=nano.specs -mfpu=fpv4-sp-d16 -mfloat-abi=hard -mthumb -o "Drivers/STM32L4xx_HAL_Driver/Src/stm32l4xx_hal_uart.o"
arm-none-eabi-gcc "../Drivers/STM32L4xx_HAL_Driver/Src/stm32l4xx_hal_uart_ex.c" -mcpu=cortex-m4 -std=gnu11 -g3 -DDEBUG -DUSE_HAL_DRIVER -DSTM32L476xx -c -I../Core/Inc -I../Drivers/STM32L4xx_HAL_Driver/Inc -I../Drivers/STM32L4xx_HAL_Driver/Inc/Legacy -I../Drivers/CMSIS/Device/ST/STM32L4xx/Include -I../Drivers/CMSIS/Include -O0 -ffunction-sections -fdata-sections -Wall -fstack-usage -MMD -MP -MF"Drivers/STM32L4xx_HAL_Driver/Src/stm32l4xx_hal_uart_ex.d" -MT"Drivers/STM32L4xx_HAL_Driver/Src/stm32l4xx_hal_uart_ex.o" --specs=nano.specs -mfpu=fpv4-sp-d16 -mfloat-abi=hard -mthumb -o "Drivers/STM32L4xx_HAL_Driver/Src/stm32l4xx_hal_uart_ex.o"
arm-none-eabi-gcc -mcpu=cortex-m4 -g3 -DDEBUG -c -x assembler-with-cpp -MMD -MP -MF"Core/Startup/startup_stm32l476rgtx.d" -MT"Core/Startup/startup_stm32l476rgtx.o" --specs=nano.specs -mfpu=fpv4-sp-d16 -mfloat-abi=hard -mthumb -o "Core/Startup/startup_stm32l476rgtx.o" "../Core/Startup/startup_stm32l476rgtx.s"
arm-none-eabi-gcc "../Core/Src/1DOF.c" -mcpu=cortex-m4 -std=gnu11 -g3 -DDEBUG -DUSE_HAL_DRIVER -DSTM32L476xx -c -I../Core/Inc -I../Drivers/STM32L4xx_HAL_Driver/Inc -I../Drivers/STM32L4xx_HAL_Driver/Inc/Legacy -I../Drivers/CMSIS/Device/ST/STM32L4xx/Include -I../Drivers/CMSIS/Include -O0 -ffunction-sections -fdata-sections -Wall -fstack-usage -MMD -MP -MF"Core/Src/1DOF.d" -MT"Core/Src/1DOF.o" --specs=nano.specs -mfpu=fpv4-sp-d16 -mfloat-abi=hard -mthumb -o "Core/Src/1DOF.o"
arm-none-eabi-gcc "../Core/Src/fsm.c" -mcpu=cortex-m4 -std=gnu11 -g3 -DDEBUG -DUSE_HAL_DRIVER -DSTM32L476xx -c -I../Core/Inc -I../Drivers/STM32L4xx_HAL_Driver/Inc -I../Drivers/STM32L4xx_HAL_Driver/Inc/Legacy -I../Drivers/CMSIS/Device/ST/STM32L4xx/Include -I../Drivers/CMSIS/Include -O0 -ffunction-sections -fdata-sections -Wall -fstack-usage -MMD -MP -MF"Core/Src/fsm.d" -MT"Core/Src/fsm.o" --specs=nano.specs -mfpu=fpv4-sp-d16 -mfloat-abi=hard -mthumb -o "Core/Src/fsm.o"
arm-none-eabi-gcc "../Core/Src/main.c" -mcpu=cortex-m4 -std=gnu11 -g3 -DDEBUG -DUSE_HAL_DRIVER -DSTM32L476xx -c -I../Core/Inc -I../Drivers/STM32L4xx_HAL_Driver/Inc -I../Drivers/STM32L4xx_HAL_Driver/Inc/Legacy -I../Drivers/CMSIS/Device/ST/STM32L4xx/Include -I../Drivers/CMSIS/Include -O0 -ffunction-sections -fdata-sections -Wall -fstack-usage -MMD -MP -MF"Core/Src/main.d" -MT"Core/Src/main.o" --specs=nano.specs -mfpu=fpv4-sp-d16 -mfloat-abi=hard -mthumb -o "Core/Src/main.o"
arm-none-eabi-gcc "../Core/Src/remi.c" -mcpu=cortex-m4 -std=gnu11 -g3 -DDEBUG -DUSE_HAL_DRIVER -DSTM32L476xx -c -I../Core/Inc -I../Drivers/STM32L4xx_HAL_Driver/Inc -I../Drivers/STM32L4xx_HAL_Driver/Inc/Legacy -I../Drivers/CMSIS/Device/ST/STM32L4xx/Include -I../Drivers/CMSIS/Include -O0 -ffunction-sections -fdata-sections -Wall -fstack-usage -MMD -MP -MF"Core/Src/remi.d" -MT"Core/Src/remi.o" --specs=nano.specs -mfpu=fpv4-sp-d16 -mfloat-abi=hard -mthumb -o "Core/Src/remi.o"
arm-none-eabi-gcc "../Core/Src/stm32l4xx_hal_msp.c" -mcpu=cortex-m4 -std=gnu11 -g3 -DDEBUG -DUSE_HAL_DRIVER -DSTM32L476xx -c -I../Core/Inc -I../Drivers/STM32L4xx_HAL_Driver/Inc -I../Drivers/STM32L4xx_HAL_Driver/Inc/Legacy -I../Drivers/CMSIS/Device/ST/STM32L4xx/Include -I../Drivers/CMSIS/Include -O0 -ffunction-sections -fdata-sections -Wall -fstack-usage -MMD -MP -MF"Core/Src/stm32l4xx_hal_msp.d" -MT"Core/Src/stm32l4xx_hal_msp.o" --specs=nano.specs -mfpu=fpv4-sp-d16 -mfloat-abi=hard -mthumb -o "Core/Src/stm32l4xx_hal_msp.o"
../Core/Src/main.c: In function 'main':
../Core/Src/main.c:180:17: warning: statement with no effect [-Wunused-value]
  180 |     r_buffer[0] != ' ';
      |     ~~~~~~~~~~~~^~~~~~
../Core/Src/main.c:86:6: warning: unused variable 'k' [-Wunused-variable]
   86 |  int k = 0;
      |      ^
arm-none-eabi-gcc "../Core/Src/stm32l4xx_it.c" -mcpu=cortex-m4 -std=gnu11 -g3 -DDEBUG -DUSE_HAL_DRIVER -DSTM32L476xx -c -I../Core/Inc -I../Drivers/STM32L4xx_HAL_Driver/Inc -I../Drivers/STM32L4xx_HAL_Driver/Inc/Legacy -I../Drivers/CMSIS/Device/ST/STM32L4xx/Include -I../Drivers/CMSIS/Include -O0 -ffunction-sections -fdata-sections -Wall -fstack-usage -MMD -MP -MF"Core/Src/stm32l4xx_it.d" -MT"Core/Src/stm32l4xx_it.o" --specs=nano.specs -mfpu=fpv4-sp-d16 -mfloat-abi=hard -mthumb -o "Core/Src/stm32l4xx_it.o"
arm-none-eabi-gcc "../Core/Src/syscalls.c" -mcpu=cortex-m4 -std=gnu11 -g3 -DDEBUG -DUSE_HAL_DRIVER -DSTM32L476xx -c -I../Core/Inc -I../Drivers/STM32L4xx_HAL_Driver/Inc -I../Drivers/STM32L4xx_HAL_Driver/Inc/Legacy -I../Drivers/CMSIS/Device/ST/STM32L4xx/Include -I../Drivers/CMSIS/Include -O0 -ffunction-sections -fdata-sections -Wall -fstack-usage -MMD -MP -MF"Core/Src/syscalls.d" -MT"Core/Src/syscalls.o" --specs=nano.specs -mfpu=fpv4-sp-d16 -mfloat-abi=hard -mthumb -o "Core/Src/syscalls.o"
arm-none-eabi-gcc "../Core/Src/sysmem.c" -mcpu=cortex-m4 -std=gnu11 -g3 -DDEBUG -DUSE_HAL_DRIVER -DSTM32L476xx -c -I../Core/Inc -I../Drivers/STM32L4xx_HAL_Driver/Inc -I../Drivers/STM32L4xx_HAL_Driver/Inc/Legacy -I../Drivers/CMSIS/Device/ST/STM32L4xx/Include -I../Drivers/CMSIS/Include -O0 -ffunction-sections -fdata-sections -Wall -fstack-usage -MMD -MP -MF"Core/Src/sysmem.d" -MT"Core/Src/sysmem.o" --specs=nano.specs -mfpu=fpv4-sp-d16 -mfloat-abi=hard -mthumb -o "Core/Src/sysmem.o"
arm-none-eabi-gcc "../Core/Src/system_stm32l4xx.c" -mcpu=cortex-m4 -std=gnu11 -g3 -DDEBUG -DUSE_HAL_DRIVER -DSTM32L476xx -c -I../Core/Inc -I../Drivers/STM32L4xx_HAL_Driver/Inc -I../Drivers/STM32L4xx_HAL_Driver/Inc/Legacy -I../Drivers/CMSIS/Device/ST/STM32L4xx/Include -I../Drivers/CMSIS/Include -O0 -ffunction-sections -fdata-sections -Wall -fstack-usage -MMD -MP -MF"Core/Src/system_stm32l4xx.d" -MT"Core/Src/system_stm32l4xx.o" --specs=nano.specs -mfpu=fpv4-sp-d16 -mfloat-abi=hard -mthumb -o "Core/Src/system_stm32l4xx.o"
arm-none-eabi-gcc "../Core/Src/yann.c" -mcpu=cortex-m4 -std=gnu11 -g3 -DDEBUG -DUSE_HAL_DRIVER -DSTM32L476xx -c -I../Core/Inc -I../Drivers/STM32L4xx_HAL_Driver/Inc -I../Drivers/STM32L4xx_HAL_Driver/Inc/Legacy -I../Drivers/CMSIS/Device/ST/STM32L4xx/Include -I../Drivers/CMSIS/Include -O0 -ffunction-sections -fdata-sections -Wall -fstack-usage -MMD -MP -MF"Core/Src/yann.d" -MT"Core/Src/yann.o" --specs=nano.specs -mfpu=fpv4-sp-d16 -mfloat-abi=hard -mthumb -o "Core/Src/yann.o"
arm-none-eabi-g++ -o "1DOF_Bench.elf" @"objects.list"   -mcpu=cortex-m4 -T"C:\Users\AXEL NDO\Documents\master 1 SRD\test\Stage_1DOF_DroneBench\05_CubeIDE\1DOF_Bench\STM32L476RGTX_FLASH.ld" --specs=nosys.specs -Wl,-Map="1DOF_Bench.map" -Wl,--gc-sections -static --specs=nano.specs -mfpu=fpv4-sp-d16 -mfloat-abi=hard -mthumb -Wl,--start-group -lc -lm -lstdc++ -lsupc++ -Wl,--end-group
Finished building target: 1DOF_Bench.elf
 
arm-none-eabi-size   1DOF_Bench.elf 
arm-none-eabi-objdump -h -S  1DOF_Bench.elf  > "1DOF_Bench.list"
arm-none-eabi-objcopy  -O binary  1DOF_Bench.elf  "1DOF_Bench.bin"
   text	   data	    bss	    dec	    hex	filename
  31448	    120	   1984	  33552	   8310	1DOF_Bench.elf
Finished building: default.size.stdout
 
Finished building: 1DOF_Bench.list
Finished building: 1DOF_Bench.bin
 
 
15:36:21 **** Incremental Build of configuration Debug for project 1DOF_Bench ****
make -j4 all 
arm-none-eabi-gcc "../Core/Src/main.c" -mcpu=cortex-m4 -std=gnu11 -g3 -DDEBUG -DUSE_HAL_DRIVER -DSTM32L476xx -c -I../Core/Inc -I../Drivers/STM32L4xx_HAL_Driver/Inc -I../Drivers/STM32L4xx_HAL_Driver/Inc/Legacy -I../Drivers/CMSIS/Device/ST/STM32L4xx/Include -I../Drivers/CMSIS/Include -O0 -ffunction-sections -fdata-sections -Wall -fstack-usage -MMD -MP -MF"Core/Src/main.d" -MT"Core/Src/main.o" --specs=nano.specs -mfpu=fpv4-sp-d16 -mfloat-abi=hard -mthumb -o "Core/Src/main.o"
../Core/Src/main.c: In function 'main':
../Core/Src/main.c:180:17: warning: statement with no effect [-Wunused-value]
  180 |     r_buffer[0] == ' ';
      |     ~~~~~~~~~~~~^~~~~~
../Core/Src/main.c:86:6: warning: unused variable 'k' [-Wunused-variable]
   86 |  int k = 0;
      |      ^
arm-none-eabi-g++ -o "1DOF_Bench.elf" @"objects.list"   -mcpu=cortex-m4 -T"C:\Users\AXEL NDO\Documents\master 1 SRD\test\Stage_1DOF_DroneBench\05_CubeIDE\1DOF_Bench\STM32L476RGTX_FLASH.ld" --specs=nosys.specs -Wl,-Map="1DOF_Bench.map" -Wl,--gc-sections -static --specs=nano.specs -mfpu=fpv4-sp-d16 -mfloat-abi=hard -mthumb -Wl,--start-group -lc -lm -lstdc++ -lsupc++ -Wl,--end-group
Finished building target: 1DOF_Bench.elf
 
arm-none-eabi-size   1DOF_Bench.elf 
arm-none-eabi-objdump -h -S  1DOF_Bench.elf  > "1DOF_Bench.list"
arm-none-eabi-objcopy  -O binary  1DOF_Bench.elf  "1DOF_Bench.bin"
   text	   data	    bss	    dec	    hex	filename
  31448	    120	   1984	  33552	   8310	1DOF_Bench.elf
Finished building: default.size.stdout
 
Finished building: 1DOF_Bench.bin
 
Finished building: 1DOF_Bench.list
 
15:36:27 **** Incremental Build of configuration Debug for project 1DOF_Bench ****
make -j4 all 
arm-none-eabi-gcc "../Core/Src/main.c" -mcpu=cortex-m4 -std=gnu11 -g3 -DDEBUG -DUSE_HAL_DRIVER -DSTM32L476xx -c -I../Core/Inc -I../Drivers/STM32L4xx_HAL_Driver/Inc -I../Drivers/STM32L4xx_HAL_Driver/Inc/Legacy -I../Drivers/CMSIS/Device/ST/STM32L4xx/Include -I../Drivers/CMSIS/Include -O0 -ffunction-sections -fdata-sections -Wall -fstack-usage -MMD -MP -MF"Core/Src/main.d" -MT"Core/Src/main.o" --specs=nano.specs -mfpu=fpv4-sp-d16 -mfloat-abi=hard -mthumb -o "Core/Src/main.o"
../Core/Src/main.c: In function 'main':
../Core/Src/main.c:86:6: warning: unused variable 'k' [-Wunused-variable]
   86 |  int k = 0;
      |      ^
arm-none-eabi-g++ -o "1DOF_Bench.elf" @"objects.list"   -mcpu=cortex-m4 -T"C:\Users\AXEL NDO\Documents\master 1 SRD\test\Stage_1DOF_DroneBench\05_CubeIDE\1DOF_Bench\STM32L476RGTX_FLASH.ld" --specs=nosys.specs -Wl,-Map="1DOF_Bench.map" -Wl,--gc-sections -static --specs=nano.specs -mfpu=fpv4-sp-d16 -mfloat-abi=hard -mthumb -Wl,--start-group -lc -lm -lstdc++ -lsupc++ -Wl,--end-group
Finished building target: 1DOF_Bench.elf
 
arm-none-eabi-size   1DOF_Bench.elf 
arm-none-eabi-objdump -h -S  1DOF_Bench.elf  > "1DOF_Bench.list"
arm-none-eabi-objcopy  -O binary  1DOF_Bench.elf  "1DOF_Bench.bin"
   text	   data	    bss	    dec	    hex	filename
  31452	    120	   1984	  33556	   8314	1DOF_Bench.elf
Finished building: default.size.stdout
 
Finished building: 1DOF_Bench.bin
 
Finished building: 1DOF_Bench.list
 
15:37:34 **** Incremental Build of configuration Debug for project 1DOF_Bench ****
make -j4 all 
arm-none-eabi-size   1DOF_Bench.elf 
   text	   data	    bss	    dec	    hex	filename
  31452	    120	   1984	  33556	   8314	1DOF_Bench.elf
Finished building: default.size.stdout
 
16:04:02 **** Incremental Build of configuration Debug for project 1DOF_Bench ****
make -j4 all 
arm-none-eabi-gcc "../Core/Src/fsm.c" -mcpu=cortex-m4 -std=gnu11 -g3 -DDEBUG -DUSE_HAL_DRIVER -DSTM32L476xx -c -I../Core/Inc -I../Drivers/STM32L4xx_HAL_Driver/Inc -I../Drivers/STM32L4xx_HAL_Driver/Inc/Legacy -I../Drivers/CMSIS/Device/ST/STM32L4xx/Include -I../Drivers/CMSIS/Include -O0 -ffunction-sections -fdata-sections -Wall -fstack-usage -MMD -MP -MF"Core/Src/fsm.d" -MT"Core/Src/fsm.o" --specs=nano.specs -mfpu=fpv4-sp-d16 -mfloat-abi=hard -mthumb -o "Core/Src/fsm.o"
arm-none-eabi-gcc "../Core/Src/main.c" -mcpu=cortex-m4 -std=gnu11 -g3 -DDEBUG -DUSE_HAL_DRIVER -DSTM32L476xx -c -I../Core/Inc -I../Drivers/STM32L4xx_HAL_Driver/Inc -I../Drivers/STM32L4xx_HAL_Driver/Inc/Legacy -I../Drivers/CMSIS/Device/ST/STM32L4xx/Include -I../Drivers/CMSIS/Include -O0 -ffunction-sections -fdata-sections -Wall -fstack-usage -MMD -MP -MF"Core/Src/main.d" -MT"Core/Src/main.o" --specs=nano.specs -mfpu=fpv4-sp-d16 -mfloat-abi=hard -mthumb -o "Core/Src/main.o"
arm-none-eabi-gcc "../Core/Src/yann.c" -mcpu=cortex-m4 -std=gnu11 -g3 -DDEBUG -DUSE_HAL_DRIVER -DSTM32L476xx -c -I../Core/Inc -I../Drivers/STM32L4xx_HAL_Driver/Inc -I../Drivers/STM32L4xx_HAL_Driver/Inc/Legacy -I../Drivers/CMSIS/Device/ST/STM32L4xx/Include -I../Drivers/CMSIS/Include -O0 -ffunction-sections -fdata-sections -Wall -fstack-usage -MMD -MP -MF"Core/Src/yann.d" -MT"Core/Src/yann.o" --specs=nano.specs -mfpu=fpv4-sp-d16 -mfloat-abi=hard -mthumb -o "Core/Src/yann.o"
../Core/Src/main.c: In function 'main':
../Core/Src/main.c:163:33: error: 'f' undeclared (first use in this function)
  163 |    printf("firmware version %d",f)
      |                                 ^
../Core/Src/main.c:163:33: note: each undeclared identifier is reported only once for each function it appears in
../Core/Src/yann.c: In function 'display_state':
../Core/Src/yann.c:37:7: error: 'idle_mode' undeclared (first use in this function); did you mean 'info_mode'?
   37 |  case idle_mode:
      |       ^~~~~~~~~
      |       info_mode
../Core/Src/yann.c:37:7: note: each undeclared identifier is reported only once for each function it appears in
../Core/Src/main.c:163:35: error: expected ';' before 'do'
  163 |    printf("firmware version %d",f)
      |                                   ^
      |                                   ;
  164 |    //sortie de la boucle
  165 |    do {
      |    ~~                              
../Core/Src/main.c:190:32: error: expected ';' before 'break'
  190 |    printf("Init completed\n\r")
      |                                ^
      |                                ;
......
  193 |    break;
      |    ~~~~~                        
../Core/Src/main.c:87:6: warning: unused variable 'k' [-Wunused-variable]
   87 |  int k = 0;
      |      ^
../Core/Src/main.c:80:7: warning: variable 'r_buffer' set but not used [-Wunused-but-set-variable]
   80 |  char r_buffer[2];
      |       ^~~~~~~~
make: *** [Core/Src/subdir.mk:46: Core/Src/main.o] Error 1
make: *** Waiting for unfinished jobs....
make: *** [Core/Src/subdir.mk:46: Core/Src/yann.o] Error 1
"make -j4 all" terminated with exit code 2. Build might be incomplete.
16:04:18 **** Incremental Build of configuration Debug for project 1DOF_Bench ****
make -j4 all 
arm-none-eabi-gcc "../Core/Src/main.c" -mcpu=cortex-m4 -std=gnu11 -g3 -DDEBUG -DUSE_HAL_DRIVER -DSTM32L476xx -c -I../Core/Inc -I../Drivers/STM32L4xx_HAL_Driver/Inc -I../Drivers/STM32L4xx_HAL_Driver/Inc/Legacy -I../Drivers/CMSIS/Device/ST/STM32L4xx/Include -I../Drivers/CMSIS/Include -O0 -ffunction-sections -fdata-sections -Wall -fstack-usage -MMD -MP -MF"Core/Src/main.d" -MT"Core/Src/main.o" --specs=nano.specs -mfpu=fpv4-sp-d16 -mfloat-abi=hard -mthumb -o "Core/Src/main.o"
arm-none-eabi-gcc "../Core/Src/yann.c" -mcpu=cortex-m4 -std=gnu11 -g3 -DDEBUG -DUSE_HAL_DRIVER -DSTM32L476xx -c -I../Core/Inc -I../Drivers/STM32L4xx_HAL_Driver/Inc -I../Drivers/STM32L4xx_HAL_Driver/Inc/Legacy -I../Drivers/CMSIS/Device/ST/STM32L4xx/Include -I../Drivers/CMSIS/Include -O0 -ffunction-sections -fdata-sections -Wall -fstack-usage -MMD -MP -MF"Core/Src/yann.d" -MT"Core/Src/yann.o" --specs=nano.specs -mfpu=fpv4-sp-d16 -mfloat-abi=hard -mthumb -o "Core/Src/yann.o"
../Core/Src/yann.c: In function 'display_state':
../Core/Src/yann.c:37:7: error: 'idle_mode' undeclared (first use in this function); did you mean 'info_mode'?
   37 |  case idle_mode:
      |       ^~~~~~~~~
      |       info_mode
../Core/Src/yann.c:37:7: note: each undeclared identifier is reported only once for each function it appears in
make: *** [Core/Src/subdir.mk:46: Core/Src/yann.o] Error 1
make: *** Waiting for unfinished jobs....
../Core/Src/main.c: In function 'main':
../Core/Src/main.c:190:32: error: expected ';' before 'break'
  190 |    printf("Init completed\n\r")
      |                                ^
      |                                ;
......
  193 |    break;
      |    ~~~~~                        
../Core/Src/main.c:87:6: warning: unused variable 'k' [-Wunused-variable]
   87 |  int k = 0;
      |      ^
make: *** [Core/Src/subdir.mk:46: Core/Src/main.o] Error 1
"make -j4 all" terminated with exit code 2. Build might be incomplete.
16:06:49 **** Incremental Build of configuration Debug for project 1DOF_Bench ****
make -j4 all 
arm-none-eabi-gcc "../Core/Src/main.c" -mcpu=cortex-m4 -std=gnu11 -g3 -DDEBUG -DUSE_HAL_DRIVER -DSTM32L476xx -c -I../Core/Inc -I../Drivers/STM32L4xx_HAL_Driver/Inc -I../Drivers/STM32L4xx_HAL_Driver/Inc/Legacy -I../Drivers/CMSIS/Device/ST/STM32L4xx/Include -I../Drivers/CMSIS/Include -O0 -ffunction-sections -fdata-sections -Wall -fstack-usage -MMD -MP -MF"Core/Src/main.d" -MT"Core/Src/main.o" --specs=nano.specs -mfpu=fpv4-sp-d16 -mfloat-abi=hard -mthumb -o "Core/Src/main.o"
arm-none-eabi-gcc "../Core/Src/yann.c" -mcpu=cortex-m4 -std=gnu11 -g3 -DDEBUG -DUSE_HAL_DRIVER -DSTM32L476xx -c -I../Core/Inc -I../Drivers/STM32L4xx_HAL_Driver/Inc -I../Drivers/STM32L4xx_HAL_Driver/Inc/Legacy -I../Drivers/CMSIS/Device/ST/STM32L4xx/Include -I../Drivers/CMSIS/Include -O0 -ffunction-sections -fdata-sections -Wall -fstack-usage -MMD -MP -MF"Core/Src/yann.d" -MT"Core/Src/yann.o" --specs=nano.specs -mfpu=fpv4-sp-d16 -mfloat-abi=hard -mthumb -o "Core/Src/yann.o"
../Core/Src/main.c: In function 'main':
../Core/Src/main.c:147:4: error: a label can only be part of a statement and a declaration is not a statement
  147 |    int man;
      |    ^~~
../Core/Src/main.c:152:12: warning: format '%d' expects argument of type 'int *', but argument 2 has type 'int' [-Wformat=]
  152 |    scanf("%d",man);
      |           ~^  ~~~
      |            |  |
      |            |  int
      |            int *
../Core/Src/main.c:194:32: error: expected ';' before 'break'
  194 |    printf("Init completed\n\r")
      |                                ^
      |                                ;
......
  197 |    break;
      |    ~~~~~                        
../Core/Src/main.c:87:6: warning: unused variable 'k' [-Wunused-variable]
   87 |  int k = 0;
      |      ^
../Core/Src/yann.c: In function 'display_state':
../Core/Src/yann.c:37:7: error: 'idle_mode' undeclared (first use in this function); did you mean 'info_mode'?
   37 |  case idle_mode:
      |       ^~~~~~~~~
      |       info_mode
../Core/Src/yann.c:37:7: note: each undeclared identifier is reported only once for each function it appears in
make: *** [Core/Src/subdir.mk:46: Core/Src/yann.o] Error 1
make: *** Waiting for unfinished jobs....
make: *** [Core/Src/subdir.mk:46: Core/Src/main.o] Error 1
"make -j4 all" terminated with exit code 2. Build might be incomplete.
16:07:07 **** Incremental Build of configuration Debug for project 1DOF_Bench ****
make -j4 all 
arm-none-eabi-gcc "../Core/Src/main.c" -mcpu=cortex-m4 -std=gnu11 -g3 -DDEBUG -DUSE_HAL_DRIVER -DSTM32L476xx -c -I../Core/Inc -I../Drivers/STM32L4xx_HAL_Driver/Inc -I../Drivers/STM32L4xx_HAL_Driver/Inc/Legacy -I../Drivers/CMSIS/Device/ST/STM32L4xx/Include -I../Drivers/CMSIS/Include -O0 -ffunction-sections -fdata-sections -Wall -fstack-usage -MMD -MP -MF"Core/Src/main.d" -MT"Core/Src/main.o" --specs=nano.specs -mfpu=fpv4-sp-d16 -mfloat-abi=hard -mthumb -o "Core/Src/main.o"
arm-none-eabi-gcc "../Core/Src/yann.c" -mcpu=cortex-m4 -std=gnu11 -g3 -DDEBUG -DUSE_HAL_DRIVER -DSTM32L476xx -c -I../Core/Inc -I../Drivers/STM32L4xx_HAL_Driver/Inc -I../Drivers/STM32L4xx_HAL_Driver/Inc/Legacy -I../Drivers/CMSIS/Device/ST/STM32L4xx/Include -I../Drivers/CMSIS/Include -O0 -ffunction-sections -fdata-sections -Wall -fstack-usage -MMD -MP -MF"Core/Src/yann.d" -MT"Core/Src/yann.o" --specs=nano.specs -mfpu=fpv4-sp-d16 -mfloat-abi=hard -mthumb -o "Core/Src/yann.o"
../Core/Src/main.c: In function 'main':
../Core/Src/main.c:152:12: warning: format '%d' expects argument of type 'int *', but argument 2 has type 'int' [-Wformat=]
  152 |    scanf("%d",man);
      |           ~^  ~~~
      |            |  |
      |            |  int
      |            int *
../Core/Src/main.c:194:32: error: expected ';' before 'break'
  194 |    printf("Init completed\n\r")
      |                                ^
      |                                ;
......
  197 |    break;
      |    ~~~~~                        
../Core/Src/main.c:87:6: warning: unused variable 'k' [-Wunused-variable]
   87 |  int k = 0;
      |      ^
../Core/Src/yann.c: In function 'display_state':
../Core/Src/yann.c:37:7: error: 'idle_mode' undeclared (first use in this function); did you mean 'info_mode'?
   37 |  case idle_mode:
      |       ^~~~~~~~~
      |       info_mode
../Core/Src/yann.c:37:7: note: each undeclared identifier is reported only once for each function it appears in
make: *** [Core/Src/subdir.mk:46: Core/Src/main.o] Error 1
make: *** Waiting for unfinished jobs....
make: *** [Core/Src/subdir.mk:46: Core/Src/yann.o] Error 1
"make -j4 all" terminated with exit code 2. Build might be incomplete.
16:07:15 **** Incremental Build of configuration Debug for project 1DOF_Bench ****
make -j4 all 
arm-none-eabi-gcc "../Core/Src/main.c" -mcpu=cortex-m4 -std=gnu11 -g3 -DDEBUG -DUSE_HAL_DRIVER -DSTM32L476xx -c -I../Core/Inc -I../Drivers/STM32L4xx_HAL_Driver/Inc -I../Drivers/STM32L4xx_HAL_Driver/Inc/Legacy -I../Drivers/CMSIS/Device/ST/STM32L4xx/Include -I../Drivers/CMSIS/Include -O0 -ffunction-sections -fdata-sections -Wall -fstack-usage -MMD -MP -MF"Core/Src/main.d" -MT"Core/Src/main.o" --specs=nano.specs -mfpu=fpv4-sp-d16 -mfloat-abi=hard -mthumb -o "Core/Src/main.o"
arm-none-eabi-gcc "../Core/Src/yann.c" -mcpu=cortex-m4 -std=gnu11 -g3 -DDEBUG -DUSE_HAL_DRIVER -DSTM32L476xx -c -I../Core/Inc -I../Drivers/STM32L4xx_HAL_Driver/Inc -I../Drivers/STM32L4xx_HAL_Driver/Inc/Legacy -I../Drivers/CMSIS/Device/ST/STM32L4xx/Include -I../Drivers/CMSIS/Include -O0 -ffunction-sections -fdata-sections -Wall -fstack-usage -MMD -MP -MF"Core/Src/yann.d" -MT"Core/Src/yann.o" --specs=nano.specs -mfpu=fpv4-sp-d16 -mfloat-abi=hard -mthumb -o "Core/Src/yann.o"
../Core/Src/main.c: In function 'main':
../Core/Src/main.c:152:12: warning: format '%d' expects argument of type 'int *', but argument 2 has type 'int' [-Wformat=]
  152 |    scanf("%d",man);
      |           ~^  ~~~
      |            |  |
      |            |  int
      |            int *
../Core/Src/main.c:87:6: warning: unused variable 'k' [-Wunused-variable]
   87 |  int k = 0;
      |      ^
../Core/Src/yann.c: In function 'display_state':
../Core/Src/yann.c:37:7: error: 'idle_mode' undeclared (first use in this function); did you mean 'info_mode'?
   37 |  case idle_mode:
      |       ^~~~~~~~~
      |       info_mode
../Core/Src/yann.c:37:7: note: each undeclared identifier is reported only once for each function it appears in
../Core/Src/main.c:152:4: warning: 'man' may be used uninitialized in this function [-Wmaybe-uninitialized]
  152 |    scanf("%d",man);
      |    ^~~~~~~~~~~~~~~
make: *** [Core/Src/subdir.mk:46: Core/Src/yann.o] Error 1
make: *** Waiting for unfinished jobs....
"make -j4 all" terminated with exit code 2. Build might be incomplete.
16:07:31 **** Incremental Build of configuration Debug for project 1DOF_Bench ****
make -j4 all 
arm-none-eabi-gcc "../Core/Src/main.c" -mcpu=cortex-m4 -std=gnu11 -g3 -DDEBUG -DUSE_HAL_DRIVER -DSTM32L476xx -c -I../Core/Inc -I../Drivers/STM32L4xx_HAL_Driver/Inc -I../Drivers/STM32L4xx_HAL_Driver/Inc/Legacy -I../Drivers/CMSIS/Device/ST/STM32L4xx/Include -I../Drivers/CMSIS/Include -O0 -ffunction-sections -fdata-sections -Wall -fstack-usage -MMD -MP -MF"Core/Src/main.d" -MT"Core/Src/main.o" --specs=nano.specs -mfpu=fpv4-sp-d16 -mfloat-abi=hard -mthumb -o "Core/Src/main.o"
arm-none-eabi-gcc "../Core/Src/yann.c" -mcpu=cortex-m4 -std=gnu11 -g3 -DDEBUG -DUSE_HAL_DRIVER -DSTM32L476xx -c -I../Core/Inc -I../Drivers/STM32L4xx_HAL_Driver/Inc -I../Drivers/STM32L4xx_HAL_Driver/Inc/Legacy -I../Drivers/CMSIS/Device/ST/STM32L4xx/Include -I../Drivers/CMSIS/Include -O0 -ffunction-sections -fdata-sections -Wall -fstack-usage -MMD -MP -MF"Core/Src/yann.d" -MT"Core/Src/yann.o" --specs=nano.specs -mfpu=fpv4-sp-d16 -mfloat-abi=hard -mthumb -o "Core/Src/yann.o"
../Core/Src/main.c: In function 'main':
../Core/Src/main.c:87:6: warning: unused variable 'k' [-Wunused-variable]
   87 |  int k = 0;
      |      ^
../Core/Src/yann.c: In function 'display_state':
../Core/Src/yann.c:37:7: error: 'idle_mode' undeclared (first use in this function); did you mean 'info_mode'?
   37 |  case idle_mode:
      |       ^~~~~~~~~
      |       info_mode
../Core/Src/yann.c:37:7: note: each undeclared identifier is reported only once for each function it appears in
make: *** [Core/Src/subdir.mk:46: Core/Src/yann.o] Error 1
make: *** Waiting for unfinished jobs....
"make -j4 all" terminated with exit code 2. Build might be incomplete.
16:07:55 **** Incremental Build of configuration Debug for project 1DOF_Bench ****
make -j4 all 
arm-none-eabi-gcc "../Core/Src/yann.c" -mcpu=cortex-m4 -std=gnu11 -g3 -DDEBUG -DUSE_HAL_DRIVER -DSTM32L476xx -c -I../Core/Inc -I../Drivers/STM32L4xx_HAL_Driver/Inc -I../Drivers/STM32L4xx_HAL_Driver/Inc/Legacy -I../Drivers/CMSIS/Device/ST/STM32L4xx/Include -I../Drivers/CMSIS/Include -O0 -ffunction-sections -fdata-sections -Wall -fstack-usage -MMD -MP -MF"Core/Src/yann.d" -MT"Core/Src/yann.o" --specs=nano.specs -mfpu=fpv4-sp-d16 -mfloat-abi=hard -mthumb -o "Core/Src/yann.o"
arm-none-eabi-g++ -o "1DOF_Bench.elf" @"objects.list"   -mcpu=cortex-m4 -T"C:\Users\AXEL NDO\Documents\master 1 SRD\test\Stage_1DOF_DroneBench\05_CubeIDE\1DOF_Bench\STM32L476RGTX_FLASH.ld" --specs=nosys.specs -Wl,-Map="1DOF_Bench.map" -Wl,--gc-sections -static --specs=nano.specs -mfpu=fpv4-sp-d16 -mfloat-abi=hard -mthumb -u _printf_float -u _scanf_float -Wl,--start-group -lc -lm -lstdc++ -lsupc++ -Wl,--end-group
d:\stm32\stm32cubeide_1.8.0\stm32cubeide\plugins\com.st.stm32cube.ide.mcu.externaltools.gnu-tools-for-stm32.9-2020-q2-update.win32_2.0.0.202105311346\tools\arm-none-eabi\bin\ld.exe: ./Core/Src/main.o:C:/Users/AXEL NDO/Documents/master 1 SRD/test/Stage_1DOF_DroneBench/05_CubeIDE/1DOF_Bench/Debug/../Core/Inc/yann.h:19: multiple definition of `firmware_version'; ./Core/Src/fsm.o:C:/Users/AXEL NDO/Documents/master 1 SRD/test/Stage_1DOF_DroneBench/05_CubeIDE/1DOF_Bench/Debug/../Core/Inc/yann.h:19: first defined here
d:\stm32\stm32cubeide_1.8.0\stm32cubeide\plugins\com.st.stm32cube.ide.mcu.externaltools.gnu-tools-for-stm32.9-2020-q2-update.win32_2.0.0.202105311346\tools\arm-none-eabi\bin\ld.exe: ./Core/Src/yann.o:C:/Users/AXEL NDO/Documents/master 1 SRD/test/Stage_1DOF_DroneBench/05_CubeIDE/1DOF_Bench/Debug/../Core/Inc/yann.h:19: multiple definition of `firmware_version'; ./Core/Src/fsm.o:C:/Users/AXEL NDO/Documents/master 1 SRD/test/Stage_1DOF_DroneBench/05_CubeIDE/1DOF_Bench/Debug/../Core/Inc/yann.h:19: first defined here
collect2.exe: error: ld returned 1 exit status
make: *** [makefile:79: 1DOF_Bench.elf] Error 1
"make -j4 all" terminated with exit code 2. Build might be incomplete.
16:08:13 **** Incremental Build of configuration Debug for project 1DOF_Bench ****
make -j4 all 
arm-none-eabi-g++ -o "1DOF_Bench.elf" @"objects.list"   -mcpu=cortex-m4 -T"C:\Users\AXEL NDO\Documents\master 1 SRD\test\Stage_1DOF_DroneBench\05_CubeIDE\1DOF_Bench\STM32L476RGTX_FLASH.ld" --specs=nosys.specs -Wl,-Map="1DOF_Bench.map" -Wl,--gc-sections -static --specs=nano.specs -mfpu=fpv4-sp-d16 -mfloat-abi=hard -mthumb -u _printf_float -u _scanf_float -Wl,--start-group -lc -lm -lstdc++ -lsupc++ -Wl,--end-group
d:\stm32\stm32cubeide_1.8.0\stm32cubeide\plugins\com.st.stm32cube.ide.mcu.externaltools.gnu-tools-for-stm32.9-2020-q2-update.win32_2.0.0.202105311346\tools\arm-none-eabi\bin\ld.exe: ./Core/Src/main.o:C:/Users/AXEL NDO/Documents/master 1 SRD/test/Stage_1DOF_DroneBench/05_CubeIDE/1DOF_Bench/Debug/../Core/Inc/yann.h:19: multiple definition of `firmware_version'; ./Core/Src/fsm.o:C:/Users/AXEL NDO/Documents/master 1 SRD/test/Stage_1DOF_DroneBench/05_CubeIDE/1DOF_Bench/Debug/../Core/Inc/yann.h:19: first defined here
d:\stm32\stm32cubeide_1.8.0\stm32cubeide\plugins\com.st.stm32cube.ide.mcu.externaltools.gnu-tools-for-stm32.9-2020-q2-update.win32_2.0.0.202105311346\tools\arm-none-eabi\bin\ld.exe: ./Core/Src/yann.o:C:/Users/AXEL NDO/Documents/master 1 SRD/test/Stage_1DOF_DroneBench/05_CubeIDE/1DOF_Bench/Debug/../Core/Inc/yann.h:19: multiple definition of `firmware_version'; ./Core/Src/fsm.o:C:/Users/AXEL NDO/Documents/master 1 SRD/test/Stage_1DOF_DroneBench/05_CubeIDE/1DOF_Bench/Debug/../Core/Inc/yann.h:19: first defined here
collect2.exe: error: ld returned 1 exit status
make: *** [makefile:79: 1DOF_Bench.elf] Error 1
"make -j4 all" terminated with exit code 2. Build might be incomplete.
16:08:32 **** Incremental Build of configuration Debug for project 1DOF_Bench ****
make -j4 all 
arm-none-eabi-g++ -o "1DOF_Bench.elf" @"objects.list"   -mcpu=cortex-m4 -T"C:\Users\AXEL NDO\Documents\master 1 SRD\test\Stage_1DOF_DroneBench\05_CubeIDE\1DOF_Bench\STM32L476RGTX_FLASH.ld" --specs=nosys.specs -Wl,-Map="1DOF_Bench.map" -Wl,--gc-sections -static --specs=nano.specs -mfpu=fpv4-sp-d16 -mfloat-abi=hard -mthumb -u _printf_float -u _scanf_float -Wl,--start-group -lc -lm -lstdc++ -lsupc++ -Wl,--end-group
d:\stm32\stm32cubeide_1.8.0\stm32cubeide\plugins\com.st.stm32cube.ide.mcu.externaltools.gnu-tools-for-stm32.9-2020-q2-update.win32_2.0.0.202105311346\tools\arm-none-eabi\bin\ld.exe: ./Core/Src/main.o:C:/Users/AXEL NDO/Documents/master 1 SRD/test/Stage_1DOF_DroneBench/05_CubeIDE/1DOF_Bench/Debug/../Core/Inc/yann.h:19: multiple definition of `firmware_version'; ./Core/Src/fsm.o:C:/Users/AXEL NDO/Documents/master 1 SRD/test/Stage_1DOF_DroneBench/05_CubeIDE/1DOF_Bench/Debug/../Core/Inc/yann.h:19: first defined here
d:\stm32\stm32cubeide_1.8.0\stm32cubeide\plugins\com.st.stm32cube.ide.mcu.externaltools.gnu-tools-for-stm32.9-2020-q2-update.win32_2.0.0.202105311346\tools\arm-none-eabi\bin\ld.exe: ./Core/Src/yann.o:C:/Users/AXEL NDO/Documents/master 1 SRD/test/Stage_1DOF_DroneBench/05_CubeIDE/1DOF_Bench/Debug/../Core/Inc/yann.h:19: multiple definition of `firmware_version'; ./Core/Src/fsm.o:C:/Users/AXEL NDO/Documents/master 1 SRD/test/Stage_1DOF_DroneBench/05_CubeIDE/1DOF_Bench/Debug/../Core/Inc/yann.h:19: first defined here
collect2.exe: error: ld returned 1 exit status
make: *** [makefile:79: 1DOF_Bench.elf] Error 1
"make -j4 all" terminated with exit code 2. Build might be incomplete.
16:09:30 **** Incremental Build of configuration Debug for project 1DOF_Bench ****
make -j4 all 
arm-none-eabi-gcc "../Core/Src/fsm.c" -mcpu=cortex-m4 -std=gnu11 -g3 -DDEBUG -DUSE_HAL_DRIVER -DSTM32L476xx -c -I../Core/Inc -I../Drivers/STM32L4xx_HAL_Driver/Inc -I../Drivers/STM32L4xx_HAL_Driver/Inc/Legacy -I../Drivers/CMSIS/Device/ST/STM32L4xx/Include -I../Drivers/CMSIS/Include -O0 -ffunction-sections -fdata-sections -Wall -fstack-usage -MMD -MP -MF"Core/Src/fsm.d" -MT"Core/Src/fsm.o" --specs=nano.specs -mfpu=fpv4-sp-d16 -mfloat-abi=hard -mthumb -o "Core/Src/fsm.o"
arm-none-eabi-gcc "../Core/Src/main.c" -mcpu=cortex-m4 -std=gnu11 -g3 -DDEBUG -DUSE_HAL_DRIVER -DSTM32L476xx -c -I../Core/Inc -I../Drivers/STM32L4xx_HAL_Driver/Inc -I../Drivers/STM32L4xx_HAL_Driver/Inc/Legacy -I../Drivers/CMSIS/Device/ST/STM32L4xx/Include -I../Drivers/CMSIS/Include -O0 -ffunction-sections -fdata-sections -Wall -fstack-usage -MMD -MP -MF"Core/Src/main.d" -MT"Core/Src/main.o" --specs=nano.specs -mfpu=fpv4-sp-d16 -mfloat-abi=hard -mthumb -o "Core/Src/main.o"
arm-none-eabi-gcc "../Core/Src/yann.c" -mcpu=cortex-m4 -std=gnu11 -g3 -DDEBUG -DUSE_HAL_DRIVER -DSTM32L476xx -c -I../Core/Inc -I../Drivers/STM32L4xx_HAL_Driver/Inc -I../Drivers/STM32L4xx_HAL_Driver/Inc/Legacy -I../Drivers/CMSIS/Device/ST/STM32L4xx/Include -I../Drivers/CMSIS/Include -O0 -ffunction-sections -fdata-sections -Wall -fstack-usage -MMD -MP -MF"Core/Src/yann.d" -MT"Core/Src/yann.o" --specs=nano.specs -mfpu=fpv4-sp-d16 -mfloat-abi=hard -mthumb -o "Core/Src/yann.o"
In file included from ../Core/Src/fsm.c:10:
../Core/Inc/yann.h:19:26: error: expected identifier or '(' before numeric constant
   19 | float firmware_version=0,1;
      |                          ^
make: *** [Core/Src/subdir.mk:46: Core/Src/fsm.o] Error 1
make: *** Waiting for unfinished jobs....
In file included from ../Core/Src/yann.c:8:
../Core/Inc/yann.h:19:26: error: expected identifier or '(' before numeric constant
   19 | float firmware_version=0,1;
      |                          ^
In file included from ../Core/Src/main.c:22:
../Core/Inc/yann.h:19:26: error: expected identifier or '(' before numeric constant
   19 | float firmware_version=0,1;
      |                          ^
../Core/Src/main.c: In function 'main':
../Core/Src/main.c:87:6: warning: unused variable 'k' [-Wunused-variable]
   87 |  int k = 0;
      |      ^
make: *** [Core/Src/subdir.mk:46: Core/Src/yann.o] Error 1
make: *** [Core/Src/subdir.mk:46: Core/Src/main.o] Error 1
"make -j4 all" terminated with exit code 2. Build might be incomplete.
16:09:35 **** Incremental Build of configuration Debug for project 1DOF_Bench ****
make -j4 all 
arm-none-eabi-gcc "../Core/Src/fsm.c" -mcpu=cortex-m4 -std=gnu11 -g3 -DDEBUG -DUSE_HAL_DRIVER -DSTM32L476xx -c -I../Core/Inc -I../Drivers/STM32L4xx_HAL_Driver/Inc -I../Drivers/STM32L4xx_HAL_Driver/Inc/Legacy -I../Drivers/CMSIS/Device/ST/STM32L4xx/Include -I../Drivers/CMSIS/Include -O0 -ffunction-sections -fdata-sections -Wall -fstack-usage -MMD -MP -MF"Core/Src/fsm.d" -MT"Core/Src/fsm.o" --specs=nano.specs -mfpu=fpv4-sp-d16 -mfloat-abi=hard -mthumb -o "Core/Src/fsm.o"
arm-none-eabi-gcc "../Core/Src/main.c" -mcpu=cortex-m4 -std=gnu11 -g3 -DDEBUG -DUSE_HAL_DRIVER -DSTM32L476xx -c -I../Core/Inc -I../Drivers/STM32L4xx_HAL_Driver/Inc -I../Drivers/STM32L4xx_HAL_Driver/Inc/Legacy -I../Drivers/CMSIS/Device/ST/STM32L4xx/Include -I../Drivers/CMSIS/Include -O0 -ffunction-sections -fdata-sections -Wall -fstack-usage -MMD -MP -MF"Core/Src/main.d" -MT"Core/Src/main.o" --specs=nano.specs -mfpu=fpv4-sp-d16 -mfloat-abi=hard -mthumb -o "Core/Src/main.o"
arm-none-eabi-gcc "../Core/Src/yann.c" -mcpu=cortex-m4 -std=gnu11 -g3 -DDEBUG -DUSE_HAL_DRIVER -DSTM32L476xx -c -I../Core/Inc -I../Drivers/STM32L4xx_HAL_Driver/Inc -I../Drivers/STM32L4xx_HAL_Driver/Inc/Legacy -I../Drivers/CMSIS/Device/ST/STM32L4xx/Include -I../Drivers/CMSIS/Include -O0 -ffunction-sections -fdata-sections -Wall -fstack-usage -MMD -MP -MF"Core/Src/yann.d" -MT"Core/Src/yann.o" --specs=nano.specs -mfpu=fpv4-sp-d16 -mfloat-abi=hard -mthumb -o "Core/Src/yann.o"
In file included from ../Core/Src/fsm.c:10:
../Core/Inc/yann.h:19:26: error: expected identifier or '(' before numeric constant
   19 | float firmware_version=0;1;
      |                          ^
In file included from ../Core/Src/main.c:22:
../Core/Inc/yann.h:19:26: error: expected identifier or '(' before numeric constant
   19 | float firmware_version=0;1;
      |                          ^
../Core/Src/main.c: In function 'main':
../Core/Src/main.c:87:6: warning: unused variable 'k' [-Wunused-variable]
   87 |  int k = 0;
      |      ^
make: *** [Core/Src/subdir.mk:46: Core/Src/fsm.o] Error 1
make: *** Waiting for unfinished jobs....
In file included from ../Core/Src/yann.c:8:
../Core/Inc/yann.h:19:26: error: expected identifier or '(' before numeric constant
   19 | float firmware_version=0;1;
      |                          ^
make: *** [Core/Src/subdir.mk:46: Core/Src/main.o] Error 1
make: *** [Core/Src/subdir.mk:46: Core/Src/yann.o] Error 1
"make -j4 all" terminated with exit code 2. Build might be incomplete.
16:09:49 **** Incremental Build of configuration Debug for project 1DOF_Bench ****
make -j4 all 
arm-none-eabi-gcc "../Core/Src/fsm.c" -mcpu=cortex-m4 -std=gnu11 -g3 -DDEBUG -DUSE_HAL_DRIVER -DSTM32L476xx -c -I../Core/Inc -I../Drivers/STM32L4xx_HAL_Driver/Inc -I../Drivers/STM32L4xx_HAL_Driver/Inc/Legacy -I../Drivers/CMSIS/Device/ST/STM32L4xx/Include -I../Drivers/CMSIS/Include -O0 -ffunction-sections -fdata-sections -Wall -fstack-usage -MMD -MP -MF"Core/Src/fsm.d" -MT"Core/Src/fsm.o" --specs=nano.specs -mfpu=fpv4-sp-d16 -mfloat-abi=hard -mthumb -o "Core/Src/fsm.o"
arm-none-eabi-gcc "../Core/Src/main.c" -mcpu=cortex-m4 -std=gnu11 -g3 -DDEBUG -DUSE_HAL_DRIVER -DSTM32L476xx -c -I../Core/Inc -I../Drivers/STM32L4xx_HAL_Driver/Inc -I../Drivers/STM32L4xx_HAL_Driver/Inc/Legacy -I../Drivers/CMSIS/Device/ST/STM32L4xx/Include -I../Drivers/CMSIS/Include -O0 -ffunction-sections -fdata-sections -Wall -fstack-usage -MMD -MP -MF"Core/Src/main.d" -MT"Core/Src/main.o" --specs=nano.specs -mfpu=fpv4-sp-d16 -mfloat-abi=hard -mthumb -o "Core/Src/main.o"
arm-none-eabi-gcc "../Core/Src/yann.c" -mcpu=cortex-m4 -std=gnu11 -g3 -DDEBUG -DUSE_HAL_DRIVER -DSTM32L476xx -c -I../Core/Inc -I../Drivers/STM32L4xx_HAL_Driver/Inc -I../Drivers/STM32L4xx_HAL_Driver/Inc/Legacy -I../Drivers/CMSIS/Device/ST/STM32L4xx/Include -I../Drivers/CMSIS/Include -O0 -ffunction-sections -fdata-sections -Wall -fstack-usage -MMD -MP -MF"Core/Src/yann.d" -MT"Core/Src/yann.o" --specs=nano.specs -mfpu=fpv4-sp-d16 -mfloat-abi=hard -mthumb -o "Core/Src/yann.o"
../Core/Src/main.c: In function 'main':
../Core/Src/main.c:87:6: warning: unused variable 'k' [-Wunused-variable]
   87 |  int k = 0;
      |      ^
arm-none-eabi-g++ -o "1DOF_Bench.elf" @"objects.list"   -mcpu=cortex-m4 -T"C:\Users\AXEL NDO\Documents\master 1 SRD\test\Stage_1DOF_DroneBench\05_CubeIDE\1DOF_Bench\STM32L476RGTX_FLASH.ld" --specs=nosys.specs -Wl,-Map="1DOF_Bench.map" -Wl,--gc-sections -static --specs=nano.specs -mfpu=fpv4-sp-d16 -mfloat-abi=hard -mthumb -u _printf_float -u _scanf_float -Wl,--start-group -lc -lm -lstdc++ -lsupc++ -Wl,--end-group
d:\stm32\stm32cubeide_1.8.0\stm32cubeide\plugins\com.st.stm32cube.ide.mcu.externaltools.gnu-tools-for-stm32.9-2020-q2-update.win32_2.0.0.202105311346\tools\arm-none-eabi\bin\ld.exe: ./Core/Src/main.o:C:/Users/AXEL NDO/Documents/master 1 SRD/test/Stage_1DOF_DroneBench/05_CubeIDE/1DOF_Bench/Debug/../Core/Inc/yann.h:19: multiple definition of `firmware_version'; ./Core/Src/fsm.o:C:/Users/AXEL NDO/Documents/master 1 SRD/test/Stage_1DOF_DroneBench/05_CubeIDE/1DOF_Bench/Debug/../Core/Inc/yann.h:19: first defined here
d:\stm32\stm32cubeide_1.8.0\stm32cubeide\plugins\com.st.stm32cube.ide.mcu.externaltools.gnu-tools-for-stm32.9-2020-q2-update.win32_2.0.0.202105311346\tools\arm-none-eabi\bin\ld.exe: ./Core/Src/yann.o:C:/Users/AXEL NDO/Documents/master 1 SRD/test/Stage_1DOF_DroneBench/05_CubeIDE/1DOF_Bench/Debug/../Core/Inc/yann.h:19: multiple definition of `firmware_version'; ./Core/Src/fsm.o:C:/Users/AXEL NDO/Documents/master 1 SRD/test/Stage_1DOF_DroneBench/05_CubeIDE/1DOF_Bench/Debug/../Core/Inc/yann.h:19: first defined here
collect2.exe: error: ld returned 1 exit status
make: *** [makefile:79: 1DOF_Bench.elf] Error 1
"make -j4 all" terminated with exit code 2. Build might be incomplete.
16:14:30 **** Incremental Build of configuration Debug for project 1DOF_Bench ****
make -j4 all 
arm-none-eabi-gcc "../Core/Src/fsm.c" -mcpu=cortex-m4 -std=gnu11 -g3 -DDEBUG -DUSE_HAL_DRIVER -DSTM32L476xx -c -I../Core/Inc -I../Drivers/STM32L4xx_HAL_Driver/Inc -I../Drivers/STM32L4xx_HAL_Driver/Inc/Legacy -I../Drivers/CMSIS/Device/ST/STM32L4xx/Include -I../Drivers/CMSIS/Include -O0 -ffunction-sections -fdata-sections -Wall -fstack-usage -MMD -MP -MF"Core/Src/fsm.d" -MT"Core/Src/fsm.o" --specs=nano.specs -mfpu=fpv4-sp-d16 -mfloat-abi=hard -mthumb -o "Core/Src/fsm.o"
arm-none-eabi-gcc "../Core/Src/main.c" -mcpu=cortex-m4 -std=gnu11 -g3 -DDEBUG -DUSE_HAL_DRIVER -DSTM32L476xx -c -I../Core/Inc -I../Drivers/STM32L4xx_HAL_Driver/Inc -I../Drivers/STM32L4xx_HAL_Driver/Inc/Legacy -I../Drivers/CMSIS/Device/ST/STM32L4xx/Include -I../Drivers/CMSIS/Include -O0 -ffunction-sections -fdata-sections -Wall -fstack-usage -MMD -MP -MF"Core/Src/main.d" -MT"Core/Src/main.o" --specs=nano.specs -mfpu=fpv4-sp-d16 -mfloat-abi=hard -mthumb -o "Core/Src/main.o"
arm-none-eabi-gcc "../Core/Src/remi.c" -mcpu=cortex-m4 -std=gnu11 -g3 -DDEBUG -DUSE_HAL_DRIVER -DSTM32L476xx -c -I../Core/Inc -I../Drivers/STM32L4xx_HAL_Driver/Inc -I../Drivers/STM32L4xx_HAL_Driver/Inc/Legacy -I../Drivers/CMSIS/Device/ST/STM32L4xx/Include -I../Drivers/CMSIS/Include -O0 -ffunction-sections -fdata-sections -Wall -fstack-usage -MMD -MP -MF"Core/Src/remi.d" -MT"Core/Src/remi.o" --specs=nano.specs -mfpu=fpv4-sp-d16 -mfloat-abi=hard -mthumb -o "Core/Src/remi.o"
arm-none-eabi-gcc "../Core/Src/stm32l4xx_hal_msp.c" -mcpu=cortex-m4 -std=gnu11 -g3 -DDEBUG -DUSE_HAL_DRIVER -DSTM32L476xx -c -I../Core/Inc -I../Drivers/STM32L4xx_HAL_Driver/Inc -I../Drivers/STM32L4xx_HAL_Driver/Inc/Legacy -I../Drivers/CMSIS/Device/ST/STM32L4xx/Include -I../Drivers/CMSIS/Include -O0 -ffunction-sections -fdata-sections -Wall -fstack-usage -MMD -MP -MF"Core/Src/stm32l4xx_hal_msp.d" -MT"Core/Src/stm32l4xx_hal_msp.o" --specs=nano.specs -mfpu=fpv4-sp-d16 -mfloat-abi=hard -mthumb -o "Core/Src/stm32l4xx_hal_msp.o"
../Core/Src/main.c: In function 'main':
../Core/Src/main.c:87:6: warning: unused variable 'k' [-Wunused-variable]
   87 |  int k = 0;
      |      ^
arm-none-eabi-gcc "../Core/Src/stm32l4xx_it.c" -mcpu=cortex-m4 -std=gnu11 -g3 -DDEBUG -DUSE_HAL_DRIVER -DSTM32L476xx -c -I../Core/Inc -I../Drivers/STM32L4xx_HAL_Driver/Inc -I../Drivers/STM32L4xx_HAL_Driver/Inc/Legacy -I../Drivers/CMSIS/Device/ST/STM32L4xx/Include -I../Drivers/CMSIS/Include -O0 -ffunction-sections -fdata-sections -Wall -fstack-usage -MMD -MP -MF"Core/Src/stm32l4xx_it.d" -MT"Core/Src/stm32l4xx_it.o" --specs=nano.specs -mfpu=fpv4-sp-d16 -mfloat-abi=hard -mthumb -o "Core/Src/stm32l4xx_it.o"
arm-none-eabi-gcc "../Core/Src/syscalls.c" -mcpu=cortex-m4 -std=gnu11 -g3 -DDEBUG -DUSE_HAL_DRIVER -DSTM32L476xx -c -I../Core/Inc -I../Drivers/STM32L4xx_HAL_Driver/Inc -I../Drivers/STM32L4xx_HAL_Driver/Inc/Legacy -I../Drivers/CMSIS/Device/ST/STM32L4xx/Include -I../Drivers/CMSIS/Include -O0 -ffunction-sections -fdata-sections -Wall -fstack-usage -MMD -MP -MF"Core/Src/syscalls.d" -MT"Core/Src/syscalls.o" --specs=nano.specs -mfpu=fpv4-sp-d16 -mfloat-abi=hard -mthumb -o "Core/Src/syscalls.o"
arm-none-eabi-gcc "../Core/Src/sysmem.c" -mcpu=cortex-m4 -std=gnu11 -g3 -DDEBUG -DUSE_HAL_DRIVER -DSTM32L476xx -c -I../Core/Inc -I../Drivers/STM32L4xx_HAL_Driver/Inc -I../Drivers/STM32L4xx_HAL_Driver/Inc/Legacy -I../Drivers/CMSIS/Device/ST/STM32L4xx/Include -I../Drivers/CMSIS/Include -O0 -ffunction-sections -fdata-sections -Wall -fstack-usage -MMD -MP -MF"Core/Src/sysmem.d" -MT"Core/Src/sysmem.o" --specs=nano.specs -mfpu=fpv4-sp-d16 -mfloat-abi=hard -mthumb -o "Core/Src/sysmem.o"
arm-none-eabi-gcc "../Core/Src/system_stm32l4xx.c" -mcpu=cortex-m4 -std=gnu11 -g3 -DDEBUG -DUSE_HAL_DRIVER -DSTM32L476xx -c -I../Core/Inc -I../Drivers/STM32L4xx_HAL_Driver/Inc -I../Drivers/STM32L4xx_HAL_Driver/Inc/Legacy -I../Drivers/CMSIS/Device/ST/STM32L4xx/Include -I../Drivers/CMSIS/Include -O0 -ffunction-sections -fdata-sections -Wall -fstack-usage -MMD -MP -MF"Core/Src/system_stm32l4xx.d" -MT"Core/Src/system_stm32l4xx.o" --specs=nano.specs -mfpu=fpv4-sp-d16 -mfloat-abi=hard -mthumb -o "Core/Src/system_stm32l4xx.o"
arm-none-eabi-gcc "../Core/Src/yann.c" -mcpu=cortex-m4 -std=gnu11 -g3 -DDEBUG -DUSE_HAL_DRIVER -DSTM32L476xx -c -I../Core/Inc -I../Drivers/STM32L4xx_HAL_Driver/Inc -I../Drivers/STM32L4xx_HAL_Driver/Inc/Legacy -I../Drivers/CMSIS/Device/ST/STM32L4xx/Include -I../Drivers/CMSIS/Include -O0 -ffunction-sections -fdata-sections -Wall -fstack-usage -MMD -MP -MF"Core/Src/yann.d" -MT"Core/Src/yann.o" --specs=nano.specs -mfpu=fpv4-sp-d16 -mfloat-abi=hard -mthumb -o "Core/Src/yann.o"
arm-none-eabi-g++ -o "1DOF_Bench.elf" @"objects.list"   -mcpu=cortex-m4 -T"C:\Users\AXEL NDO\Documents\master 1 SRD\test\Stage_1DOF_DroneBench\05_CubeIDE\1DOF_Bench\STM32L476RGTX_FLASH.ld" --specs=nosys.specs -Wl,-Map="1DOF_Bench.map" -Wl,--gc-sections -static --specs=nano.specs -mfpu=fpv4-sp-d16 -mfloat-abi=hard -mthumb -u _printf_float -u _scanf_float -Wl,--start-group -lc -lm -lstdc++ -lsupc++ -Wl,--end-group
d:\stm32\stm32cubeide_1.8.0\stm32cubeide\plugins\com.st.stm32cube.ide.mcu.externaltools.gnu-tools-for-stm32.9-2020-q2-update.win32_2.0.0.202105311346\tools\arm-none-eabi\bin\ld.exe: ./Core/Src/main.o:C:/Users/AXEL NDO/Documents/master 1 SRD/test/Stage_1DOF_DroneBench/05_CubeIDE/1DOF_Bench/Debug/../Core/Inc/yann.h:19: multiple definition of `firmware_version'; ./Core/Src/fsm.o:C:/Users/AXEL NDO/Documents/master 1 SRD/test/Stage_1DOF_DroneBench/05_CubeIDE/1DOF_Bench/Debug/../Core/Inc/yann.h:19: first defined here
d:\stm32\stm32cubeide_1.8.0\stm32cubeide\plugins\com.st.stm32cube.ide.mcu.externaltools.gnu-tools-for-stm32.9-2020-q2-update.win32_2.0.0.202105311346\tools\arm-none-eabi\bin\ld.exe: ./Core/Src/yann.o:C:/Users/AXEL NDO/Documents/master 1 SRD/test/Stage_1DOF_DroneBench/05_CubeIDE/1DOF_Bench/Debug/../Core/Inc/yann.h:19: multiple definition of `firmware_version'; ./Core/Src/fsm.o:C:/Users/AXEL NDO/Documents/master 1 SRD/test/Stage_1DOF_DroneBench/05_CubeIDE/1DOF_Bench/Debug/../Core/Inc/yann.h:19: first defined here
collect2.exe: error: ld returned 1 exit status
make: *** [makefile:79: 1DOF_Bench.elf] Error 1
"make -j4 all" terminated with exit code 2. Build might be incomplete.
16:14:49 **** Incremental Build of configuration Debug for project 1DOF_Bench ****
make -j4 all 
arm-none-eabi-g++ -o "1DOF_Bench.elf" @"objects.list"   -mcpu=cortex-m4 -T"C:\Users\AXEL NDO\Documents\master 1 SRD\test\Stage_1DOF_DroneBench\05_CubeIDE\1DOF_Bench\STM32L476RGTX_FLASH.ld" --specs=nosys.specs -Wl,-Map="1DOF_Bench.map" -Wl,--gc-sections -static --specs=nano.specs -mfpu=fpv4-sp-d16 -mfloat-abi=hard -mthumb -u _printf_float -u _scanf_float -Wl,--start-group -lc -lm -lstdc++ -lsupc++ -Wl,--end-group
d:\stm32\stm32cubeide_1.8.0\stm32cubeide\plugins\com.st.stm32cube.ide.mcu.externaltools.gnu-tools-for-stm32.9-2020-q2-update.win32_2.0.0.202105311346\tools\arm-none-eabi\bin\ld.exe: ./Core/Src/main.o:C:/Users/AXEL NDO/Documents/master 1 SRD/test/Stage_1DOF_DroneBench/05_CubeIDE/1DOF_Bench/Debug/../Core/Inc/yann.h:19: multiple definition of `firmware_version'; ./Core/Src/fsm.o:C:/Users/AXEL NDO/Documents/master 1 SRD/test/Stage_1DOF_DroneBench/05_CubeIDE/1DOF_Bench/Debug/../Core/Inc/yann.h:19: first defined here
d:\stm32\stm32cubeide_1.8.0\stm32cubeide\plugins\com.st.stm32cube.ide.mcu.externaltools.gnu-tools-for-stm32.9-2020-q2-update.win32_2.0.0.202105311346\tools\arm-none-eabi\bin\ld.exe: ./Core/Src/yann.o:C:/Users/AXEL NDO/Documents/master 1 SRD/test/Stage_1DOF_DroneBench/05_CubeIDE/1DOF_Bench/Debug/../Core/Inc/yann.h:19: multiple definition of `firmware_version'; ./Core/Src/fsm.o:C:/Users/AXEL NDO/Documents/master 1 SRD/test/Stage_1DOF_DroneBench/05_CubeIDE/1DOF_Bench/Debug/../Core/Inc/yann.h:19: first defined here
collect2.exe: error: ld returned 1 exit status
make: *** [makefile:79: 1DOF_Bench.elf] Error 1
"make -j4 all" terminated with exit code 2. Build might be incomplete.
16:15:43 **** Incremental Build of configuration Debug for project 1DOF_Bench ****
make -j4 all 
arm-none-eabi-gcc "../Core/Src/main.c" -mcpu=cortex-m4 -std=gnu11 -g3 -DDEBUG -DUSE_HAL_DRIVER -DSTM32L476xx -c -I../Core/Inc -I../Drivers/STM32L4xx_HAL_Driver/Inc -I../Drivers/STM32L4xx_HAL_Driver/Inc/Legacy -I../Drivers/CMSIS/Device/ST/STM32L4xx/Include -I../Drivers/CMSIS/Include -O0 -ffunction-sections -fdata-sections -Wall -fstack-usage -MMD -MP -MF"Core/Src/main.d" -MT"Core/Src/main.o" --specs=nano.specs -mfpu=fpv4-sp-d16 -mfloat-abi=hard -mthumb -o "Core/Src/main.o"
../Core/Src/main.c: In function 'main':
../Core/Src/main.c:87:6: warning: unused variable 'k' [-Wunused-variable]
   87 |  int k = 0;
      |      ^
arm-none-eabi-g++ -o "1DOF_Bench.elf" @"objects.list"   -mcpu=cortex-m4 -T"C:\Users\AXEL NDO\Documents\master 1 SRD\test\Stage_1DOF_DroneBench\05_CubeIDE\1DOF_Bench\STM32L476RGTX_FLASH.ld" --specs=nosys.specs -Wl,-Map="1DOF_Bench.map" -Wl,--gc-sections -static --specs=nano.specs -mfpu=fpv4-sp-d16 -mfloat-abi=hard -mthumb -u _printf_float -u _scanf_float -Wl,--start-group -lc -lm -lstdc++ -lsupc++ -Wl,--end-group
d:\stm32\stm32cubeide_1.8.0\stm32cubeide\plugins\com.st.stm32cube.ide.mcu.externaltools.gnu-tools-for-stm32.9-2020-q2-update.win32_2.0.0.202105311346\tools\arm-none-eabi\bin\ld.exe: ./Core/Src/main.o:C:/Users/AXEL NDO/Documents/master 1 SRD/test/Stage_1DOF_DroneBench/05_CubeIDE/1DOF_Bench/Debug/../Core/Inc/yann.h:19: multiple definition of `firmware_version'; ./Core/Src/fsm.o:C:/Users/AXEL NDO/Documents/master 1 SRD/test/Stage_1DOF_DroneBench/05_CubeIDE/1DOF_Bench/Debug/../Core/Inc/yann.h:19: first defined here
[...]
   text	   data	    bss	    dec	    hex	filename
  50184	    488	   1984	  52656	   cdb0	1DOF_Bench.elf
Finished building: default.size.stdout
 
Finished building: 1DOF_Bench.bin
 
Finished building: 1DOF_Bench.list
 
17:39:37 **** Incremental Build of configuration Debug for project 1DOF_Bench ****
make -j4 all 
arm-none-eabi-gcc "../Core/Src/yann.c" -mcpu=cortex-m4 -std=gnu11 -g3 -DDEBUG -DUSE_HAL_DRIVER -DSTM32L476xx -c -I../Core/Inc -I../Drivers/STM32L4xx_HAL_Driver/Inc -I../Drivers/STM32L4xx_HAL_Driver/Inc/Legacy -I../Drivers/CMSIS/Device/ST/STM32L4xx/Include -I../Drivers/CMSIS/Include -O0 -ffunction-sections -fdata-sections -Wall -fstack-usage -MMD -MP -MF"Core/Src/yann.d" -MT"Core/Src/yann.o" --specs=nano.specs -mfpu=fpv4-sp-d16 -mfloat-abi=hard -mthumb -o "Core/Src/yann.o"
../Core/Src/yann.c:13:1: warning: data definition has no type or storage class
   13 | firm =0.1;
      | ^~~~
../Core/Src/yann.c:13:1: warning: type defaults to 'int' in declaration of 'firm' [-Wimplicit-int]
../Core/Src/yann.c:13:1: error: conflicting types for 'firm'
In file included from ../Core/Src/yann.c:9:
../Core/Inc/yann.h:15:14: note: previous declaration of 'firm' was here
   15 | extern float firm;
      |              ^~~~
make: *** [Core/Src/subdir.mk:43: Core/Src/yann.o] Error 1
"make -j4 all" terminated with exit code 2. Build might be incomplete.
17:40:03 **** Incremental Build of configuration Debug for project 1DOF_Bench ****
make -j4 all 
arm-none-eabi-gcc "../Core/Src/yann.c" -mcpu=cortex-m4 -std=gnu11 -g3 -DDEBUG -DUSE_HAL_DRIVER -DSTM32L476xx -c -I../Core/Inc -I../Drivers/STM32L4xx_HAL_Driver/Inc -I../Drivers/STM32L4xx_HAL_Driver/Inc/Legacy -I../Drivers/CMSIS/Device/ST/STM32L4xx/Include -I../Drivers/CMSIS/Include -O0 -ffunction-sections -fdata-sections -Wall -fstack-usage -MMD -MP -MF"Core/Src/yann.d" -MT"Core/Src/yann.o" --specs=nano.specs -mfpu=fpv4-sp-d16 -mfloat-abi=hard -mthumb -o "Core/Src/yann.o"
arm-none-eabi-g++ -o "1DOF_Bench.elf" @"objects.list"   -mcpu=cortex-m4 -T"C:\Users\AXEL NDO\Documents\master 1 SRD\test\Stage_1DOF_DroneBench\05_CubeIDE\1DOF_Bench\STM32L476RGTX_FLASH.ld" --specs=nosys.specs -Wl,-Map="1DOF_Bench.map" -Wl,--gc-sections -static --specs=nano.specs -mfpu=fpv4-sp-d16 -mfloat-abi=hard -mthumb -u _printf_float -u _scanf_float -Wl,--start-group -lc -lm -lstdc++ -lsupc++ -Wl,--end-group
Finished building target: 1DOF_Bench.elf
 
arm-none-eabi-size   1DOF_Bench.elf 
arm-none-eabi-objdump -h -S  1DOF_Bench.elf  > "1DOF_Bench.list"
arm-none-eabi-objcopy  -O binary  1DOF_Bench.elf  "1DOF_Bench.bin"
   text	   data	    bss	    dec	    hex	filename
  50184	    488	   1984	  52656	   cdb0	1DOF_Bench.elf
Finished building: default.size.stdout
 
Finished building: 1DOF_Bench.bin
 
Finished building: 1DOF_Bench.list
 
17:41:08 **** Incremental Build of configuration Debug for project 1DOF_Bench ****
make -j4 all 
arm-none-eabi-size   1DOF_Bench.elf 
   text	   data	    bss	    dec	    hex	filename
  50184	    488	   1984	  52656	   cdb0	1DOF_Bench.elf
Finished building: default.size.stdout
 
17:44:31 **** Incremental Build of configuration Debug for project 1DOF_Bench ****
make -j4 all 
arm-none-eabi-gcc "../Core/Src/main.c" -mcpu=cortex-m4 -std=gnu11 -g3 -DDEBUG -DUSE_HAL_DRIVER -DSTM32L476xx -c -I../Core/Inc -I../Drivers/STM32L4xx_HAL_Driver/Inc -I../Drivers/STM32L4xx_HAL_Driver/Inc/Legacy -I../Drivers/CMSIS/Device/ST/STM32L4xx/Include -I../Drivers/CMSIS/Include -O0 -ffunction-sections -fdata-sections -Wall -fstack-usage -MMD -MP -MF"Core/Src/main.d" -MT"Core/Src/main.o" --specs=nano.specs -mfpu=fpv4-sp-d16 -mfloat-abi=hard -mthumb -o "Core/Src/main.o"
arm-none-eabi-gcc "../Core/Src/yann.c" -mcpu=cortex-m4 -std=gnu11 -g3 -DDEBUG -DUSE_HAL_DRIVER -DSTM32L476xx -c -I../Core/Inc -I../Drivers/STM32L4xx_HAL_Driver/Inc -I../Drivers/STM32L4xx_HAL_Driver/Inc/Legacy -I../Drivers/CMSIS/Device/ST/STM32L4xx/Include -I../Drivers/CMSIS/Include -O0 -ffunction-sections -fdata-sections -Wall -fstack-usage -MMD -MP -MF"Core/Src/yann.d" -MT"Core/Src/yann.o" --specs=nano.specs -mfpu=fpv4-sp-d16 -mfloat-abi=hard -mthumb -o "Core/Src/yann.o"
../Core/Src/main.c: In function 'main':
../Core/Src/main.c:83:1: error: version control conflict marker in file
   83 | <<<<<<< HEAD
      | ^~~~~~~
../Core/Src/main.c:95:1: error: version control conflict marker in file
   95 | <<<<<<< HEAD
      | ^~~~~~~
../Core/Src/main.c:101:9: error: invalid suffix "a71a9b2b6231c86945bfa29a6e11584663274f4" on integer constant
  101 | >>>>>>> 7a71a9b2b6231c86945bfa29a6e11584663274f4
      |         ^~~~~~~~~~~~~~~~~~~~~~~~~~~~~~~~~~~~~~~~
../Core/Src/main.c:136:1: error: version control conflict marker in file
  136 | <<<<<<< HEAD
      | ^~~~~~~
../Core/Src/main.c:138:1: error: version control conflict marker in file
  138 | =======
      | ^~~~~~~
../Core/Src/main.c:159:3: error: 'val' undeclared (first use in this function)
  159 |   val = load_adc(hadc1, 5);
      |   ^~~
../Core/Src/main.c:159:3: note: each undeclared identifier is reported only once for each function it appears in
../Core/Src/main.c:173:1: error: version control conflict marker in file
  173 | <<<<<<< HEAD
      | ^~~~~~~
../Core/Src/main.c:180:1: error: version control conflict marker in file
  180 | =======
      | ^~~~~~~
../Core/Src/main.c:201:6: warning: "/*" within comment [-Wcomment]
  201 |      /*if (HAL_UART_Transmit(&huart2, (uint8_t*) "UC Initialization \n\r", 22,
      |       
../Core/Src/main.c:270:1: error: version control conflict marker in file
  270 | <<<<<<< HEAD
      | ^~~~~~~
../Core/Src/main.c:283:1: error: version control conflict marker in file
  283 | >>>>>>> refs/remotes/origin/main
      | ^~~~~~~
../Core/Src/main.c:310:3: error: case label not within a switch statement
  310 |   case info_mode:
      |   ^~~~
../Core/Src/main.c:328:1: error: version control conflict marker in file
  328 | <<<<<<< HEAD
      | ^~~~~~~
../Core/Src/main.c:331:1: error: version control conflict marker in file
  331 | =======
      | ^~~~~~~
../Core/Src/main.c:335:1: error: version control conflict marker in file
  335 | >>>>>>> refs/remotes/origin/main
      | ^~~~~~~
../Core/Src/main.c:340:3: error: case label not within a switch statement
  340 |   case init_motor:
      |   ^~~~
../Core/Src/main.c:347:3: error: case label not within a switch statement
  347 |   case motor_ready:
      |   ^~~~
../Core/Src/main.c:355:3: error: case label not within a switch statement
  355 |   case auto_mode:
      |   ^~~~
../Core/Src/main.c:363:3: error: case label not within a switch statement
  363 |   case manual_mode:
      |   ^~~~
../Core/Src/main.c:370:3: error: 'default' label not within a switch statement
  370 |   default:
      |   ^~~~~~~
../Core/Src/main.c:374:1: error: version control conflict marker in file
  374 | >>>>>>> 7a71a9b2b6231c86945bfa29a6e11584663274f4
      | ^~~~~~~
../Core/Src/main.c:374:9: error: invalid suffix "a71a9b2b6231c86945bfa29a6e11584663274f4" on integer constant
  374 | >>>>>>> 7a71a9b2b6231c86945bfa29a6e11584663274f4
      |         ^~~~~~~~~~~~~~~~~~~~~~~~~~~~~~~~~~~~~~~~
../Core/Src/main.c:426:3: warning: "/*" within comment [-Wcomment]
  426 |   /* USER CODE END WHILE */
      |    
../Core/Src/main.c: At top level:
../Core/Src/main.c:431:1: error: expected identifier or '(' before '}' token
  431 | }
      | ^
../Core/Src/main.c: In function 'main':
../Core/Src/main.c:178:6: warning: statement will never be executed [-Wswitch-unreachable]
  178 |      printf("Idle Mode\r\n");
      |      ^~~~~~~~~~~~~~~~~~~~~~~
make: *** [Core/Src/subdir.mk:43: Core/Src/main.o] Error 1
make: *** Waiting for unfinished jobs....
"make -j4 all" terminated with exit code 2. Build might be incomplete.
17:45:29 **** Incremental Build of configuration Debug for project 1DOF_Bench ****
make -j4 all 
arm-none-eabi-gcc "../Core/Src/main.c" -mcpu=cortex-m4 -std=gnu11 -g3 -DDEBUG -DUSE_HAL_DRIVER -DSTM32L476xx -c -I../Core/Inc -I../Drivers/STM32L4xx_HAL_Driver/Inc -I../Drivers/STM32L4xx_HAL_Driver/Inc/Legacy -I../Drivers/CMSIS/Device/ST/STM32L4xx/Include -I../Drivers/CMSIS/Include -O0 -ffunction-sections -fdata-sections -Wall -fstack-usage -MMD -MP -MF"Core/Src/main.d" -MT"Core/Src/main.o" --specs=nano.specs -mfpu=fpv4-sp-d16 -mfloat-abi=hard -mthumb -o "Core/Src/main.o"
../Core/Src/main.c: In function 'main':
../Core/Src/main.c:127:15: error: 'valeur_min_moteur' undeclared (first use in this function); did you mean 'Valeur_minimale_moteur'?
  127 |  TIM3->CCR2 = valeur_min_moteur;
      |               ^~~~~~~~~~~~~~~~~
      |               Valeur_minimale_moteur
../Core/Src/main.c:127:15: note: each undeclared identifier is reported only once for each function it appears in
../Core/Src/main.c:173:6: warning: "/*" within comment [-Wcomment]
  173 |      /*if (HAL_UART_Transmit(&huart2, (uint8_t*) "UC Initialization \n\r", 22,
      |       
../Core/Src/main.c:242:1: error: version control conflict marker in file
  242 | <<<<<<< HEAD
      | ^~~~~~~
../Core/Src/main.c:255:1: error: version control conflict marker in file
  255 | >>>>>>> refs/remotes/origin/main
      | ^~~~~~~
../Core/Src/main.c:282:3: error: case label not within a switch statement
  282 |   case info_mode:
      |   ^~~~
../Core/Src/main.c:300:1: error: version control conflict marker in file
  300 | <<<<<<< HEAD
      | ^~~~~~~
../Core/Src/main.c:303:1: error: version control conflict marker in file
  303 | =======
      | ^~~~~~~
../Core/Src/main.c:307:1: error: version control conflict marker in file
  307 | >>>>>>> refs/remotes/origin/main
      | ^~~~~~~
../Core/Src/main.c:312:3: error: case label not within a switch statement
  312 |   case init_motor:
      |   ^~~~
../Core/Src/main.c:319:3: error: case label not within a switch statement
  319 |   case motor_ready:
      |   ^~~~
../Core/Src/main.c:327:3: error: case label not within a switch statement
  327 |   case auto_mode:
      |   ^~~~
../Core/Src/main.c:335:3: error: case label not within a switch statement
  335 |   case manual_mode:
      |   ^~~~
../Core/Src/main.c:342:3: error: 'default' label not within a switch statement
  342 |   default:
      |   ^~~~~~~
../Core/Src/main.c:346:1: error: version control conflict marker in file
  346 | >>>>>>> 7a71a9b2b6231c86945bfa29a6e11584663274f4
      | ^~~~~~~
../Core/Src/main.c:346:9: error: invalid suffix "a71a9b2b6231c86945bfa29a6e11584663274f4" on integer constant
  346 | >>>>>>> 7a71a9b2b6231c86945bfa29a6e11584663274f4
      |         ^~~~~~~~~~~~~~~~~~~~~~~~~~~~~~~~~~~~~~~~
../Core/Src/main.c:398:3: warning: "/*" within comment [-Wcomment]
  398 |   /* USER CODE END WHILE */
      |    
../Core/Src/main.c:90:6: warning: unused variable 'k' [-Wunused-variable]
   90 |  int k = 0;
      |      ^
../Core/Src/main.c: At top level:
../Core/Src/main.c:403:1: error: expected identifier or '(' before '}' token
  403 | }
      | ^
../Core/Src/main.c: In function 'main':
../Core/Src/main.c:176:6: warning: statement will never be executed [-Wswitch-unreachable]
  176 |      printf("Init Micro Controleur\r\n");
      |      ^~~~~~~~~~~~~~~~~~~~~~~~~~~~~~~~~~~
make: *** [Core/Src/subdir.mk:43: Core/Src/main.o] Error 1
"make -j4 all" terminated with exit code 2. Build might be incomplete.
17:45:49 **** Incremental Build of configuration Debug for project 1DOF_Bench ****
make -j4 all 
arm-none-eabi-gcc "../Core/Src/main.c" -mcpu=cortex-m4 -std=gnu11 -g3 -DDEBUG -DUSE_HAL_DRIVER -DSTM32L476xx -c -I../Core/Inc -I../Drivers/STM32L4xx_HAL_Driver/Inc -I../Drivers/STM32L4xx_HAL_Driver/Inc/Legacy -I../Drivers/CMSIS/Device/ST/STM32L4xx/Include -I../Drivers/CMSIS/Include -O0 -ffunction-sections -fdata-sections -Wall -fstack-usage -MMD -MP -MF"Core/Src/main.d" -MT"Core/Src/main.o" --specs=nano.specs -mfpu=fpv4-sp-d16 -mfloat-abi=hard -mthumb -o "Core/Src/main.o"
../Core/Src/main.c: In function 'main':
../Core/Src/main.c:127:15: error: 'valeur_min_moteur' undeclared (first use in this function); did you mean 'Valeur_min_moteur'?
  127 |  TIM3->CCR2 = valeur_min_moteur;
      |               ^~~~~~~~~~~~~~~~~
      |               Valeur_min_moteur
../Core/Src/main.c:127:15: note: each undeclared identifier is reported only once for each function it appears in
../Core/Src/main.c:173:6: warning: "/*" within comment [-Wcomment]
  173 |      /*if (HAL_UART_Transmit(&huart2, (uint8_t*) "UC Initialization \n\r", 22,
      |       
../Core/Src/main.c:242:1: error: version control conflict marker in file
  242 | <<<<<<< HEAD
      | ^~~~~~~
../Core/Src/main.c:255:1: error: version control conflict marker in file
  255 | >>>>>>> refs/remotes/origin/main
      | ^~~~~~~
../Core/Src/main.c:282:3: error: case label not within a switch statement
  282 |   case info_mode:
      |   ^~~~
../Core/Src/main.c:300:1: error: version control conflict marker in file
  300 | <<<<<<< HEAD
      | ^~~~~~~
../Core/Src/main.c:303:1: error: version control conflict marker in file
  303 | =======
      | ^~~~~~~
../Core/Src/main.c:307:1: error: version control conflict marker in file
  307 | >>>>>>> refs/remotes/origin/main
      | ^~~~~~~
../Core/Src/main.c:312:3: error: case label not within a switch statement
  312 |   case init_motor:
      |   ^~~~
../Core/Src/main.c:319:3: error: case label not within a switch statement
  319 |   case motor_ready:
      |   ^~~~
../Core/Src/main.c:327:3: error: case label not within a switch statement
  327 |   case auto_mode:
      |   ^~~~
../Core/Src/main.c:335:3: error: case label not within a switch statement
  335 |   case manual_mode:
      |   ^~~~
../Core/Src/main.c:342:3: error: 'default' label not within a switch statement
  342 |   default:
      |   ^~~~~~~
../Core/Src/main.c:346:1: error: version control conflict marker in file
  346 | >>>>>>> 7a71a9b2b6231c86945bfa29a6e11584663274f4
      | ^~~~~~~
../Core/Src/main.c:346:9: error: invalid suffix "a71a9b2b6231c86945bfa29a6e11584663274f4" on integer constant
  346 | >>>>>>> 7a71a9b2b6231c86945bfa29a6e11584663274f4
      |         ^~~~~~~~~~~~~~~~~~~~~~~~~~~~~~~~~~~~~~~~
../Core/Src/main.c:398:3: warning: "/*" within comment [-Wcomment]
  398 |   /* USER CODE END WHILE */
      |    
../Core/Src/main.c:90:6: warning: unused variable 'k' [-Wunused-variable]
   90 |  int k = 0;
      |      ^
../Core/Src/main.c: At top level:
../Core/Src/main.c:403:1: error: expected identifier or '(' before '}' token
  403 | }
      | ^
../Core/Src/main.c: In function 'main':
../Core/Src/main.c:176:6: warning: statement will never be executed [-Wswitch-unreachable]
  176 |      printf("Init Micro Controleur\r\n");
      |      ^~~~~~~~~~~~~~~~~~~~~~~~~~~~~~~~~~~
make: *** [Core/Src/subdir.mk:43: Core/Src/main.o] Error 1
"make -j4 all" terminated with exit code 2. Build might be incomplete.
17:46:00 **** Incremental Build of configuration Debug for project 1DOF_Bench ****
make -j4 all 
arm-none-eabi-gcc "../Core/Src/main.c" -mcpu=cortex-m4 -std=gnu11 -g3 -DDEBUG -DUSE_HAL_DRIVER -DSTM32L476xx -c -I../Core/Inc -I../Drivers/STM32L4xx_HAL_Driver/Inc -I../Drivers/STM32L4xx_HAL_Driver/Inc/Legacy -I../Drivers/CMSIS/Device/ST/STM32L4xx/Include -I../Drivers/CMSIS/Include -O0 -ffunction-sections -fdata-sections -Wall -fstack-usage -MMD -MP -MF"Core/Src/main.d" -MT"Core/Src/main.o" --specs=nano.specs -mfpu=fpv4-sp-d16 -mfloat-abi=hard -mthumb -o "Core/Src/main.o"
../Core/Src/main.c: In function 'main':
../Core/Src/main.c:173:6: warning: "/*" within comment [-Wcomment]
  173 |      /*if (HAL_UART_Transmit(&huart2, (uint8_t*) "UC Initialization \n\r", 22,
      |       
../Core/Src/main.c:242:1: error: version control conflict marker in file
  242 | <<<<<<< HEAD
      | ^~~~~~~
../Core/Src/main.c:255:1: error: version control conflict marker in file
  255 | >>>>>>> refs/remotes/origin/main
      | ^~~~~~~
../Core/Src/main.c:282:3: error: case label not within a switch statement
  282 |   case info_mode:
      |   ^~~~
../Core/Src/main.c:300:1: error: version control conflict marker in file
  300 | <<<<<<< HEAD
      | ^~~~~~~
../Core/Src/main.c:303:1: error: version control conflict marker in file
  303 | =======
      | ^~~~~~~
../Core/Src/main.c:307:1: error: version control conflict marker in file
  307 | >>>>>>> refs/remotes/origin/main
      | ^~~~~~~
../Core/Src/main.c:312:3: error: case label not within a switch statement
  312 |   case init_motor:
      |   ^~~~
../Core/Src/main.c:319:3: error: case label not within a switch statement
  319 |   case motor_ready:
      |   ^~~~
../Core/Src/main.c:327:3: error: case label not within a switch statement
  327 |   case auto_mode:
      |   ^~~~
../Core/Src/main.c:335:3: error: case label not within a switch statement
  335 |   case manual_mode:
      |   ^~~~
../Core/Src/main.c:342:3: error: 'default' label not within a switch statement
  342 |   default:
      |   ^~~~~~~
../Core/Src/main.c:346:1: error: version control conflict marker in file
  346 | >>>>>>> 7a71a9b2b6231c86945bfa29a6e11584663274f4
      | ^~~~~~~
../Core/Src/main.c:346:9: error: invalid suffix "a71a9b2b6231c86945bfa29a6e11584663274f4" on integer constant
  346 | >>>>>>> 7a71a9b2b6231c86945bfa29a6e11584663274f4
      |         ^~~~~~~~~~~~~~~~~~~~~~~~~~~~~~~~~~~~~~~~
../Core/Src/main.c:398:3: warning: "/*" within comment [-Wcomment]
  398 |   /* USER CODE END WHILE */
      |    
../Core/Src/main.c:90:6: warning: unused variable 'k' [-Wunused-variable]
   90 |  int k = 0;
      |      ^
../Core/Src/main.c: At top level:
../Core/Src/main.c:403:1: error: expected identifier or '(' before '}' token
  403 | }
      | ^
../Core/Src/main.c: In function 'main':
../Core/Src/main.c:176:6: warning: statement will never be executed [-Wswitch-unreachable]
  176 |      printf("Init Micro Controleur\r\n");
      |      ^~~~~~~~~~~~~~~~~~~~~~~~~~~~~~~~~~~
make: *** [Core/Src/subdir.mk:43: Core/Src/main.o] Error 1
"make -j4 all" terminated with exit code 2. Build might be incomplete.
17:46:32 **** Incremental Build of configuration Debug for project 1DOF_Bench ****
make -j4 all 
arm-none-eabi-gcc "../Core/Src/main.c" -mcpu=cortex-m4 -std=gnu11 -g3 -DDEBUG -DUSE_HAL_DRIVER -DSTM32L476xx -c -I../Core/Inc -I../Drivers/STM32L4xx_HAL_Driver/Inc -I../Drivers/STM32L4xx_HAL_Driver/Inc/Legacy -I../Drivers/CMSIS/Device/ST/STM32L4xx/Include -I../Drivers/CMSIS/Include -O0 -ffunction-sections -fdata-sections -Wall -fstack-usage -MMD -MP -MF"Core/Src/main.d" -MT"Core/Src/main.o" --specs=nano.specs -mfpu=fpv4-sp-d16 -mfloat-abi=hard -mthumb -o "Core/Src/main.o"
../Core/Src/main.c: In function 'main':
../Core/Src/main.c:173:6: warning: "/*" within comment [-Wcomment]
  173 |      /*if (HAL_UART_Transmit(&huart2, (uint8_t*) "UC Initialization \n\r", 22,
      |       
../Core/Src/main.c:291:3: warning: "/*" within comment [-Wcomment]
  291 |   /* USER CODE END WHILE */
      |    
../Core/Src/main.c:90:6: warning: unused variable 'k' [-Wunused-variable]
   90 |  int k = 0;
      |      ^
../Core/Src/main.c:176:6: warning: statement will never be executed [-Wswitch-unreachable]
  176 |      printf("Init Micro Controleur\r\n");
      |      ^~~~~~~~~~~~~~~~~~~~~~~~~~~~~~~~~~~
arm-none-eabi-g++ -o "1DOF_Bench.elf" @"objects.list"   -mcpu=cortex-m4 -T"C:\Users\AXEL NDO\Documents\master 1 SRD\test\Stage_1DOF_DroneBench\05_CubeIDE\1DOF_Bench\STM32L476RGTX_FLASH.ld" --specs=nosys.specs -Wl,-Map="1DOF_Bench.map" -Wl,--gc-sections -static --specs=nano.specs -mfpu=fpv4-sp-d16 -mfloat-abi=hard -mthumb -u _printf_float -u _scanf_float -Wl,--start-group -lc -lm -lstdc++ -lsupc++ -Wl,--end-group
Finished building target: 1DOF_Bench.elf
 
arm-none-eabi-size   1DOF_Bench.elf 
arm-none-eabi-objdump -h -S  1DOF_Bench.elf  > "1DOF_Bench.list"
arm-none-eabi-objcopy  -O binary  1DOF_Bench.elf  "1DOF_Bench.bin"
   text	   data	    bss	    dec	    hex	filename
  50096	    488	   1984	  52568	   cd58	1DOF_Bench.elf
Finished building: default.size.stdout
 
Finished building: 1DOF_Bench.bin
 
Finished building: 1DOF_Bench.list
 
