11:46:36 **** Incremental Build of configuration Debug for project 1DOF_Bench ****
make -j4 all 
arm-none-eabi-gcc "../Core/Src/main.c" -mcpu=cortex-m4 -std=gnu11 -g3 -DDEBUG -DUSE_HAL_DRIVER -DSTM32L476xx -c -I../Core/Inc -I../Drivers/STM32L4xx_HAL_Driver/Inc -I../Drivers/STM32L4xx_HAL_Driver/Inc/Legacy -I../Drivers/CMSIS/Device/ST/STM32L4xx/Include -I../Drivers/CMSIS/Include -O0 -ffunction-sections -fdata-sections -Wall -fstack-usage -MMD -MP -MF"Core/Src/main.d" -MT"Core/Src/main.o" --specs=nano.specs -mfpu=fpv4-sp-d16 -mfloat-abi=hard -mthumb -o "Core/Src/main.o"
../Core/Src/main.c: In function 'main':
../Core/Src/main.c:62:3: error: variable-sized object may not be initialized
   62 |   char buffer [size]="";;
      |   ^~~~
make: *** [Core/Src/subdir.mk:46: Core/Src/main.o] Error 1
"make -j4 all" terminated with exit code 2. Build might be incomplete.
11:46:45 **** Incremental Build of configuration Debug for project 1DOF_Bench ****
make -j4 all 
arm-none-eabi-gcc "../Core/Src/main.c" -mcpu=cortex-m4 -std=gnu11 -g3 -DDEBUG -DUSE_HAL_DRIVER -DSTM32L476xx -c -I../Core/Inc -I../Drivers/STM32L4xx_HAL_Driver/Inc -I../Drivers/STM32L4xx_HAL_Driver/Inc/Legacy -I../Drivers/CMSIS/Device/ST/STM32L4xx/Include -I../Drivers/CMSIS/Include -O0 -ffunction-sections -fdata-sections -Wall -fstack-usage -MMD -MP -MF"Core/Src/main.d" -MT"Core/Src/main.o" --specs=nano.specs -mfpu=fpv4-sp-d16 -mfloat-abi=hard -mthumb -o "Core/Src/main.o"
../Core/Src/main.c: In function 'main':
../Core/Src/main.c:62:3: error: variable-sized object may not be initialized
   62 |   char buffer [size]=" ";;
      |   ^~~~
make: *** [Core/Src/subdir.mk:46: Core/Src/main.o] Error 1
"make -j4 all" terminated with exit code 2. Build might be incomplete.
11:47:13 **** Incremental Build of configuration Debug for project 1DOF_Bench ****
make -j4 all 
arm-none-eabi-gcc "../Core/Src/main.c" -mcpu=cortex-m4 -std=gnu11 -g3 -DDEBUG -DUSE_HAL_DRIVER -DSTM32L476xx -c -I../Core/Inc -I../Drivers/STM32L4xx_HAL_Driver/Inc -I../Drivers/STM32L4xx_HAL_Driver/Inc/Legacy -I../Drivers/CMSIS/Device/ST/STM32L4xx/Include -I../Drivers/CMSIS/Include -O0 -ffunction-sections -fdata-sections -Wall -fstack-usage -MMD -MP -MF"Core/Src/main.d" -MT"Core/Src/main.o" --specs=nano.specs -mfpu=fpv4-sp-d16 -mfloat-abi=hard -mthumb -o "Core/Src/main.o"
arm-none-eabi-g++ -o "1DOF_Bench.elf" @"objects.list"   -mcpu=cortex-m4 -T"C:\Users\AXEL NDO\Documents\master 1 SRD\test\Stage_1DOF_DroneBench\05_CubeIDE\1DOF_Bench\STM32L476RGTX_FLASH.ld" --specs=nosys.specs -Wl,-Map="1DOF_Bench.map" -Wl,--gc-sections -static --specs=nano.specs -mfpu=fpv4-sp-d16 -mfloat-abi=hard -mthumb -Wl,--start-group -lc -lm -lstdc++ -lsupc++ -Wl,--end-group
Finished building target: 1DOF_Bench.elf
 
arm-none-eabi-size   1DOF_Bench.elf 
arm-none-eabi-objdump -h -S  1DOF_Bench.elf  > "1DOF_Bench.list"
arm-none-eabi-objcopy  -O binary  1DOF_Bench.elf  "1DOF_Bench.bin"
   text	   data	    bss	    dec	    hex	filename
  22368	     20	   1884	  24272	   5ed0	1DOF_Bench.elf
Finished building: default.size.stdout
 
Finished building: 1DOF_Bench.bin
 
Finished building: 1DOF_Bench.list
 
11:47:39 **** Incremental Build of configuration Debug for project 1DOF_Bench ****
make -j4 all 
arm-none-eabi-size   1DOF_Bench.elf 
   text	   data	    bss	    dec	    hex	filename
  22368	     20	   1884	  24272	   5ed0	1DOF_Bench.elf
Finished building: default.size.stdout
 
11:48:42 **** Incremental Build of configuration Debug for project 1DOF_Bench ****
make -j4 all 
arm-none-eabi-gcc "../Core/Src/main.c" -mcpu=cortex-m4 -std=gnu11 -g3 -DDEBUG -DUSE_HAL_DRIVER -DSTM32L476xx -c -I../Core/Inc -I../Drivers/STM32L4xx_HAL_Driver/Inc -I../Drivers/STM32L4xx_HAL_Driver/Inc/Legacy -I../Drivers/CMSIS/Device/ST/STM32L4xx/Include -I../Drivers/CMSIS/Include -O0 -ffunction-sections -fdata-sections -Wall -fstack-usage -MMD -MP -MF"Core/Src/main.d" -MT"Core/Src/main.o" --specs=nano.specs -mfpu=fpv4-sp-d16 -mfloat-abi=hard -mthumb -o "Core/Src/main.o"
../Core/Src/main.c: In function 'main':
../Core/Src/main.c:156:6: error: expected expression before '}' token
  156 |      }
      |      ^
make: *** [Core/Src/subdir.mk:46: Core/Src/main.o] Error 1
"make -j4 all" terminated with exit code 2. Build might be incomplete.
11:49:36 **** Incremental Build of configuration Debug for project 1DOF_Bench ****
make -j4 all 
arm-none-eabi-gcc "../Core/Src/main.c" -mcpu=cortex-m4 -std=gnu11 -g3 -DDEBUG -DUSE_HAL_DRIVER -DSTM32L476xx -c -I../Core/Inc -I../Drivers/STM32L4xx_HAL_Driver/Inc -I../Drivers/STM32L4xx_HAL_Driver/Inc/Legacy -I../Drivers/CMSIS/Device/ST/STM32L4xx/Include -I../Drivers/CMSIS/Include -O0 -ffunction-sections -fdata-sections -Wall -fstack-usage -MMD -MP -MF"Core/Src/main.d" -MT"Core/Src/main.o" --specs=nano.specs -mfpu=fpv4-sp-d16 -mfloat-abi=hard -mthumb -o "Core/Src/main.o"
../Core/Src/main.c: In function 'main':
../Core/Src/main.c:156:6: error: expected expression before '}' token
  156 |      }
      |      ^
make: *** [Core/Src/subdir.mk:46: Core/Src/main.o] Error 1
"make -j4 all" terminated with exit code 2. Build might be incomplete.
14:16:14 **** Incremental Build of configuration Debug for project 1DOF_Bench ****
make -j4 all 
arm-none-eabi-gcc "../Core/Src/main.c" -mcpu=cortex-m4 -std=gnu11 -g3 -DDEBUG -DUSE_HAL_DRIVER -DSTM32L476xx -c -I../Core/Inc -I../Drivers/STM32L4xx_HAL_Driver/Inc -I../Drivers/STM32L4xx_HAL_Driver/Inc/Legacy -I../Drivers/CMSIS/Device/ST/STM32L4xx/Include -I../Drivers/CMSIS/Include -O0 -ffunction-sections -fdata-sections -Wall -fstack-usage -MMD -MP -MF"Core/Src/main.d" -MT"Core/Src/main.o" --specs=nano.specs -mfpu=fpv4-sp-d16 -mfloat-abi=hard -mthumb -o "Core/Src/main.o"
arm-none-eabi-g++ -o "1DOF_Bench.elf" @"objects.list"   -mcpu=cortex-m4 -T"C:\Users\AXEL NDO\Documents\master 1 SRD\test\Stage_1DOF_DroneBench\05_CubeIDE\1DOF_Bench\STM32L476RGTX_FLASH.ld" --specs=nosys.specs -Wl,-Map="1DOF_Bench.map" -Wl,--gc-sections -static --specs=nano.specs -mfpu=fpv4-sp-d16 -mfloat-abi=hard -mthumb -Wl,--start-group -lc -lm -lstdc++ -lsupc++ -Wl,--end-group
Finished building target: 1DOF_Bench.elf
 
arm-none-eabi-size   1DOF_Bench.elf 
arm-none-eabi-objdump -h -S  1DOF_Bench.elf  > "1DOF_Bench.list"
arm-none-eabi-objcopy  -O binary  1DOF_Bench.elf  "1DOF_Bench.bin"
   text	   data	    bss	    dec	    hex	filename
  22344	     20	   1884	  24248	   5eb8	1DOF_Bench.elf
Finished building: default.size.stdout
 
Finished building: 1DOF_Bench.bin
 
Finished building: 1DOF_Bench.list
 
14:16:28 **** Incremental Build of configuration Debug for project 1DOF_Bench ****
make -j4 all 
arm-none-eabi-size   1DOF_Bench.elf 
   text	   data	    bss	    dec	    hex	filename
  22344	     20	   1884	  24248	   5eb8	1DOF_Bench.elf
Finished building: default.size.stdout
 
14:22:25 **** Incremental Build of configuration Debug for project 1DOF_Bench ****
make -j4 all 
arm-none-eabi-gcc "../Core/Src/main.c" -mcpu=cortex-m4 -std=gnu11 -g3 -DDEBUG -DUSE_HAL_DRIVER -DSTM32L476xx -c -I../Core/Inc -I../Drivers/STM32L4xx_HAL_Driver/Inc -I../Drivers/STM32L4xx_HAL_Driver/Inc/Legacy -I../Drivers/CMSIS/Device/ST/STM32L4xx/Include -I../Drivers/CMSIS/Include -O0 -ffunction-sections -fdata-sections -Wall -fstack-usage -MMD -MP -MF"Core/Src/main.d" -MT"Core/Src/main.o" --specs=nano.specs -mfpu=fpv4-sp-d16 -mfloat-abi=hard -mthumb -o "Core/Src/main.o"
../Core/Src/main.c: In function 'main':
../Core/Src/main.c:161:16: error: expected ';' before 'if'
  161 |       counter++
      |                ^
      |                ;
  162 |       if (counter==size)
      |       ~~        
make: *** [Core/Src/subdir.mk:46: Core/Src/main.o] Error 1
"make -j4 all" terminated with exit code 2. Build might be incomplete.
14:22:29 **** Incremental Build of configuration Debug for project 1DOF_Bench ****
make -j4 all 
arm-none-eabi-gcc "../Core/Src/main.c" -mcpu=cortex-m4 -std=gnu11 -g3 -DDEBUG -DUSE_HAL_DRIVER -DSTM32L476xx -c -I../Core/Inc -I../Drivers/STM32L4xx_HAL_Driver/Inc -I../Drivers/STM32L4xx_HAL_Driver/Inc/Legacy -I../Drivers/CMSIS/Device/ST/STM32L4xx/Include -I../Drivers/CMSIS/Include -O0 -ffunction-sections -fdata-sections -Wall -fstack-usage -MMD -MP -MF"Core/Src/main.d" -MT"Core/Src/main.o" --specs=nano.specs -mfpu=fpv4-sp-d16 -mfloat-abi=hard -mthumb -o "Core/Src/main.o"
arm-none-eabi-g++ -o "1DOF_Bench.elf" @"objects.list"   -mcpu=cortex-m4 -T"C:\Users\AXEL NDO\Documents\master 1 SRD\test\Stage_1DOF_DroneBench\05_CubeIDE\1DOF_Bench\STM32L476RGTX_FLASH.ld" --specs=nosys.specs -Wl,-Map="1DOF_Bench.map" -Wl,--gc-sections -static --specs=nano.specs -mfpu=fpv4-sp-d16 -mfloat-abi=hard -mthumb -Wl,--start-group -lc -lm -lstdc++ -lsupc++ -Wl,--end-group
Finished building target: 1DOF_Bench.elf
 
arm-none-eabi-size   1DOF_Bench.elf 
arm-none-eabi-objdump -h -S  1DOF_Bench.elf  > "1DOF_Bench.list"
arm-none-eabi-objcopy  -O binary  1DOF_Bench.elf  "1DOF_Bench.bin"
   text	   data	    bss	    dec	    hex	filename
  22416	     20	   1884	  24320	   5f00	1DOF_Bench.elf
Finished building: default.size.stdout
 
Finished building: 1DOF_Bench.bin
 
Finished building: 1DOF_Bench.list
 
14:23:11 **** Incremental Build of configuration Debug for project 1DOF_Bench ****
make -j4 all 
arm-none-eabi-gcc "../Core/Src/main.c" -mcpu=cortex-m4 -std=gnu11 -g3 -DDEBUG -DUSE_HAL_DRIVER -DSTM32L476xx -c -I../Core/Inc -I../Drivers/STM32L4xx_HAL_Driver/Inc -I../Drivers/STM32L4xx_HAL_Driver/Inc/Legacy -I../Drivers/CMSIS/Device/ST/STM32L4xx/Include -I../Drivers/CMSIS/Include -O0 -ffunction-sections -fdata-sections -Wall -fstack-usage -MMD -MP -MF"Core/Src/main.d" -MT"Core/Src/main.o" --specs=nano.specs -mfpu=fpv4-sp-d16 -mfloat-abi=hard -mthumb -o "Core/Src/main.o"
../Core/Src/main.c: In function 'main':
../Core/Src/main.c:62:8: warning: variable 'buffer' set but not used [-Wunused-but-set-variable]
   62 |   char buffer [size];;
      |        ^~~~~~
arm-none-eabi-g++ -o "1DOF_Bench.elf" @"objects.list"   -mcpu=cortex-m4 -T"C:\Users\AXEL NDO\Documents\master 1 SRD\test\Stage_1DOF_DroneBench\05_CubeIDE\1DOF_Bench\STM32L476RGTX_FLASH.ld" --specs=nosys.specs -Wl,-Map="1DOF_Bench.map" -Wl,--gc-sections -static --specs=nano.specs -mfpu=fpv4-sp-d16 -mfloat-abi=hard -mthumb -Wl,--start-group -lc -lm -lstdc++ -lsupc++ -Wl,--end-group
Finished building target: 1DOF_Bench.elf
 
arm-none-eabi-size   1DOF_Bench.elf 
arm-none-eabi-objdump -h -S  1DOF_Bench.elf  > "1DOF_Bench.list"
arm-none-eabi-objcopy  -O binary  1DOF_Bench.elf  "1DOF_Bench.bin"
   text	   data	    bss	    dec	    hex	filename
  22352	     20	   1884	  24256	   5ec0	1DOF_Bench.elf
Finished building: default.size.stdout
 
Finished building: 1DOF_Bench.bin
 
Finished building: 1DOF_Bench.list
 
14:24:33 **** Incremental Build of configuration Debug for project 1DOF_Bench ****
make -j4 all 
arm-none-eabi-gcc "../Core/Src/main.c" -mcpu=cortex-m4 -std=gnu11 -g3 -DDEBUG -DUSE_HAL_DRIVER -DSTM32L476xx -c -I../Core/Inc -I../Drivers/STM32L4xx_HAL_Driver/Inc -I../Drivers/STM32L4xx_HAL_Driver/Inc/Legacy -I../Drivers/CMSIS/Device/ST/STM32L4xx/Include -I../Drivers/CMSIS/Include -O0 -ffunction-sections -fdata-sections -Wall -fstack-usage -MMD -MP -MF"Core/Src/main.d" -MT"Core/Src/main.o" --specs=nano.specs -mfpu=fpv4-sp-d16 -mfloat-abi=hard -mthumb -o "Core/Src/main.o"
../Core/Src/main.c: In function 'main':
../Core/Src/main.c:62:8: warning: variable 'buffer' set but not used [-Wunused-but-set-variable]
   62 |   char buffer [size];;
      |        ^~~~~~
arm-none-eabi-g++ -o "1DOF_Bench.elf" @"objects.list"   -mcpu=cortex-m4 -T"C:\Users\AXEL NDO\Documents\master 1 SRD\test\Stage_1DOF_DroneBench\05_CubeIDE\1DOF_Bench\STM32L476RGTX_FLASH.ld" --specs=nosys.specs -Wl,-Map="1DOF_Bench.map" -Wl,--gc-sections -static --specs=nano.specs -mfpu=fpv4-sp-d16 -mfloat-abi=hard -mthumb -Wl,--start-group -lc -lm -lstdc++ -lsupc++ -Wl,--end-group
Finished building target: 1DOF_Bench.elf
 
arm-none-eabi-size   1DOF_Bench.elf 
arm-none-eabi-objdump -h -S  1DOF_Bench.elf  > "1DOF_Bench.list"
arm-none-eabi-objcopy  -O binary  1DOF_Bench.elf  "1DOF_Bench.bin"
   text	   data	    bss	    dec	    hex	filename
  22376	     20	   1884	  24280	   5ed8	1DOF_Bench.elf
Finished building: default.size.stdout
 
Finished building: 1DOF_Bench.bin
 
Finished building: 1DOF_Bench.list
 
14:24:50 **** Incremental Build of configuration Debug for project 1DOF_Bench ****
make -j4 all 
arm-none-eabi-gcc "../Core/Src/main.c" -mcpu=cortex-m4 -std=gnu11 -g3 -DDEBUG -DUSE_HAL_DRIVER -DSTM32L476xx -c -I../Core/Inc -I../Drivers/STM32L4xx_HAL_Driver/Inc -I../Drivers/STM32L4xx_HAL_Driver/Inc/Legacy -I../Drivers/CMSIS/Device/ST/STM32L4xx/Include -I../Drivers/CMSIS/Include -O0 -ffunction-sections -fdata-sections -Wall -fstack-usage -MMD -MP -MF"Core/Src/main.d" -MT"Core/Src/main.o" --specs=nano.specs -mfpu=fpv4-sp-d16 -mfloat-abi=hard -mthumb -o "Core/Src/main.o"
../Core/Src/main.c: In function 'main':
../Core/Src/main.c:62:8: warning: variable 'buffer' set but not used [-Wunused-but-set-variable]
   62 |   char buffer [size];
      |        ^~~~~~
arm-none-eabi-g++ -o "1DOF_Bench.elf" @"objects.list"   -mcpu=cortex-m4 -T"C:\Users\AXEL NDO\Documents\master 1 SRD\test\Stage_1DOF_DroneBench\05_CubeIDE\1DOF_Bench\STM32L476RGTX_FLASH.ld" --specs=nosys.specs -Wl,-Map="1DOF_Bench.map" -Wl,--gc-sections -static --specs=nano.specs -mfpu=fpv4-sp-d16 -mfloat-abi=hard -mthumb -Wl,--start-group -lc -lm -lstdc++ -lsupc++ -Wl,--end-group
Finished building target: 1DOF_Bench.elf
 
arm-none-eabi-size   1DOF_Bench.elf 
arm-none-eabi-objdump -h -S  1DOF_Bench.elf  > "1DOF_Bench.list"
arm-none-eabi-objcopy  -O binary  1DOF_Bench.elf  "1DOF_Bench.bin"
   text	   data	    bss	    dec	    hex	filename
  22376	     20	   1884	  24280	   5ed8	1DOF_Bench.elf
Finished building: default.size.stdout
 
Finished building: 1DOF_Bench.bin
 
Finished building: 1DOF_Bench.list
 
14:25:01 **** Incremental Build of configuration Debug for project 1DOF_Bench ****
make -j4 all 
arm-none-eabi-size   1DOF_Bench.elf 
   text	   data	    bss	    dec	    hex	filename
  22376	     20	   1884	  24280	   5ed8	1DOF_Bench.elf
Finished building: default.size.stdout
 
14:26:33 **** Incremental Build of configuration Debug for project 1DOF_Bench ****
make -j4 all 
arm-none-eabi-gcc "../Core/Src/main.c" -mcpu=cortex-m4 -std=gnu11 -g3 -DDEBUG -DUSE_HAL_DRIVER -DSTM32L476xx -c -I../Core/Inc -I../Drivers/STM32L4xx_HAL_Driver/Inc -I../Drivers/STM32L4xx_HAL_Driver/Inc/Legacy -I../Drivers/CMSIS/Device/ST/STM32L4xx/Include -I../Drivers/CMSIS/Include -O0 -ffunction-sections -fdata-sections -Wall -fstack-usage -MMD -MP -MF"Core/Src/main.d" -MT"Core/Src/main.o" --specs=nano.specs -mfpu=fpv4-sp-d16 -mfloat-abi=hard -mthumb -o "Core/Src/main.o"
../Core/Src/main.c: In function 'main':
../Core/Src/main.c:62:8: warning: variable 'buffer' set but not used [-Wunused-but-set-variable]
   62 |   char buffer [size];
      |        ^~~~~~
arm-none-eabi-g++ -o "1DOF_Bench.elf" @"objects.list"   -mcpu=cortex-m4 -T"C:\Users\AXEL NDO\Documents\master 1 SRD\test\Stage_1DOF_DroneBench\05_CubeIDE\1DOF_Bench\STM32L476RGTX_FLASH.ld" --specs=nosys.specs -Wl,-Map="1DOF_Bench.map" -Wl,--gc-sections -static --specs=nano.specs -mfpu=fpv4-sp-d16 -mfloat-abi=hard -mthumb -Wl,--start-group -lc -lm -lstdc++ -lsupc++ -Wl,--end-group
Finished building target: 1DOF_Bench.elf
 
arm-none-eabi-size   1DOF_Bench.elf 
arm-none-eabi-objdump -h -S  1DOF_Bench.elf  > "1DOF_Bench.list"
arm-none-eabi-objcopy  -O binary  1DOF_Bench.elf  "1DOF_Bench.bin"
   text	   data	    bss	    dec	    hex	filename
  22456	     20	   1884	  24360	   5f28	1DOF_Bench.elf
Finished building: default.size.stdout
 
Finished building: 1DOF_Bench.bin
 
Finished building: 1DOF_Bench.list
 
14:27:04 **** Incremental Build of configuration Debug for project 1DOF_Bench ****
make -j4 all 
arm-none-eabi-size   1DOF_Bench.elf 
   text	   data	    bss	    dec	    hex	filename
  22456	     20	   1884	  24360	   5f28	1DOF_Bench.elf
Finished building: default.size.stdout
 
14:28:25 **** Incremental Build of configuration Debug for project 1DOF_Bench ****
make -j4 all 
arm-none-eabi-gcc "../Core/Src/main.c" -mcpu=cortex-m4 -std=gnu11 -g3 -DDEBUG -DUSE_HAL_DRIVER -DSTM32L476xx -c -I../Core/Inc -I../Drivers/STM32L4xx_HAL_Driver/Inc -I../Drivers/STM32L4xx_HAL_Driver/Inc/Legacy -I../Drivers/CMSIS/Device/ST/STM32L4xx/Include -I../Drivers/CMSIS/Include -O0 -ffunction-sections -fdata-sections -Wall -fstack-usage -MMD -MP -MF"Core/Src/main.d" -MT"Core/Src/main.o" --specs=nano.specs -mfpu=fpv4-sp-d16 -mfloat-abi=hard -mthumb -o "Core/Src/main.o"
../Core/Src/main.c: In function 'main':
../Core/Src/main.c:63:7: warning: unused variable 'counter' [-Wunused-variable]
   63 |   int counter = 0;
      |       ^~~~~~~
arm-none-eabi-g++ -o "1DOF_Bench.elf" @"objects.list"   -mcpu=cortex-m4 -T"C:\Users\AXEL NDO\Documents\master 1 SRD\test\Stage_1DOF_DroneBench\05_CubeIDE\1DOF_Bench\STM32L476RGTX_FLASH.ld" --specs=nosys.specs -Wl,-Map="1DOF_Bench.map" -Wl,--gc-sections -static --specs=nano.specs -mfpu=fpv4-sp-d16 -mfloat-abi=hard -mthumb -Wl,--start-group -lc -lm -lstdc++ -lsupc++ -Wl,--end-group
Finished building target: 1DOF_Bench.elf
 
arm-none-eabi-size   1DOF_Bench.elf 
arm-none-eabi-objdump -h -S  1DOF_Bench.elf  > "1DOF_Bench.list"
arm-none-eabi-objcopy  -O binary  1DOF_Bench.elf  "1DOF_Bench.bin"
   text	   data	    bss	    dec	    hex	filename
  22424	     20	   1884	  24328	   5f08	1DOF_Bench.elf
Finished building: default.size.stdout
 
Finished building: 1DOF_Bench.bin
 
Finished building: 1DOF_Bench.list
 
14:29:31 **** Incremental Build of configuration Debug for project 1DOF_Bench ****
make -j4 all 
arm-none-eabi-gcc "../Core/Src/main.c" -mcpu=cortex-m4 -std=gnu11 -g3 -DDEBUG -DUSE_HAL_DRIVER -DSTM32L476xx -c -I../Core/Inc -I../Drivers/STM32L4xx_HAL_Driver/Inc -I../Drivers/STM32L4xx_HAL_Driver/Inc/Legacy -I../Drivers/CMSIS/Device/ST/STM32L4xx/Include -I../Drivers/CMSIS/Include -O0 -ffunction-sections -fdata-sections -Wall -fstack-usage -MMD -MP -MF"Core/Src/main.d" -MT"Core/Src/main.o" --specs=nano.specs -mfpu=fpv4-sp-d16 -mfloat-abi=hard -mthumb -o "Core/Src/main.o"
../Core/Src/main.c: In function 'main':
../Core/Src/main.c:63:7: warning: unused variable 'counter' [-Wunused-variable]
   63 |   int counter = 0;
      |       ^~~~~~~
arm-none-eabi-g++ -o "1DOF_Bench.elf" @"objects.list"   -mcpu=cortex-m4 -T"C:\Users\AXEL NDO\Documents\master 1 SRD\test\Stage_1DOF_DroneBench\05_CubeIDE\1DOF_Bench\STM32L476RGTX_FLASH.ld" --specs=nosys.specs -Wl,-Map="1DOF_Bench.map" -Wl,--gc-sections -static --specs=nano.specs -mfpu=fpv4-sp-d16 -mfloat-abi=hard -mthumb -Wl,--start-group -lc -lm -lstdc++ -lsupc++ -Wl,--end-group
Finished building target: 1DOF_Bench.elf
 
arm-none-eabi-size   1DOF_Bench.elf 
arm-none-eabi-objdump -h -S  1DOF_Bench.elf  > "1DOF_Bench.list"
arm-none-eabi-objcopy  -O binary  1DOF_Bench.elf  "1DOF_Bench.bin"
   text	   data	    bss	    dec	    hex	filename
  22444	     20	   1884	  24348	   5f1c	1DOF_Bench.elf
Finished building: default.size.stdout
 
Finished building: 1DOF_Bench.bin
 
Finished building: 1DOF_Bench.list
 
14:29:42 **** Incremental Build of configuration Debug for project 1DOF_Bench ****
make -j4 all 
arm-none-eabi-size   1DOF_Bench.elf 
   text	   data	    bss	    dec	    hex	filename
  22444	     20	   1884	  24348	   5f1c	1DOF_Bench.elf
Finished building: default.size.stdout
 
14:57:30 **** Incremental Build of configuration Debug for project 1DOF_Bench ****
make -j4 all 
arm-none-eabi-gcc "../Core/Src/main.c" -mcpu=cortex-m4 -std=gnu11 -g3 -DDEBUG -DUSE_HAL_DRIVER -DSTM32L476xx -c -I../Core/Inc -I../Drivers/STM32L4xx_HAL_Driver/Inc -I../Drivers/STM32L4xx_HAL_Driver/Inc/Legacy -I../Drivers/CMSIS/Device/ST/STM32L4xx/Include -I../Drivers/CMSIS/Include -O0 -ffunction-sections -fdata-sections -Wall -fstack-usage -MMD -MP -MF"Core/Src/main.d" -MT"Core/Src/main.o" --specs=nano.specs -mfpu=fpv4-sp-d16 -mfloat-abi=hard -mthumb -o "Core/Src/main.o"
../Core/Src/main.c: In function 'main':
../Core/Src/main.c:63:7: warning: unused variable 'counter' [-Wunused-variable]
   63 |   int counter = 0;
      |       ^~~~~~~
arm-none-eabi-g++ -o "1DOF_Bench.elf" @"objects.list"   -mcpu=cortex-m4 -T"C:\Users\AXEL NDO\Documents\master 1 SRD\test\Stage_1DOF_DroneBench\05_CubeIDE\1DOF_Bench\STM32L476RGTX_FLASH.ld" --specs=nosys.specs -Wl,-Map="1DOF_Bench.map" -Wl,--gc-sections -static --specs=nano.specs -mfpu=fpv4-sp-d16 -mfloat-abi=hard -mthumb -Wl,--start-group -lc -lm -lstdc++ -lsupc++ -Wl,--end-group
Finished building target: 1DOF_Bench.elf
 
arm-none-eabi-size   1DOF_Bench.elf 
arm-none-eabi-objdump -h -S  1DOF_Bench.elf  > "1DOF_Bench.list"
arm-none-eabi-objcopy  -O binary  1DOF_Bench.elf  "1DOF_Bench.bin"
   text	   data	    bss	    dec	    hex	filename
  22444	     20	   1884	  24348	   5f1c	1DOF_Bench.elf
Finished building: default.size.stdout
 
Finished building: 1DOF_Bench.bin
 
Finished building: 1DOF_Bench.list
 
15:34:18 **** Incremental Build of configuration Debug for project 1DOF_Bench ****
make -j4 all 
arm-none-eabi-gcc "../Core/Src/fsm.c" -mcpu=cortex-m4 -std=gnu11 -g3 -DDEBUG -DUSE_HAL_DRIVER -DSTM32L476xx -c -I../Core/Inc -I../Drivers/STM32L4xx_HAL_Driver/Inc -I../Drivers/STM32L4xx_HAL_Driver/Inc/Legacy -I../Drivers/CMSIS/Device/ST/STM32L4xx/Include -I../Drivers/CMSIS/Include -O0 -ffunction-sections -fdata-sections -Wall -fstack-usage -MMD -MP -MF"Core/Src/fsm.d" -MT"Core/Src/fsm.o" --specs=nano.specs -mfpu=fpv4-sp-d16 -mfloat-abi=hard -mthumb -o "Core/Src/fsm.o"
arm-none-eabi-gcc "../Core/Src/main.c" -mcpu=cortex-m4 -std=gnu11 -g3 -DDEBUG -DUSE_HAL_DRIVER -DSTM32L476xx -c -I../Core/Inc -I../Drivers/STM32L4xx_HAL_Driver/Inc -I../Drivers/STM32L4xx_HAL_Driver/Inc/Legacy -I../Drivers/CMSIS/Device/ST/STM32L4xx/Include -I../Drivers/CMSIS/Include -O0 -ffunction-sections -fdata-sections -Wall -fstack-usage -MMD -MP -MF"Core/Src/main.d" -MT"Core/Src/main.o" --specs=nano.specs -mfpu=fpv4-sp-d16 -mfloat-abi=hard -mthumb -o "Core/Src/main.o"
arm-none-eabi-gcc "../Core/Src/remi.c" -mcpu=cortex-m4 -std=gnu11 -g3 -DDEBUG -DUSE_HAL_DRIVER -DSTM32L476xx -c -I../Core/Inc -I../Drivers/STM32L4xx_HAL_Driver/Inc -I../Drivers/STM32L4xx_HAL_Driver/Inc/Legacy -I../Drivers/CMSIS/Device/ST/STM32L4xx/Include -I../Drivers/CMSIS/Include -O0 -ffunction-sections -fdata-sections -Wall -fstack-usage -MMD -MP -MF"Core/Src/remi.d" -MT"Core/Src/remi.o" --specs=nano.specs -mfpu=fpv4-sp-d16 -mfloat-abi=hard -mthumb -o "Core/Src/remi.o"
arm-none-eabi-gcc "../Core/Src/stm32l4xx_hal_msp.c" -mcpu=cortex-m4 -std=gnu11 -g3 -DDEBUG -DUSE_HAL_DRIVER -DSTM32L476xx -c -I../Core/Inc -I../Drivers/STM32L4xx_HAL_Driver/Inc -I../Drivers/STM32L4xx_HAL_Driver/Inc/Legacy -I../Drivers/CMSIS/Device/ST/STM32L4xx/Include -I../Drivers/CMSIS/Include -O0 -ffunction-sections -fdata-sections -Wall -fstack-usage -MMD -MP -MF"Core/Src/stm32l4xx_hal_msp.d" -MT"Core/Src/stm32l4xx_hal_msp.o" --specs=nano.specs -mfpu=fpv4-sp-d16 -mfloat-abi=hard -mthumb -o "Core/Src/stm32l4xx_hal_msp.o"
../Core/Src/main.c: In function 'main':
../Core/Src/main.c:63:7: warning: unused variable 'counter' [-Wunused-variable]
   63 |   int counter = 0;
      |       ^~~~~~~
../Core/Src/main.c:62:8: warning: unused variable 'buffer' [-Wunused-variable]
   62 |   char buffer [size];
      |        ^~~~~~
arm-none-eabi-gcc "../Core/Src/stm32l4xx_it.c" -mcpu=cortex-m4 -std=gnu11 -g3 -DDEBUG -DUSE_HAL_DRIVER -DSTM32L476xx -c -I../Core/Inc -I../Drivers/STM32L4xx_HAL_Driver/Inc -I../Drivers/STM32L4xx_HAL_Driver/Inc/Legacy -I../Drivers/CMSIS/Device/ST/STM32L4xx/Include -I../Drivers/CMSIS/Include -O0 -ffunction-sections -fdata-sections -Wall -fstack-usage -MMD -MP -MF"Core/Src/stm32l4xx_it.d" -MT"Core/Src/stm32l4xx_it.o" --specs=nano.specs -mfpu=fpv4-sp-d16 -mfloat-abi=hard -mthumb -o "Core/Src/stm32l4xx_it.o"
arm-none-eabi-gcc "../Core/Src/yann.c" -mcpu=cortex-m4 -std=gnu11 -g3 -DDEBUG -DUSE_HAL_DRIVER -DSTM32L476xx -c -I../Core/Inc -I../Drivers/STM32L4xx_HAL_Driver/Inc -I../Drivers/STM32L4xx_HAL_Driver/Inc/Legacy -I../Drivers/CMSIS/Device/ST/STM32L4xx/Include -I../Drivers/CMSIS/Include -O0 -ffunction-sections -fdata-sections -Wall -fstack-usage -MMD -MP -MF"Core/Src/yann.d" -MT"Core/Src/yann.o" --specs=nano.specs -mfpu=fpv4-sp-d16 -mfloat-abi=hard -mthumb -o "Core/Src/yann.o"
arm-none-eabi-g++ -o "1DOF_Bench.elf" @"objects.list"   -mcpu=cortex-m4 -T"C:\Users\AXEL NDO\Documents\master 1 SRD\test\Stage_1DOF_DroneBench\05_CubeIDE\1DOF_Bench\STM32L476RGTX_FLASH.ld" --specs=nosys.specs -Wl,-Map="1DOF_Bench.map" -Wl,--gc-sections -static --specs=nano.specs -mfpu=fpv4-sp-d16 -mfloat-abi=hard -mthumb -Wl,--start-group -lc -lm -lstdc++ -lsupc++ -Wl,--end-group
Finished building target: 1DOF_Bench.elf
 
arm-none-eabi-size   1DOF_Bench.elf 
arm-none-eabi-objdump -h -S  1DOF_Bench.elf  > "1DOF_Bench.list"
arm-none-eabi-objcopy  -O binary  1DOF_Bench.elf  "1DOF_Bench.bin"
   text	   data	    bss	    dec	    hex	filename
  22448	     20	   1884	  24352	   5f20	1DOF_Bench.elf
Finished building: default.size.stdout
Finished building: 1DOF_Bench.bin
 
 
Finished building: 1DOF_Bench.list
 
15:35:09 **** Incremental Build of configuration Debug for project 1DOF_Bench ****
make -j4 all 
arm-none-eabi-gcc "../Core/Src/main.c" -mcpu=cortex-m4 -std=gnu11 -g3 -DDEBUG -DUSE_HAL_DRIVER -DSTM32L476xx -c -I../Core/Inc -I../Drivers/STM32L4xx_HAL_Driver/Inc -I../Drivers/STM32L4xx_HAL_Driver/Inc/Legacy -I../Drivers/CMSIS/Device/ST/STM32L4xx/Include -I../Drivers/CMSIS/Include -O0 -ffunction-sections -fdata-sections -Wall -fstack-usage -MMD -MP -MF"Core/Src/main.d" -MT"Core/Src/main.o" --specs=nano.specs -mfpu=fpv4-sp-d16 -mfloat-abi=hard -mthumb -o "Core/Src/main.o"
../Core/Src/main.c: In function 'main':
../Core/Src/main.c:63:7: warning: unused variable 'counter' [-Wunused-variable]
   63 |   int counter = 0;
      |       ^~~~~~~
../Core/Src/main.c:62:8: warning: unused variable 'buffer' [-Wunused-variable]
   62 |   char buffer [size];
      |        ^~~~~~
arm-none-eabi-g++ -o "1DOF_Bench.elf" @"objects.list"   -mcpu=cortex-m4 -T"C:\Users\AXEL NDO\Documents\master 1 SRD\test\Stage_1DOF_DroneBench\05_CubeIDE\1DOF_Bench\STM32L476RGTX_FLASH.ld" --specs=nosys.specs -Wl,-Map="1DOF_Bench.map" -Wl,--gc-sections -static --specs=nano.specs -mfpu=fpv4-sp-d16 -mfloat-abi=hard -mthumb -Wl,--start-group -lc -lm -lstdc++ -lsupc++ -Wl,--end-group
Finished building target: 1DOF_Bench.elf
 
arm-none-eabi-size   1DOF_Bench.elf 
arm-none-eabi-objdump -h -S  1DOF_Bench.elf  > "1DOF_Bench.list"
arm-none-eabi-objcopy  -O binary  1DOF_Bench.elf  "1DOF_Bench.bin"
   text	   data	    bss	    dec	    hex	filename
  22468	     20	   1884	  24372	   5f34	1DOF_Bench.elf
Finished building: default.size.stdout
 
Finished building: 1DOF_Bench.bin
 
Finished building: 1DOF_Bench.list
 
15:35:37 **** Incremental Build of configuration Debug for project 1DOF_Bench ****
make -j4 all 
arm-none-eabi-size   1DOF_Bench.elf 
   text	   data	    bss	    dec	    hex	filename
  22468	     20	   1884	  24372	   5f34	1DOF_Bench.elf
Finished building: default.size.stdout
 
15:41:00 **** Incremental Build of configuration Debug for project 1DOF_Bench ****
make -j4 all 
arm-none-eabi-gcc "../Core/Src/main.c" -mcpu=cortex-m4 -std=gnu11 -g3 -DDEBUG -DUSE_HAL_DRIVER -DSTM32L476xx -c -I../Core/Inc -I../Drivers/STM32L4xx_HAL_Driver/Inc -I../Drivers/STM32L4xx_HAL_Driver/Inc/Legacy -I../Drivers/CMSIS/Device/ST/STM32L4xx/Include -I../Drivers/CMSIS/Include -O0 -ffunction-sections -fdata-sections -Wall -fstack-usage -MMD -MP -MF"Core/Src/main.d" -MT"Core/Src/main.o" --specs=nano.specs -mfpu=fpv4-sp-d16 -mfloat-abi=hard -mthumb -o "Core/Src/main.o"
arm-none-eabi-gcc "../Core/Src/yann.c" -mcpu=cortex-m4 -std=gnu11 -g3 -DDEBUG -DUSE_HAL_DRIVER -DSTM32L476xx -c -I../Core/Inc -I../Drivers/STM32L4xx_HAL_Driver/Inc -I../Drivers/STM32L4xx_HAL_Driver/Inc/Legacy -I../Drivers/CMSIS/Device/ST/STM32L4xx/Include -I../Drivers/CMSIS/Include -O0 -ffunction-sections -fdata-sections -Wall -fstack-usage -MMD -MP -MF"Core/Src/yann.d" -MT"Core/Src/yann.o" --specs=nano.specs -mfpu=fpv4-sp-d16 -mfloat-abi=hard -mthumb -o "Core/Src/yann.o"
../Core/Src/main.c: In function 'main':
../Core/Src/main.c:63:7: warning: unused variable 'counter' [-Wunused-variable]
   63 |   int counter = 0;
      |       ^~~~~~~
../Core/Src/main.c:62:8: warning: unused variable 'buffer' [-Wunused-variable]
   62 |   char buffer [size];
      |        ^~~~~~
arm-none-eabi-g++ -o "1DOF_Bench.elf" @"objects.list"   -mcpu=cortex-m4 -T"C:\Users\AXEL NDO\Documents\master 1 SRD\test\Stage_1DOF_DroneBench\05_CubeIDE\1DOF_Bench\STM32L476RGTX_FLASH.ld" --specs=nosys.specs -Wl,-Map="1DOF_Bench.map" -Wl,--gc-sections -static --specs=nano.specs -mfpu=fpv4-sp-d16 -mfloat-abi=hard -mthumb -Wl,--start-group -lc -lm -lstdc++ -lsupc++ -Wl,--end-group
Finished building target: 1DOF_Bench.elf
 
arm-none-eabi-size   1DOF_Bench.elf 
arm-none-eabi-objdump -h -S  1DOF_Bench.elf  > "1DOF_Bench.list"
arm-none-eabi-objcopy  -O binary  1DOF_Bench.elf  "1DOF_Bench.bin"
   text	   data	    bss	    dec	    hex	filename
  22640	     20	   1884	  24544	   5fe0	1DOF_Bench.elf
Finished building: default.size.stdout
 
Finished building: 1DOF_Bench.bin
 
Finished building: 1DOF_Bench.list
 
15:41:27 **** Incremental Build of configuration Debug for project 1DOF_Bench ****
make -j4 all 
arm-none-eabi-gcc "../Core/Src/main.c" -mcpu=cortex-m4 -std=gnu11 -g3 -DDEBUG -DUSE_HAL_DRIVER -DSTM32L476xx -c -I../Core/Inc -I../Drivers/STM32L4xx_HAL_Driver/Inc -I../Drivers/STM32L4xx_HAL_Driver/Inc/Legacy -I../Drivers/CMSIS/Device/ST/STM32L4xx/Include -I../Drivers/CMSIS/Include -O0 -ffunction-sections -fdata-sections -Wall -fstack-usage -MMD -MP -MF"Core/Src/main.d" -MT"Core/Src/main.o" --specs=nano.specs -mfpu=fpv4-sp-d16 -mfloat-abi=hard -mthumb -o "Core/Src/main.o"
../Core/Src/main.c: In function 'main':
../Core/Src/main.c:63:7: warning: unused variable 'counter' [-Wunused-variable]
   63 |   int counter = 0;
      |       ^~~~~~~
../Core/Src/main.c:62:8: warning: unused variable 'buffer' [-Wunused-variable]
   62 |   char buffer [size];
      |        ^~~~~~
arm-none-eabi-g++ -o "1DOF_Bench.elf" @"objects.list"   -mcpu=cortex-m4 -T"C:\Users\AXEL NDO\Documents\master 1 SRD\test\Stage_1DOF_DroneBench\05_CubeIDE\1DOF_Bench\STM32L476RGTX_FLASH.ld" --specs=nosys.specs -Wl,-Map="1DOF_Bench.map" -Wl,--gc-sections -static --specs=nano.specs -mfpu=fpv4-sp-d16 -mfloat-abi=hard -mthumb -Wl,--start-group -lc -lm -lstdc++ -lsupc++ -Wl,--end-group
Finished building target: 1DOF_Bench.elf
 
arm-none-eabi-size   1DOF_Bench.elf 
arm-none-eabi-objdump -h -S  1DOF_Bench.elf  > "1DOF_Bench.list"
arm-none-eabi-objcopy  -O binary  1DOF_Bench.elf  "1DOF_Bench.bin"
   text	   data	    bss	    dec	    hex	filename
  22640	     20	   1884	  24544	   5fe0	1DOF_Bench.elf
Finished building: default.size.stdout
 
Finished building: 1DOF_Bench.bin
 
Finished building: 1DOF_Bench.list
 
15:41:40 **** Incremental Build of configuration Debug for project 1DOF_Bench ****
make -j4 all 
arm-none-eabi-gcc "../Core/Src/main.c" -mcpu=cortex-m4 -std=gnu11 -g3 -DDEBUG -DUSE_HAL_DRIVER -DSTM32L476xx -c -I../Core/Inc -I../Drivers/STM32L4xx_HAL_Driver/Inc -I../Drivers/STM32L4xx_HAL_Driver/Inc/Legacy -I../Drivers/CMSIS/Device/ST/STM32L4xx/Include -I../Drivers/CMSIS/Include -O0 -ffunction-sections -fdata-sections -Wall -fstack-usage -MMD -MP -MF"Core/Src/main.d" -MT"Core/Src/main.o" --specs=nano.specs -mfpu=fpv4-sp-d16 -mfloat-abi=hard -mthumb -o "Core/Src/main.o"
../Core/Src/main.c: In function 'main':
../Core/Src/main.c:61:7: warning: unused variable 'size' [-Wunused-variable]
   61 |   int size=25;
      |       ^~~~
arm-none-eabi-g++ -o "1DOF_Bench.elf" @"objects.list"   -mcpu=cortex-m4 -T"C:\Users\AXEL NDO\Documents\master 1 SRD\test\Stage_1DOF_DroneBench\05_CubeIDE\1DOF_Bench\STM32L476RGTX_FLASH.ld" --specs=nosys.specs -Wl,-Map="1DOF_Bench.map" -Wl,--gc-sections -static --specs=nano.specs -mfpu=fpv4-sp-d16 -mfloat-abi=hard -mthumb -Wl,--start-group -lc -lm -lstdc++ -lsupc++ -Wl,--end-group
Finished building target: 1DOF_Bench.elf
 
arm-none-eabi-size   1DOF_Bench.elf 
arm-none-eabi-objdump -h -S  1DOF_Bench.elf  > "1DOF_Bench.list"
arm-none-eabi-objcopy  -O binary  1DOF_Bench.elf  "1DOF_Bench.bin"
   text	   data	    bss	    dec	    hex	filename
  22564	     20	   1884	  24468	   5f94	1DOF_Bench.elf
Finished building: default.size.stdout
Finished building: 1DOF_Bench.bin
 
 
Finished building: 1DOF_Bench.list
 
15:41:50 **** Incremental Build of configuration Debug for project 1DOF_Bench ****
make -j4 all 
arm-none-eabi-gcc "../Core/Src/main.c" -mcpu=cortex-m4 -std=gnu11 -g3 -DDEBUG -DUSE_HAL_DRIVER -DSTM32L476xx -c -I../Core/Inc -I../Drivers/STM32L4xx_HAL_Driver/Inc -I../Drivers/STM32L4xx_HAL_Driver/Inc/Legacy -I../Drivers/CMSIS/Device/ST/STM32L4xx/Include -I../Drivers/CMSIS/Include -O0 -ffunction-sections -fdata-sections -Wall -fstack-usage -MMD -MP -MF"Core/Src/main.d" -MT"Core/Src/main.o" --specs=nano.specs -mfpu=fpv4-sp-d16 -mfloat-abi=hard -mthumb -o "Core/Src/main.o"
arm-none-eabi-g++ -o "1DOF_Bench.elf" @"objects.list"   -mcpu=cortex-m4 -T"C:\Users\AXEL NDO\Documents\master 1 SRD\test\Stage_1DOF_DroneBench\05_CubeIDE\1DOF_Bench\STM32L476RGTX_FLASH.ld" --specs=nosys.specs -Wl,-Map="1DOF_Bench.map" -Wl,--gc-sections -static --specs=nano.specs -mfpu=fpv4-sp-d16 -mfloat-abi=hard -mthumb -Wl,--start-group -lc -lm -lstdc++ -lsupc++ -Wl,--end-group
Finished building target: 1DOF_Bench.elf
 
arm-none-eabi-size   1DOF_Bench.elf 
arm-none-eabi-objdump -h -S  1DOF_Bench.elf  > "1DOF_Bench.list"
arm-none-eabi-objcopy  -O binary  1DOF_Bench.elf  "1DOF_Bench.bin"
   text	   data	    bss	    dec	    hex	filename
  22560	     20	   1884	  24464	   5f90	1DOF_Bench.elf
Finished building: default.size.stdout
 
Finished building: 1DOF_Bench.bin
 
Finished building: 1DOF_Bench.list
 
15:42:18 **** Incremental Build of configuration Debug for project 1DOF_Bench ****
make -j4 all 
arm-none-eabi-size   1DOF_Bench.elf 
   text	   data	    bss	    dec	    hex	filename
  22560	     20	   1884	  24464	   5f90	1DOF_Bench.elf
Finished building: default.size.stdout
 
15:43:45 **** Incremental Build of configuration Debug for project 1DOF_Bench ****
make -j4 all 
arm-none-eabi-gcc "../Core/Src/main.c" -mcpu=cortex-m4 -std=gnu11 -g3 -DDEBUG -DUSE_HAL_DRIVER -DSTM32L476xx -c -I../Core/Inc -I../Drivers/STM32L4xx_HAL_Driver/Inc -I../Drivers/STM32L4xx_HAL_Driver/Inc/Legacy -I../Drivers/CMSIS/Device/ST/STM32L4xx/Include -I../Drivers/CMSIS/Include -O0 -ffunction-sections -fdata-sections -Wall -fstack-usage -MMD -MP -MF"Core/Src/main.d" -MT"Core/Src/main.o" --specs=nano.specs -mfpu=fpv4-sp-d16 -mfloat-abi=hard -mthumb -o "Core/Src/main.o"
arm-none-eabi-g++ -o "1DOF_Bench.elf" @"objects.list"   -mcpu=cortex-m4 -T"C:\Users\AXEL NDO\Documents\master 1 SRD\test\Stage_1DOF_DroneBench\05_CubeIDE\1DOF_Bench\STM32L476RGTX_FLASH.ld" --specs=nosys.specs -Wl,-Map="1DOF_Bench.map" -Wl,--gc-sections -static --specs=nano.specs -mfpu=fpv4-sp-d16 -mfloat-abi=hard -mthumb -Wl,--start-group -lc -lm -lstdc++ -lsupc++ -Wl,--end-group
Finished building target: 1DOF_Bench.elf
 
arm-none-eabi-size   1DOF_Bench.elf 
arm-none-eabi-objdump -h -S  1DOF_Bench.elf  > "1DOF_Bench.list"
arm-none-eabi-objcopy  -O binary  1DOF_Bench.elf  "1DOF_Bench.bin"
   text	   data	    bss	    dec	    hex	filename
  22640	     20	   1884	  24544	   5fe0	1DOF_Bench.elf
Finished building: default.size.stdout
 
Finished building: 1DOF_Bench.bin
 
Finished building: 1DOF_Bench.list
 
15:45:03 **** Incremental Build of configuration Debug for project 1DOF_Bench ****
make -j4 all 
arm-none-eabi-gcc "../Core/Src/main.c" -mcpu=cortex-m4 -std=gnu11 -g3 -DDEBUG -DUSE_HAL_DRIVER -DSTM32L476xx -c -I../Core/Inc -I../Drivers/STM32L4xx_HAL_Driver/Inc -I../Drivers/STM32L4xx_HAL_Driver/Inc/Legacy -I../Drivers/CMSIS/Device/ST/STM32L4xx/Include -I../Drivers/CMSIS/Include -O0 -ffunction-sections -fdata-sections -Wall -fstack-usage -MMD -MP -MF"Core/Src/main.d" -MT"Core/Src/main.o" --specs=nano.specs -mfpu=fpv4-sp-d16 -mfloat-abi=hard -mthumb -o "Core/Src/main.o"
arm-none-eabi-g++ -o "1DOF_Bench.elf" @"objects.list"   -mcpu=cortex-m4 -T"C:\Users\AXEL NDO\Documents\master 1 SRD\test\Stage_1DOF_DroneBench\05_CubeIDE\1DOF_Bench\STM32L476RGTX_FLASH.ld" --specs=nosys.specs -Wl,-Map="1DOF_Bench.map" -Wl,--gc-sections -static --specs=nano.specs -mfpu=fpv4-sp-d16 -mfloat-abi=hard -mthumb -Wl,--start-group -lc -lm -lstdc++ -lsupc++ -Wl,--end-group
Finished building target: 1DOF_Bench.elf
 
arm-none-eabi-size   1DOF_Bench.elf 
arm-none-eabi-objdump -h -S  1DOF_Bench.elf  > "1DOF_Bench.list"
arm-none-eabi-objcopy  -O binary  1DOF_Bench.elf  "1DOF_Bench.bin"
   text	   data	    bss	    dec	    hex	filename
  22560	     20	   1884	  24464	   5f90	1DOF_Bench.elf
Finished building: default.size.stdout
 
Finished building: 1DOF_Bench.bin
 
Finished building: 1DOF_Bench.list
 
15:47:36 **** Incremental Build of configuration Debug for project 1DOF_Bench ****
make -j4 all 
arm-none-eabi-gcc "../Core/Src/main.c" -mcpu=cortex-m4 -std=gnu11 -g3 -DDEBUG -DUSE_HAL_DRIVER -DSTM32L476xx -c -I../Core/Inc -I../Drivers/STM32L4xx_HAL_Driver/Inc -I../Drivers/STM32L4xx_HAL_Driver/Inc/Legacy -I../Drivers/CMSIS/Device/ST/STM32L4xx/Include -I../Drivers/CMSIS/Include -O0 -ffunction-sections -fdata-sections -Wall -fstack-usage -MMD -MP -MF"Core/Src/main.d" -MT"Core/Src/main.o" --specs=nano.specs -mfpu=fpv4-sp-d16 -mfloat-abi=hard -mthumb -o "Core/Src/main.o"
arm-none-eabi-g++ -o "1DOF_Bench.elf" @"objects.list"   -mcpu=cortex-m4 -T"C:\Users\AXEL NDO\Documents\master 1 SRD\test\Stage_1DOF_DroneBench\05_CubeIDE\1DOF_Bench\STM32L476RGTX_FLASH.ld" --specs=nosys.specs -Wl,-Map="1DOF_Bench.map" -Wl,--gc-sections -static --specs=nano.specs -mfpu=fpv4-sp-d16 -mfloat-abi=hard -mthumb -Wl,--start-group -lc -lm -lstdc++ -lsupc++ -Wl,--end-group
Finished building target: 1DOF_Bench.elf
 
arm-none-eabi-size   1DOF_Bench.elf 
arm-none-eabi-objdump -h -S  1DOF_Bench.elf  > "1DOF_Bench.list"
arm-none-eabi-objcopy  -O binary  1DOF_Bench.elf  "1DOF_Bench.bin"
   text	   data	    bss	    dec	    hex	filename
  22556	     20	   1884	  24460	   5f8c	1DOF_Bench.elf
Finished building: default.size.stdout
 
Finished building: 1DOF_Bench.bin
 
Finished building: 1DOF_Bench.list
 
15:47:51 **** Incremental Build of configuration Debug for project 1DOF_Bench ****
make -j4 all 
arm-none-eabi-size   1DOF_Bench.elf 
   text	   data	    bss	    dec	    hex	filename
  22556	     20	   1884	  24460	   5f8c	1DOF_Bench.elf
Finished building: default.size.stdout
 
15:49:19 **** Incremental Build of configuration Debug for project 1DOF_Bench ****
make -j4 all 
arm-none-eabi-gcc "../Core/Src/main.c" -mcpu=cortex-m4 -std=gnu11 -g3 -DDEBUG -DUSE_HAL_DRIVER -DSTM32L476xx -c -I../Core/Inc -I../Drivers/STM32L4xx_HAL_Driver/Inc -I../Drivers/STM32L4xx_HAL_Driver/Inc/Legacy -I../Drivers/CMSIS/Device/ST/STM32L4xx/Include -I../Drivers/CMSIS/Include -O0 -ffunction-sections -fdata-sections -Wall -fstack-usage -MMD -MP -MF"Core/Src/main.d" -MT"Core/Src/main.o" --specs=nano.specs -mfpu=fpv4-sp-d16 -mfloat-abi=hard -mthumb -o "Core/Src/main.o"
arm-none-eabi-g++ -o "1DOF_Bench.elf" @"objects.list"   -mcpu=cortex-m4 -T"C:\Users\AXEL NDO\Documents\master 1 SRD\test\Stage_1DOF_DroneBench\05_CubeIDE\1DOF_Bench\STM32L476RGTX_FLASH.ld" --specs=nosys.specs -Wl,-Map="1DOF_Bench.map" -Wl,--gc-sections -static --specs=nano.specs -mfpu=fpv4-sp-d16 -mfloat-abi=hard -mthumb -Wl,--start-group -lc -lm -lstdc++ -lsupc++ -Wl,--end-group
Finished building target: 1DOF_Bench.elf
 
arm-none-eabi-size   1DOF_Bench.elf 
arm-none-eabi-objdump -h -S  1DOF_Bench.elf  > "1DOF_Bench.list"
arm-none-eabi-objcopy  -O binary  1DOF_Bench.elf  "1DOF_Bench.bin"
   text	   data	    bss	    dec	    hex	filename
  22560	     20	   1884	  24464	   5f90	1DOF_Bench.elf
Finished building: default.size.stdout
 
Finished building: 1DOF_Bench.bin
 
Finished building: 1DOF_Bench.list
 
15:49:58 **** Incremental Build of configuration Debug for project 1DOF_Bench ****
make -j4 all 
arm-none-eabi-gcc "../Core/Src/main.c" -mcpu=cortex-m4 -std=gnu11 -g3 -DDEBUG -DUSE_HAL_DRIVER -DSTM32L476xx -c -I../Core/Inc -I../Drivers/STM32L4xx_HAL_Driver/Inc -I../Drivers/STM32L4xx_HAL_Driver/Inc/Legacy -I../Drivers/CMSIS/Device/ST/STM32L4xx/Include -I../Drivers/CMSIS/Include -O0 -ffunction-sections -fdata-sections -Wall -fstack-usage -MMD -MP -MF"Core/Src/main.d" -MT"Core/Src/main.o" --specs=nano.specs -mfpu=fpv4-sp-d16 -mfloat-abi=hard -mthumb -o "Core/Src/main.o"
arm-none-eabi-g++ -o "1DOF_Bench.elf" @"objects.list"   -mcpu=cortex-m4 -T"C:\Users\AXEL NDO\Documents\master 1 SRD\test\Stage_1DOF_DroneBench\05_CubeIDE\1DOF_Bench\STM32L476RGTX_FLASH.ld" --specs=nosys.specs -Wl,-Map="1DOF_Bench.map" -Wl,--gc-sections -static --specs=nano.specs -mfpu=fpv4-sp-d16 -mfloat-abi=hard -mthumb -Wl,--start-group -lc -lm -lstdc++ -lsupc++ -Wl,--end-group
Finished building target: 1DOF_Bench.elf
 
arm-none-eabi-size   1DOF_Bench.elf 
arm-none-eabi-objdump -h -S  1DOF_Bench.elf  > "1DOF_Bench.list"
arm-none-eabi-objcopy  -O binary  1DOF_Bench.elf  "1DOF_Bench.bin"
   text	   data	    bss	    dec	    hex	filename
  22560	     20	   1884	  24464	   5f90	1DOF_Bench.elf
Finished building: default.size.stdout
Finished building: 1DOF_Bench.bin
 
 
Finished building: 1DOF_Bench.list
 
15:50:32 **** Incremental Build of configuration Debug for project 1DOF_Bench ****
make -j4 all 
arm-none-eabi-gcc "../Core/Src/main.c" -mcpu=cortex-m4 -std=gnu11 -g3 -DDEBUG -DUSE_HAL_DRIVER -DSTM32L476xx -c -I../Core/Inc -I../Drivers/STM32L4xx_HAL_Driver/Inc -I../Drivers/STM32L4xx_HAL_Driver/Inc/Legacy -I../Drivers/CMSIS/Device/ST/STM32L4xx/Include -I../Drivers/CMSIS/Include -O0 -ffunction-sections -fdata-sections -Wall -fstack-usage -MMD -MP -MF"Core/Src/main.d" -MT"Core/Src/main.o" --specs=nano.specs -mfpu=fpv4-sp-d16 -mfloat-abi=hard -mthumb -o "Core/Src/main.o"
arm-none-eabi-g++ -o "1DOF_Bench.elf" @"objects.list"   -mcpu=cortex-m4 -T"C:\Users\AXEL NDO\Documents\master 1 SRD\test\Stage_1DOF_DroneBench\05_CubeIDE\1DOF_Bench\STM32L476RGTX_FLASH.ld" --specs=nosys.specs -Wl,-Map="1DOF_Bench.map" -Wl,--gc-sections -static --specs=nano.specs -mfpu=fpv4-sp-d16 -mfloat-abi=hard -mthumb -Wl,--start-group -lc -lm -lstdc++ -lsupc++ -Wl,--end-group
Finished building target: 1DOF_Bench.elf
 
arm-none-eabi-size   1DOF_Bench.elf 
arm-none-eabi-objdump -h -S  1DOF_Bench.elf  > "1DOF_Bench.list"
arm-none-eabi-objcopy  -O binary  1DOF_Bench.elf  "1DOF_Bench.bin"
   text	   data	    bss	    dec	    hex	filename
  22560	     20	   1884	  24464	   5f90	1DOF_Bench.elf
Finished building: default.size.stdout
 
Finished building: 1DOF_Bench.bin
 
Finished building: 1DOF_Bench.list
 
15:53:21 **** Incremental Build of configuration Debug for project 1DOF_Bench ****
make -j4 all 
arm-none-eabi-gcc "../Core/Src/yann.c" -mcpu=cortex-m4 -std=gnu11 -g3 -DDEBUG -DUSE_HAL_DRIVER -DSTM32L476xx -c -I../Core/Inc -I../Drivers/STM32L4xx_HAL_Driver/Inc -I../Drivers/STM32L4xx_HAL_Driver/Inc/Legacy -I../Drivers/CMSIS/Device/ST/STM32L4xx/Include -I../Drivers/CMSIS/Include -O0 -ffunction-sections -fdata-sections -Wall -fstack-usage -MMD -MP -MF"Core/Src/yann.d" -MT"Core/Src/yann.o" --specs=nano.specs -mfpu=fpv4-sp-d16 -mfloat-abi=hard -mthumb -o "Core/Src/yann.o"
arm-none-eabi-g++ -o "1DOF_Bench.elf" @"objects.list"   -mcpu=cortex-m4 -T"C:\Users\AXEL NDO\Documents\master 1 SRD\test\Stage_1DOF_DroneBench\05_CubeIDE\1DOF_Bench\STM32L476RGTX_FLASH.ld" --specs=nosys.specs -Wl,-Map="1DOF_Bench.map" -Wl,--gc-sections -static --specs=nano.specs -mfpu=fpv4-sp-d16 -mfloat-abi=hard -mthumb -Wl,--start-group -lc -lm -lstdc++ -lsupc++ -Wl,--end-group
Finished building target: 1DOF_Bench.elf
 
arm-none-eabi-size   1DOF_Bench.elf 
arm-none-eabi-objdump -h -S  1DOF_Bench.elf  > "1DOF_Bench.list"
arm-none-eabi-objcopy  -O binary  1DOF_Bench.elf  "1DOF_Bench.bin"
   text	   data	    bss	    dec	    hex	filename
  22616	     20	   1884	  24520	   5fc8	1DOF_Bench.elf
Finished building: default.size.stdout
 
Finished building: 1DOF_Bench.bin
 
Finished building: 1DOF_Bench.list
 
15:53:38 **** Incremental Build of configuration Debug for project 1DOF_Bench ****
make -j4 all 
arm-none-eabi-size   1DOF_Bench.elf 
   text	   data	    bss	    dec	    hex	filename
  22616	     20	   1884	  24520	   5fc8	1DOF_Bench.elf
Finished building: default.size.stdout
 
15:58:56 **** Incremental Build of configuration Debug for project 1DOF_Bench ****
make -j4 all 
arm-none-eabi-gcc "../Core/Src/fsm.c" -mcpu=cortex-m4 -std=gnu11 -g3 -DDEBUG -DUSE_HAL_DRIVER -DSTM32L476xx -c -I../Core/Inc -I../Drivers/STM32L4xx_HAL_Driver/Inc -I../Drivers/STM32L4xx_HAL_Driver/Inc/Legacy -I../Drivers/CMSIS/Device/ST/STM32L4xx/Include -I../Drivers/CMSIS/Include -O0 -ffunction-sections -fdata-sections -Wall -fstack-usage -MMD -MP -MF"Core/Src/fsm.d" -MT"Core/Src/fsm.o" --specs=nano.specs -mfpu=fpv4-sp-d16 -mfloat-abi=hard -mthumb -o "Core/Src/fsm.o"
arm-none-eabi-gcc "../Core/Src/main.c" -mcpu=cortex-m4 -std=gnu11 -g3 -DDEBUG -DUSE_HAL_DRIVER -DSTM32L476xx -c -I../Core/Inc -I../Drivers/STM32L4xx_HAL_Driver/Inc -I../Drivers/STM32L4xx_HAL_Driver/Inc/Legacy -I../Drivers/CMSIS/Device/ST/STM32L4xx/Include -I../Drivers/CMSIS/Include -O0 -ffunction-sections -fdata-sections -Wall -fstack-usage -MMD -MP -MF"Core/Src/main.d" -MT"Core/Src/main.o" --specs=nano.specs -mfpu=fpv4-sp-d16 -mfloat-abi=hard -mthumb -o "Core/Src/main.o"
arm-none-eabi-gcc "../Core/Src/yann.c" -mcpu=cortex-m4 -std=gnu11 -g3 -DDEBUG -DUSE_HAL_DRIVER -DSTM32L476xx -c -I../Core/Inc -I../Drivers/STM32L4xx_HAL_Driver/Inc -I../Drivers/STM32L4xx_HAL_Driver/Inc/Legacy -I../Drivers/CMSIS/Device/ST/STM32L4xx/Include -I../Drivers/CMSIS/Include -O0 -ffunction-sections -fdata-sections -Wall -fstack-usage -MMD -MP -MF"Core/Src/yann.d" -MT"Core/Src/yann.o" --specs=nano.specs -mfpu=fpv4-sp-d16 -mfloat-abi=hard -mthumb -o "Core/Src/yann.o"
../Core/Src/main.c: In function 'main':
../Core/Src/main.c:124:5: warning: implicit declaration of function 'changing' [-Wimplicit-function-declaration]
  124 |     changing(etat, &huart2);//fonction qui change l'etat dans Yann.c
      |     ^~~~~~~~
arm-none-eabi-g++ -o "1DOF_Bench.elf" @"objects.list"   -mcpu=cortex-m4 -T"C:\Users\AXEL NDO\Documents\master 1 SRD\test\Stage_1DOF_DroneBench\05_CubeIDE\1DOF_Bench\STM32L476RGTX_FLASH.ld" --specs=nosys.specs -Wl,-Map="1DOF_Bench.map" -Wl,--gc-sections -static --specs=nano.specs -mfpu=fpv4-sp-d16 -mfloat-abi=hard -mthumb -Wl,--start-group -lc -lm -lstdc++ -lsupc++ -Wl,--end-group
d:\stm32\stm32cubeide_1.8.0\stm32cubeide\plugins\com.st.stm32cube.ide.mcu.externaltools.gnu-tools-for-stm32.9-2020-q2-update.win32_2.0.0.202105311346\tools\arm-none-eabi\bin\ld.exe: ./Core/Src/main.o: in function `main':
C:/Users/AXEL NDO/Documents/master 1 SRD/test/Stage_1DOF_DroneBench/05_CubeIDE/1DOF_Bench/Debug/../Core/Src/main.c:124: undefined reference to `changing'
collect2.exe: error: ld returned 1 exit status
make: *** [makefile:79: 1DOF_Bench.elf] Error 1
"make -j4 all" terminated with exit code 2. Build might be incomplete.
16:07:07 **** Incremental Build of configuration Debug for project 1DOF_Bench ****
make -j4 all 
arm-none-eabi-gcc "../Core/Src/main.c" -mcpu=cortex-m4 -std=gnu11 -g3 -DDEBUG -DUSE_HAL_DRIVER -DSTM32L476xx -c -I../Core/Inc -I../Drivers/STM32L4xx_HAL_Driver/Inc -I../Drivers/STM32L4xx_HAL_Driver/Inc/Legacy -I../Drivers/CMSIS/Device/ST/STM32L4xx/Include -I../Drivers/CMSIS/Include -O0 -ffunction-sections -fdata-sections -Wall -fstack-usage -MMD -MP -MF"Core/Src/main.d" -MT"Core/Src/main.o" --specs=nano.specs -mfpu=fpv4-sp-d16 -mfloat-abi=hard -mthumb -o "Core/Src/main.o"
arm-none-eabi-g++ -o "1DOF_Bench.elf" @"objects.list"   -mcpu=cortex-m4 -T"C:\Users\AXEL NDO\Documents\master 1 SRD\test\Stage_1DOF_DroneBench\05_CubeIDE\1DOF_Bench\STM32L476RGTX_FLASH.ld" --specs=nosys.specs -Wl,-Map="1DOF_Bench.map" -Wl,--gc-sections -static --specs=nano.specs -mfpu=fpv4-sp-d16 -mfloat-abi=hard -mthumb -Wl,--start-group -lc -lm -lstdc++ -lsupc++ -Wl,--end-group
Finished building target: 1DOF_Bench.elf
 
arm-none-eabi-size   1DOF_Bench.elf 
arm-none-eabi-objdump -h -S  1DOF_Bench.elf  > "1DOF_Bench.list"
arm-none-eabi-objcopy  -O binary  1DOF_Bench.elf  "1DOF_Bench.bin"
   text	   data	    bss	    dec	    hex	filename
  22616	     20	   1884	  24520	   5fc8	1DOF_Bench.elf
Finished building: default.size.stdout
 
Finished building: 1DOF_Bench.bin
 
Finished building: 1DOF_Bench.list
 
16:09:52 **** Incremental Build of configuration Debug for project 1DOF_Bench ****
make -j4 all 
arm-none-eabi-gcc "../Core/Src/main.c" -mcpu=cortex-m4 -std=gnu11 -g3 -DDEBUG -DUSE_HAL_DRIVER -DSTM32L476xx -c -I../Core/Inc -I../Drivers/STM32L4xx_HAL_Driver/Inc -I../Drivers/STM32L4xx_HAL_Driver/Inc/Legacy -I../Drivers/CMSIS/Device/ST/STM32L4xx/Include -I../Drivers/CMSIS/Include -O0 -ffunction-sections -fdata-sections -Wall -fstack-usage -MMD -MP -MF"Core/Src/main.d" -MT"Core/Src/main.o" --specs=nano.specs -mfpu=fpv4-sp-d16 -mfloat-abi=hard -mthumb -o "Core/Src/main.o"
arm-none-eabi-gcc "../Core/Src/yann.c" -mcpu=cortex-m4 -std=gnu11 -g3 -DDEBUG -DUSE_HAL_DRIVER -DSTM32L476xx -c -I../Core/Inc -I../Drivers/STM32L4xx_HAL_Driver/Inc -I../Drivers/STM32L4xx_HAL_Driver/Inc/Legacy -I../Drivers/CMSIS/Device/ST/STM32L4xx/Include -I../Drivers/CMSIS/Include -O0 -ffunction-sections -fdata-sections -Wall -fstack-usage -MMD -MP -MF"Core/Src/yann.d" -MT"Core/Src/yann.o" --specs=nano.specs -mfpu=fpv4-sp-d16 -mfloat-abi=hard -mthumb -o "Core/Src/yann.o"
arm-none-eabi-g++ -o "1DOF_Bench.elf" @"objects.list"   -mcpu=cortex-m4 -T"C:\Users\AXEL NDO\Documents\master 1 SRD\test\Stage_1DOF_DroneBench\05_CubeIDE\1DOF_Bench\STM32L476RGTX_FLASH.ld" --specs=nosys.specs -Wl,-Map="1DOF_Bench.map" -Wl,--gc-sections -static --specs=nano.specs -mfpu=fpv4-sp-d16 -mfloat-abi=hard -mthumb -Wl,--start-group -lc -lm -lstdc++ -lsupc++ -Wl,--end-group
Finished building target: 1DOF_Bench.elf
 
arm-none-eabi-size   1DOF_Bench.elf 
arm-none-eabi-objdump -h -S  1DOF_Bench.elf  > "1DOF_Bench.list"
arm-none-eabi-objcopy  -O binary  1DOF_Bench.elf  "1DOF_Bench.bin"
   text	   data	    bss	    dec	    hex	filename
  22636	     20	   1884	  24540	   5fdc	1DOF_Bench.elf
Finished building: default.size.stdout
 
Finished building: 1DOF_Bench.bin
 
Finished building: 1DOF_Bench.list
 
16:10:08 **** Incremental Build of configuration Debug for project 1DOF_Bench ****
make -j4 all 
arm-none-eabi-size   1DOF_Bench.elf 
   text	   data	    bss	    dec	    hex	filename
  22636	     20	   1884	  24540	   5fdc	1DOF_Bench.elf
Finished building: default.size.stdout
 
16:11:20 **** Incremental Build of configuration Debug for project 1DOF_Bench ****
make -j4 all 
arm-none-eabi-gcc "../Core/Src/main.c" -mcpu=cortex-m4 -std=gnu11 -g3 -DDEBUG -DUSE_HAL_DRIVER -DSTM32L476xx -c -I../Core/Inc -I../Drivers/STM32L4xx_HAL_Driver/Inc -I../Drivers/STM32L4xx_HAL_Driver/Inc/Legacy -I../Drivers/CMSIS/Device/ST/STM32L4xx/Include -I../Drivers/CMSIS/Include -O0 -ffunction-sections -fdata-sections -Wall -fstack-usage -MMD -MP -MF"Core/Src/main.d" -MT"Core/Src/main.o" --specs=nano.specs -mfpu=fpv4-sp-d16 -mfloat-abi=hard -mthumb -o "Core/Src/main.o"
arm-none-eabi-g++ -o "1DOF_Bench.elf" @"objects.list"   -mcpu=cortex-m4 -T"C:\Users\AXEL NDO\Documents\master 1 SRD\test\Stage_1DOF_DroneBench\05_CubeIDE\1DOF_Bench\STM32L476RGTX_FLASH.ld" --specs=nosys.specs -Wl,-Map="1DOF_Bench.map" -Wl,--gc-sections -static --specs=nano.specs -mfpu=fpv4-sp-d16 -mfloat-abi=hard -mthumb -Wl,--start-group -lc -lm -lstdc++ -lsupc++ -Wl,--end-group
Finished building target: 1DOF_Bench.elf
 
arm-none-eabi-size   1DOF_Bench.elf 
arm-none-eabi-objdump -h -S  1DOF_Bench.elf  > "1DOF_Bench.list"
arm-none-eabi-objcopy  -O binary  1DOF_Bench.elf  "1DOF_Bench.bin"
   text	   data	    bss	    dec	    hex	filename
  22636	     20	   1884	  24540	   5fdc	1DOF_Bench.elf
Finished building: default.size.stdout
 
Finished building: 1DOF_Bench.bin
 
Finished building: 1DOF_Bench.list
 
16:14:29 **** Incremental Build of configuration Debug for project 1DOF_Bench ****
make -j4 all 
arm-none-eabi-gcc "../Core/Src/main.c" -mcpu=cortex-m4 -std=gnu11 -g3 -DDEBUG -DUSE_HAL_DRIVER -DSTM32L476xx -c -I../Core/Inc -I../Drivers/STM32L4xx_HAL_Driver/Inc -I../Drivers/STM32L4xx_HAL_Driver/Inc/Legacy -I../Drivers/CMSIS/Device/ST/STM32L4xx/Include -I../Drivers/CMSIS/Include -O0 -ffunction-sections -fdata-sections -Wall -fstack-usage -MMD -MP -MF"Core/Src/main.d" -MT"Core/Src/main.o" --specs=nano.specs -mfpu=fpv4-sp-d16 -mfloat-abi=hard -mthumb -o "Core/Src/main.o"
arm-none-eabi-g++ -o "1DOF_Bench.elf" @"objects.list"   -mcpu=cortex-m4 -T"C:\Users\AXEL NDO\Documents\master 1 SRD\test\Stage_1DOF_DroneBench\05_CubeIDE\1DOF_Bench\STM32L476RGTX_FLASH.ld" --specs=nosys.specs -Wl,-Map="1DOF_Bench.map" -Wl,--gc-sections -static --specs=nano.specs -mfpu=fpv4-sp-d16 -mfloat-abi=hard -mthumb -Wl,--start-group -lc -lm -lstdc++ -lsupc++ -Wl,--end-group
Finished building target: 1DOF_Bench.elf
 
arm-none-eabi-size   1DOF_Bench.elf 
arm-none-eabi-objdump -h -S  1DOF_Bench.elf  > "1DOF_Bench.list"
arm-none-eabi-objcopy  -O binary  1DOF_Bench.elf  "1DOF_Bench.bin"
   text	   data	    bss	    dec	    hex	filename
  22536	     20	   1884	  24440	   5f78	1DOF_Bench.elf
Finished building: default.size.stdout
 
Finished building: 1DOF_Bench.bin
 
Finished building: 1DOF_Bench.list
 
16:16:21 **** Incremental Build of configuration Debug for project 1DOF_Bench ****
make -j4 all 
arm-none-eabi-gcc "../Core/Src/yann.c" -mcpu=cortex-m4 -std=gnu11 -g3 -DDEBUG -DUSE_HAL_DRIVER -DSTM32L476xx -c -I../Core/Inc -I../Drivers/STM32L4xx_HAL_Driver/Inc -I../Drivers/STM32L4xx_HAL_Driver/Inc/Legacy -I../Drivers/CMSIS/Device/ST/STM32L4xx/Include -I../Drivers/CMSIS/Include -O0 -ffunction-sections -fdata-sections -Wall -fstack-usage -MMD -MP -MF"Core/Src/yann.d" -MT"Core/Src/yann.o" --specs=nano.specs -mfpu=fpv4-sp-d16 -mfloat-abi=hard -mthumb -o "Core/Src/yann.o"
arm-none-eabi-g++ -o "1DOF_Bench.elf" @"objects.list"   -mcpu=cortex-m4 -T"C:\Users\AXEL NDO\Documents\master 1 SRD\test\Stage_1DOF_DroneBench\05_CubeIDE\1DOF_Bench\STM32L476RGTX_FLASH.ld" --specs=nosys.specs -Wl,-Map="1DOF_Bench.map" -Wl,--gc-sections -static --specs=nano.specs -mfpu=fpv4-sp-d16 -mfloat-abi=hard -mthumb -Wl,--start-group -lc -lm -lstdc++ -lsupc++ -Wl,--end-group
Finished building target: 1DOF_Bench.elf
 
arm-none-eabi-size   1DOF_Bench.elf 
arm-none-eabi-objdump -h -S  1DOF_Bench.elf  > "1DOF_Bench.list"
arm-none-eabi-objcopy  -O binary  1DOF_Bench.elf  "1DOF_Bench.bin"
   text	   data	    bss	    dec	    hex	filename
  22596	     20	   1884	  24500	   5fb4	1DOF_Bench.elf
Finished building: default.size.stdout
 
Finished building: 1DOF_Bench.bin
 
Finished building: 1DOF_Bench.list
 
16:16:42 **** Incremental Build of configuration Debug for project 1DOF_Bench ****
make -j4 all 
arm-none-eabi-size   1DOF_Bench.elf 
   text	   data	    bss	    dec	    hex	filename
  22596	     20	   1884	  24500	   5fb4	1DOF_Bench.elf
Finished building: default.size.stdout
 
16:18:00 **** Incremental Build of configuration Debug for project 1DOF_Bench ****
make -j4 all 
arm-none-eabi-gcc "../Core/Src/yann.c" -mcpu=cortex-m4 -std=gnu11 -g3 -DDEBUG -DUSE_HAL_DRIVER -DSTM32L476xx -c -I../Core/Inc -I../Drivers/STM32L4xx_HAL_Driver/Inc -I../Drivers/STM32L4xx_HAL_Driver/Inc/Legacy -I../Drivers/CMSIS/Device/ST/STM32L4xx/Include -I../Drivers/CMSIS/Include -O0 -ffunction-sections -fdata-sections -Wall -fstack-usage -MMD -MP -MF"Core/Src/yann.d" -MT"Core/Src/yann.o" --specs=nano.specs -mfpu=fpv4-sp-d16 -mfloat-abi=hard -mthumb -o "Core/Src/yann.o"
arm-none-eabi-g++ -o "1DOF_Bench.elf" @"objects.list"   -mcpu=cortex-m4 -T"C:\Users\AXEL NDO\Documents\master 1 SRD\test\Stage_1DOF_DroneBench\05_CubeIDE\1DOF_Bench\STM32L476RGTX_FLASH.ld" --specs=nosys.specs -Wl,-Map="1DOF_Bench.map" -Wl,--gc-sections -static --specs=nano.specs -mfpu=fpv4-sp-d16 -mfloat-abi=hard -mthumb -Wl,--start-group -lc -lm -lstdc++ -lsupc++ -Wl,--end-group
Finished building target: 1DOF_Bench.elf
 
arm-none-eabi-size   1DOF_Bench.elf 
arm-none-eabi-objdump -h -S  1DOF_Bench.elf  > "1DOF_Bench.list"
arm-none-eabi-objcopy  -O binary  1DOF_Bench.elf  "1DOF_Bench.bin"
   text	   data	    bss	    dec	    hex	filename
  22536	     20	   1884	  24440	   5f78	1DOF_Bench.elf
Finished building: default.size.stdout
 
Finished building: 1DOF_Bench.bin
 
Finished building: 1DOF_Bench.list
 
16:18:54 **** Incremental Build of configuration Debug for project 1DOF_Bench ****
make -j4 all 
arm-none-eabi-gcc "../Core/Src/main.c" -mcpu=cortex-m4 -std=gnu11 -g3 -DDEBUG -DUSE_HAL_DRIVER -DSTM32L476xx -c -I../Core/Inc -I../Drivers/STM32L4xx_HAL_Driver/Inc -I../Drivers/STM32L4xx_HAL_Driver/Inc/Legacy -I../Drivers/CMSIS/Device/ST/STM32L4xx/Include -I../Drivers/CMSIS/Include -O0 -ffunction-sections -fdata-sections -Wall -fstack-usage -MMD -MP -MF"Core/Src/main.d" -MT"Core/Src/main.o" --specs=nano.specs -mfpu=fpv4-sp-d16 -mfloat-abi=hard -mthumb -o "Core/Src/main.o"
arm-none-eabi-g++ -o "1DOF_Bench.elf" @"objects.list"   -mcpu=cortex-m4 -T"C:\Users\AXEL NDO\Documents\master 1 SRD\test\Stage_1DOF_DroneBench\05_CubeIDE\1DOF_Bench\STM32L476RGTX_FLASH.ld" --specs=nosys.specs -Wl,-Map="1DOF_Bench.map" -Wl,--gc-sections -static --specs=nano.specs -mfpu=fpv4-sp-d16 -mfloat-abi=hard -mthumb -Wl,--start-group -lc -lm -lstdc++ -lsupc++ -Wl,--end-group
Finished building target: 1DOF_Bench.elf
 
arm-none-eabi-size   1DOF_Bench.elf 
arm-none-eabi-objdump -h -S  1DOF_Bench.elf  > "1DOF_Bench.list"
arm-none-eabi-objcopy  -O binary  1DOF_Bench.elf  "1DOF_Bench.bin"
   text	   data	    bss	    dec	    hex	filename
  22624	     20	   1884	  24528	   5fd0	1DOF_Bench.elf
Finished building: default.size.stdout
 
Finished building: 1DOF_Bench.bin
 
Finished building: 1DOF_Bench.list
 
16:19:12 **** Incremental Build of configuration Debug for project 1DOF_Bench ****
make -j4 all 
arm-none-eabi-size   1DOF_Bench.elf 
   text	   data	    bss	    dec	    hex	filename
  22624	     20	   1884	  24528	   5fd0	1DOF_Bench.elf
Finished building: default.size.stdout
 
